--------- beginning of crash
08-09 22:31:05.200  3436  3436 F libc    : Fatal signal 6 (SIGABRT), code -1 (SI_QUEUE) in tid 3436 (init), pid 3436 (init)
08-09 22:31:05.271  3436  3436 F libc    : crash_dump helper failed to exec
--------- beginning of system
08-10 23:46:22.137  2089  4936 I chatty  : uid=1000(system) Binder:2089_1B expire 1 line
08-10 23:46:24.611  2089  2247 I chatty  : uid=1000(system) batterystats-wo expire 37 lines
08-10 23:46:30.210  2089  2275 I chatty  : uid=1000(system) PowerManagerSer expire 21 lines
08-10 23:46:32.244  2089  2089 I chatty  : uid=1000 system_server expire 12 lines
08-10 23:46:32.798  2089  2128 I chatty  : uid=1000(system) android.display expire 10 lines
08-10 23:46:32.875  2089  2662 I chatty  : uid=1000(system) ConnectivitySer expire 6 lines
08-10 23:46:33.048  2089  2124 I chatty  : uid=1000(system) android.fg expire 6 lines
08-10 23:46:33.260  2089  4975 I chatty  : uid=1000(system) Binder:2089_1C expire 3 lines
08-10 23:46:33.304  2089  2129 I chatty  : uid=1000(system) android.anim expire 3 lines
08-10 23:46:33.397  2089  2795 I chatty  : uid=1000(system) Binder:2089_6 expire 3 lines
08-10 23:46:33.411  2089  2126 I chatty  : uid=1000(system) android.ui expire 4 lines
08-10 23:46:33.519  2089  2967 I chatty  : uid=1000(system) Binder:2089_9 expire 2 lines
08-10 23:46:37.436  2089  2464 I chatty  : uid=1000(system) UEventObserver expire 2 lines
08-10 23:46:39.784  2089  4296 I chatty  : uid=1000(system) Binder:2089_D expire 5 lines
08-10 23:46:47.674  2746 16465 V FingerprintManager: onAuthenticationSucceeded
08-10 23:46:47.676  2746  2746 V FingerprintManager: handleMessage:successed
08-10 23:46:47.691  2089  2275 I chatty  : uid=1000(system) PowerManagerSer expire 4 lines
08-10 23:46:47.695  2089  2089 I chatty  : uid=1000 system_server expire 6 lines
08-10 23:46:47.787  2089  7118 I chatty  : uid=1000(system) Binder:2089_1F expire 1 line
08-10 23:46:47.808  2089  2208 I chatty  : uid=1000(system) ActivityManager expire 7 lines
08-10 23:46:47.935  2089  2785 I chatty  : uid=1000(system) Binder:2089_5 expire 1 line
08-10 23:46:47.969  2746  2746 V MotoFingerprintManager: showFodIndicator show:false by (com.android.systemui)
08-10 23:46:47.981  2089  2128 I chatty  : uid=1000(system) android.display expire 3 lines
08-10 23:46:48.092  2089  4403 I chatty  : uid=1000(system) Binder:2089_18 expire 1 line
08-10 23:46:48.448  2089  2207 I chatty  : uid=1000(system) android.bg expire 1 line
08-10 23:46:50.327  2089  2247 I chatty  : uid=1000(system) batterystats-wo expire 18 lines
08-10 23:47:10.199  2089  2129 I chatty  : uid=1000(system) android.anim expire 29 lines
08-10 23:47:19.562  2089  2128 I chatty  : uid=1000(system) android.display expire 17 lines
08-10 23:47:36.875  2089  4403 I chatty  : uid=1000(system) Binder:2089_18 expire 7 lines
08-10 23:47:40.030  2089  2464 I chatty  : uid=1000(system) UEventObserver expire 7 lines
08-10 23:47:40.095  2089  2208 I chatty  : uid=1000(system) ActivityManager expire 2 lines
08-10 23:47:40.096  2089  2210 I chatty  : uid=1000(system) ActivityManager expire 2 lines
08-10 23:47:43.046  2089  2795 I chatty  : uid=1000(system) Binder:2089_6 expire 5 lines
08-10 23:47:43.063  2089  2089 I chatty  : uid=1000 system_server expire 48 lines
08-10 23:47:43.088  2089  4322 I chatty  : uid=1000(system) Binder:2089_13 expire 1 line
08-10 23:47:51.476  2089  4296 I chatty  : uid=1000(system) Binder:2089_D expire 2 lines
08-10 23:47:51.574  2089  4413 I chatty  : uid=1000(system) Binder:2089_1A expire 1 line
08-10 23:47:51.575  2089  2662 I chatty  : uid=1000(system) ConnectivitySer expire 1 line
08-10 23:47:55.836  2089  2785 I chatty  : uid=1000(system) Binder:2089_5 expire 9 lines
08-10 23:48:16.464  2089  4325 I chatty  : uid=1000(system) Binder:2089_14 expire 2 lines
08-10 23:48:16.672  2089  4936 I chatty  : uid=1000(system) Binder:2089_1B expire 1 line
08-10 23:49:11.550  2089  2110 I chatty  : uid=1000(system) Binder:2089_2 expire 17 lines
08-10 23:49:36.591  2089  4321 I chatty  : uid=1000(system) Binder:2089_12 expire 1 line
08-10 23:50:08.405  2089  2129 I chatty  : uid=1000(system) android.anim expire 33 lines
08-10 23:50:31.165  2089  2128 I chatty  : uid=1000(system) android.display expire 5 lines
08-10 23:50:47.839  2089  2464 I chatty  : uid=1000(system) UEventObserver expire 2 lines
08-10 23:50:58.360  2089  2110 I chatty  : uid=1000(system) Binder:2089_2 expire 3 lines
08-10 23:50:58.395  2089  4936 I chatty  : uid=1000(system) Binder:2089_1B expire 2 lines
08-10 23:51:08.477  2089  2967 I chatty  : uid=1000(system) Binder:2089_9 expire 10 lines
08-10 23:51:13.488  2089  4296 I chatty  : uid=1000(system) Binder:2089_D expire 9 lines
08-10 23:51:13.491  2089  2785 I chatty  : uid=1000(system) Binder:2089_5 expire 5 lines
08-10 23:51:13.525  2089  2208 I chatty  : uid=1000(system) ActivityManager expire 2 lines
08-10 23:51:13.526  2089  2210 I chatty  : uid=1000(system) ActivityManager expire 4 lines
08-10 23:51:15.580  2089  4403 I chatty  : uid=1000(system) Binder:2089_18 expire 5 lines
08-10 23:51:24.577  2089  2795 I chatty  : uid=1000(system) Binder:2089_6 expire 5 lines
08-10 23:51:25.157  2089  4325 I chatty  : uid=1000(system) Binder:2089_14 expire 2 lines
08-10 23:51:27.742  2089  4402 I chatty  : uid=1000(system) Binder:2089_17 expire 5 lines
08-10 23:51:28.379  2089  4413 I chatty  : uid=1000(system) Binder:2089_1A expire 1 line
08-10 23:51:28.438  2089  2089 I chatty  : uid=1000 system_server expire 46 lines
08-10 23:51:28.536  2089  2662 I chatty  : uid=1000(system) ConnectivitySer expire 33 lines
08-10 23:51:28.542  2089  4297 I chatty  : uid=1000(system) Binder:2089_E expire 4 lines
08-10 23:51:28.643  2089  4322 I chatty  : uid=1000(system) Binder:2089_13 expire 1 line
08-10 23:51:31.535  2089  2779 I chatty  : uid=1000(system) HwBinder:2089_4 expire 2 lines
08-10 23:51:38.200  2089  4412 I chatty  : uid=1000(system) Binder:2089_19 expire 1 line
08-10 23:51:38.640  2089  2966 I chatty  : uid=1000(system) Binder:2089_8 expire 3 lines
08-10 23:51:42.287  2089  2779 I chatty  : uid=1000(system) HwBinder:2089_4 expire 1 line
08-10 23:51:42.824  2089  4412 I chatty  : uid=1000(system) Binder:2089_19 expire 5 lines
08-10 23:51:43.788  2089  4297 I chatty  : uid=1000(system) Binder:2089_E expire 2 lines
08-10 23:51:43.794  2089  2210 I chatty  : uid=1000(system) ActivityManager expire 8 lines
08-10 23:51:43.813  2089  4322 I chatty  : uid=1000(system) Binder:2089_13 expire 2 lines
08-10 23:51:43.832  2089  4936 I chatty  : uid=1000(system) Binder:2089_1B expire 1 line
08-10 23:51:43.897  2089  2129 I chatty  : uid=1000(system) android.anim expire 24 lines
08-10 23:51:44.126  2089  4317 I chatty  : uid=1000(system) Binder:2089_10 expire 3 lines
08-10 23:51:44.127  2089  2460 I chatty  : uid=1000(system) Binder:2089_4 expire 7 lines
08-10 23:51:44.129  2089  2662 I chatty  : uid=1000(system) ConnectivitySer expire 7 lines
08-10 23:51:44.134  2089  2128 I chatty  : uid=1000(system) android.display expire 21 lines
08-10 23:51:44.250  2089  2109 I chatty  : uid=1000(system) Binder:2089_1 expire 5 lines
08-10 23:51:44.451  2089  2459 I chatty  : uid=1000(system) Binder:2089_3 expire 2 lines
08-10 23:51:45.130  2089  2208 I chatty  : uid=1000(system) ActivityManager expire 2 lines
08-10 23:51:45.177  2089  4402 I chatty  : uid=1000(system) Binder:2089_17 expire 2 lines
08-10 23:51:45.381  6820  6820 I ActivityThread: handleStopService: token=android.os.BinderProxy@d2832cc not found.
08-10 23:51:45.448  2089  7147 I chatty  : uid=1000(system) Binder:2089_20 expire 1 line
08-10 23:51:45.452  2089  3107 I chatty  : uid=1000(system) Binder:2089_B expire 6 lines
08-10 23:51:45.499  2089  2247 I chatty  : uid=1000(system) batterystats-wo expire 12 lines
08-10 23:51:50.446  2089  2464 I chatty  : uid=1000(system) UEventObserver expire 6 lines
08-10 23:51:57.943  2089  2089 I chatty  : uid=1000 system_server expire 31 lines
08-10 23:52:03.310  2089  4327 I chatty  : uid=1000(system) Binder:2089_16 expire 5 lines
08-10 23:53:15.178  2089  7118 I chatty  : uid=1000(system) Binder:2089_1F expire 7 lines
08-10 23:53:17.304  2089  4413 I chatty  : uid=1000(system) Binder:2089_1A expire 1 line
08-10 23:53:25.944  2089  2110 I chatty  : uid=1000(system) Binder:2089_2 expire 8 lines
08-10 23:54:03.440  2089  2089 I chatty  : uid=1000 system_server expire 43 lines
08-10 23:54:03.826  2089  2128 I chatty  : uid=1000(system) android.display expire 13 lines
08-10 23:54:37.014  2089  2129 I chatty  : uid=1000(system) android.anim expire 17 lines
08-10 23:54:38.576  2089  2460 I chatty  : uid=1000(system) Binder:2089_4 expire 2 lines
08-10 23:54:58.275  2089  2464 I chatty  : uid=1000(system) UEventObserver expire 4 lines
08-10 23:54:59.556  2089  4327 I chatty  : uid=1000(system) Binder:2089_16 expire 11 lines
08-10 23:54:59.566  2089  2208 I chatty  : uid=1000(system) ActivityManager expire 6 lines
08-10 23:55:53.748  2089  2247 I chatty  : uid=1000(system) batterystats-wo expire 20 lines
08-10 23:56:05.035  2089  7147 I chatty  : uid=1000(system) Binder:2089_20 expire 3 lines
08-10 23:56:05.136  2089  4402 I chatty  : uid=1000(system) Binder:2089_17 expire 2 lines
08-10 23:56:05.782  2089  4317 I chatty  : uid=1000(system) Binder:2089_10 expire 5 lines
08-10 23:56:25.647  2089  2662 I chatty  : uid=1000(system) ConnectivitySer expire 16 lines
08-10 23:56:27.320  2089  2515 I chatty  : uid=1000(system) AlarmManager expire 2 lines
08-10 23:56:27.483  2089  2210 I chatty  : uid=1000(system) ActivityManager expire 8 lines
08-10 23:56:29.140  2089  2124 I chatty  : uid=1000(system) android.fg expire 2 lines
08-10 23:56:29.208  2089  7117 I chatty  : uid=1000(system) Binder:2089_1E expire 3 lines
08-10 23:56:29.342  2089  2207 I chatty  : uid=1000(system) android.bg expire 13 lines
08-10 23:56:44.158  2089  2785 I chatty  : uid=1000(system) Binder:2089_5 expire 1 line
08-10 23:56:44.182  2089  4413 I chatty  : uid=1000(system) Binder:2089_1A expire 1 line
08-10 23:56:44.182  2089  2459 I chatty  : uid=1000(system) Binder:2089_3 expire 1 line
08-10 23:56:44.182  2089  4296 I chatty  : uid=1000(system) Binder:2089_D expire 1 line
08-10 23:56:44.183  2089  4321 I chatty  : uid=1000(system) Binder:2089_12 expire 1 line
08-10 23:56:44.185  2089  5430 I chatty  : uid=1000(system) Binder:2089_1D expire 2 lines
08-10 23:56:44.186  2089  2662 I chatty  : uid=1000(system) ConnectivitySer expire 8 lines
08-10 23:56:58.742  2089  2275 I chatty  : uid=1000(system) PowerManagerSer expire 17 lines
08-10 23:57:01.176  2089  2464 I chatty  : uid=1000(system) UEventObserver expire 2 lines
08-10 23:57:05.756  2089  2089 I chatty  : uid=1000 system_server expire 20 lines
08-10 23:57:06.290  2089  2247 I chatty  : uid=1000(system) batterystats-wo expire 50 lines
08-10 23:57:06.332  2089  2128 I chatty  : uid=1000(system) android.display expire 9 lines
08-10 23:57:06.568  2089  2124 I chatty  : uid=1000(system) android.fg expire 9 lines
08-10 23:57:06.725  2089  2129 I chatty  : uid=1000(system) android.anim expire 8 lines
08-10 23:57:06.759  2089  4936 I chatty  : uid=1000(system) Binder:2089_1B expire 4 lines
08-10 23:57:06.815  2089  4320 I chatty  : uid=1000(system) Binder:2089_11 expire 2 lines
08-10 23:57:06.837  2089  3106 I chatty  : uid=1000(system) Binder:2089_A expire 2 lines
08-10 23:57:07.026  2089  2110 I chatty  : uid=1000(system) Binder:2089_2 expire 3 lines
08-10 23:57:07.095  2089  2210 I chatty  : uid=1000(system) ActivityManager expire 6 lines
08-10 23:57:07.097  2089  4403 I chatty  : uid=1000(system) Binder:2089_18 expire 3 lines
08-10 23:57:11.196  2089  2126 I chatty  : uid=1000(system) android.ui expire 2 lines
08-10 23:57:11.255  2089  4975 I chatty  : uid=1000(system) Binder:2089_1C expire 2 lines
08-10 23:57:11.414  2089  2207 I chatty  : uid=1000(system) android.bg expire 1 line
08-10 23:57:12.289  2089  4412 I chatty  : uid=1000(system) Binder:2089_19 expire 1 line
08-10 23:57:14.065  2746 11961 V FingerprintManager: onAuthenticationSucceeded
08-10 23:57:14.066  2746  2746 V FingerprintManager: handleMessage:successed
08-10 23:57:14.090  2089  4321 I chatty  : uid=1000(system) Binder:2089_12 expire 1 line
08-10 23:57:14.193  2746  2746 V MotoFingerprintManager: showFodIndicator show:false by (com.android.systemui)
08-10 23:57:14.206  2089  2208 I chatty  : uid=1000(system) ActivityManager expire 7 lines
08-10 23:57:14.222  2089  2109 I chatty  : uid=1000(system) Binder:2089_1 expire 3 lines
08-10 23:57:15.051  2089  2785 I chatty  : uid=1000(system) Binder:2089_5 expire 10 lines
08-10 23:57:17.760  2089  2110 I chatty  : uid=1000(system) Binder:2089_2 expire 5 lines
08-10 23:57:17.794  2089  2129 I chatty  : uid=1000(system) android.anim expire 14 lines
08-10 23:57:18.038  2089  2109 I chatty  : uid=1000(system) Binder:2089_1 expire 8 lines
08-10 23:57:18.086  2089  2662 I chatty  : uid=1000(system) ConnectivitySer expire 25 lines
08-10 23:57:18.108  2089  4936 I chatty  : uid=1000(system) Binder:2089_1B expire 6 lines
08-10 23:57:18.468  2089  2128 I chatty  : uid=1000(system) android.display expire 12 lines
08-10 23:57:18.473  2089  2089 I chatty  : uid=1000 system_server expire 69 lines
08-10 23:57:19.312  2089  2796 I chatty  : uid=1000(system) Binder:2089_7 expire 7 lines
08-10 23:57:19.314  2089  4412 I chatty  : uid=1000(system) Binder:2089_19 expire 4 lines
08-10 23:57:21.426  2089  2779 I chatty  : uid=1000(system) HwBinder:2089_4 expire 1 line
08-10 23:57:22.688  2089  4975 I chatty  : uid=1000(system) Binder:2089_1C expire 4 lines
08-10 23:57:23.746  2089  4403 I chatty  : uid=1000(system) Binder:2089_18 expire 5 lines
08-10 23:57:24.749  2089  2208 I chatty  : uid=1000(system) ActivityManager expire 6 lines
08-10 23:57:24.750  2089  2210 I chatty  : uid=1000(system) ActivityManager expire 15 lines
08-10 23:57:26.563  2089  8758 I chatty  : uid=1000 system_server expire 1 line
08-10 23:57:43.008  2089  2207 I chatty  : uid=1000(system) android.bg expire 1 line
08-10 23:58:02.615  2089  2464 I chatty  : uid=1000(system) UEventObserver expire 3 lines
08-10 23:58:06.126  2089  2247 I chatty  : uid=1000(system) batterystats-wo expire 13 lines
08-10 23:58:19.624  2089  2275 I chatty  : uid=1000(system) PowerManagerSer expire 30 lines
08-10 23:58:27.176  2089  2247 I chatty  : uid=1000(system) batterystats-wo expire 91 lines
08-10 23:58:27.221  2089  2128 I chatty  : uid=1000(system) android.display expire 12 lines
08-10 23:58:27.231  2089  2089 I chatty  : uid=1000 system_server expire 25 lines
08-10 23:58:27.298  2089  2662 I chatty  : uid=1000(system) ConnectivitySer expire 6 lines
08-10 23:58:27.479  2089  2124 I chatty  : uid=1000(system) android.fg expire 4 lines
08-10 23:58:27.611  2089  2129 I chatty  : uid=1000(system) android.anim expire 3 lines
08-10 23:58:27.659  2089  2785 I chatty  : uid=1000(system) Binder:2089_5 expire 2 lines
08-10 23:58:27.722  2089  4295 I chatty  : uid=1000(system) Binder:2089_C expire 3 lines
08-10 23:58:27.741  2089  4320 I chatty  : uid=1000(system) Binder:2089_11 expire 4 lines
08-10 23:58:28.013  2089  2126 I chatty  : uid=1000(system) android.ui expire 5 lines
08-10 23:58:28.088  2089  4296 I chatty  : uid=1000(system) Binder:2089_D expire 2 lines
08-10 23:58:36.354  2089  2459 I chatty  : uid=1000(system) Binder:2089_3 expire 1 line
08-10 23:58:36.494  2089  4412 I chatty  : uid=1000(system) Binder:2089_19 expire 1 line
08-10 23:58:43.539  2089  2464 I chatty  : uid=1000(system) UEventObserver expire 4 lines
08-10 23:59:29.859  2089  2208 I chatty  : uid=1000(system) ActivityManager expire 1 line
08-10 23:59:30.076  2089  2210 I chatty  : uid=1000(system) ActivityManager expire 2 lines
08-10 23:59:30.562  2089  4321 I chatty  : uid=1000(system) Binder:2089_12 expire 2 lines
08-10 23:59:39.878  2089  2247 I chatty  : uid=1000(system) batterystats-wo expire 105 lines
08-10 23:59:39.903  2089  2128 I chatty  : uid=1000(system) android.display expire 6 lines
08-10 23:59:39.903  2089  2126 I chatty  : uid=1000(system) android.ui expire 3 lines
08-10 23:59:39.912  2089  2089 I chatty  : uid=1000 system_server expire 40 lines
08-10 23:59:39.990  2089  2464 I chatty  : uid=1000(system) UEventObserver expire 7 lines
08-10 23:59:40.097  2089  2662 I chatty  : uid=1000(system) ConnectivitySer expire 8 lines
08-10 23:59:46.126  2089  2275 I chatty  : uid=1000(system) PowerManagerSer expire 13 lines
08-10 23:59:46.138  2089  4320 I chatty  : uid=1000(system) Binder:2089_11 expire 1 line
08-11 00:00:01.168  2089  2210 I chatty  : uid=1000(system) ActivityManager expire 4 lines
08-11 00:00:01.242  2089  4297 I chatty  : uid=1000(system) Binder:2089_E expire 3 lines
08-11 00:00:01.244  2089  2208 I chatty  : uid=1000(system) ActivityManager expire 4 lines
08-11 00:00:46.659  2089  4975 I chatty  : uid=1000(system) Binder:2089_1C expire 1 line
08-11 00:00:52.930  2089  2785 I chatty  : uid=1000(system) Binder:2089_5 expire 5 lines
08-11 00:00:55.148  2089  4296 I chatty  : uid=1000(system) Binder:2089_D expire 1 line
08-11 00:01:43.676  2089  4307 I chatty  : uid=1000(system) Binder:2089_F expire 1 line
08-11 00:01:43.735  2089  4936 I chatty  : uid=1000(system) Binder:2089_1B expire 2 lines
08-11 00:01:48.615  2089  2247 I chatty  : uid=1000(system) batterystats-wo expire 29 lines
08-11 00:01:54.416  2089  2464 I chatty  : uid=1000(system) UEventObserver expire 6 lines
08-11 00:02:05.036  2089  2208 I chatty  : uid=1000(system) ActivityManager expire 8 lines
08-11 00:02:13.719  2089  2459 I chatty  : uid=1000(system) Binder:2089_3 expire 6 lines
08-11 00:02:31.961  2089  2110 I chatty  : uid=1000(system) Binder:2089_2 expire 2 lines
08-11 00:02:31.962  2089  2210 I chatty  : uid=1000(system) ActivityManager expire 2 lines
08-11 00:02:32.169  2089  2207 I chatty  : uid=1000(system) android.bg expire 2 lines
08-11 00:03:08.137  2089  4325 I chatty  : uid=1000(system) Binder:2089_14 expire 3 lines
08-11 00:03:16.686  2089  2089 I chatty  : uid=1000 system_server expire 35 lines
08-11 00:03:16.822  2089  2275 I chatty  : uid=1000(system) PowerManagerSer expire 5 lines
08-11 00:03:16.826  2089  4295 I chatty  : uid=1000(system) Binder:2089_C expire 2 lines
08-11 00:03:16.826  2089  2126 I chatty  : uid=1000(system) android.ui expire 3 lines
08-11 00:03:16.858  2089  2128 I chatty  : uid=1000(system) android.display expire 17 lines
08-11 00:03:16.929  2089  2549 I chatty  : uid=1000(system) InputReader expire 2 lines
08-11 00:03:16.985  2089  2785 I chatty  : uid=1000(system) Binder:2089_5 expire 9 lines
08-11 00:03:16.985  2089  2124 I chatty  : uid=1000(system) android.fg expire 4 lines
08-11 00:03:17.001  2089  2129 I chatty  : uid=1000(system) android.anim expire 16 lines
08-11 00:03:17.060  2089  2662 I chatty  : uid=1000(system) ConnectivitySer expire 2 lines
08-11 00:03:17.084  2089  5430 I chatty  : uid=1000(system) Binder:2089_1D expire 2 lines
08-11 00:03:17.964  2746 18454 V FingerprintManager: onAuthenticationSucceeded
08-11 00:03:17.970  2746  2746 V FingerprintManager: handleMessage:successed
08-11 00:03:18.125  2746  2746 V MotoFingerprintManager: showFodIndicator show:false by (com.android.systemui)
08-11 00:03:18.656  2089  4307 I chatty  : uid=1000(system) Binder:2089_F expire 1 line
08-11 00:03:19.242  2089  4317 I chatty  : uid=1000(system) Binder:2089_10 expire 5 lines
08-11 00:03:19.261  2089  4320 I chatty  : uid=1000(system) Binder:2089_11 expire 4 lines
08-11 00:03:19.331  2089  2247 I chatty  : uid=1000(system) batterystats-wo expire 13 lines
08-11 00:03:40.325  2746  2746 V DeadZone: consuming errant click: (94.0,28.0)
08-11 00:03:40.325  2746  2746 V DeadZone: consuming errant click: (94.0,28.0)
08-11 00:03:46.227  2089  2089 I chatty  : uid=1000 system_server expire 102 lines
08-11 00:04:07.235  2089  2128 I chatty  : uid=1000(system) android.display expire 23 lines
08-11 00:04:07.683  2089  2129 I chatty  : uid=1000(system) android.anim expire 46 lines
08-11 00:04:07.757  2089  2785 I chatty  : uid=1000(system) Binder:2089_5 expire 8 lines
08-11 00:04:07.788  2089  4936 I chatty  : uid=1000(system) Binder:2089_1B expire 7 lines
08-11 00:04:08.498  2089  4307 I chatty  : uid=1000(system) Binder:2089_F expire 11 lines
08-11 00:04:08.611  2089  3106 I chatty  : uid=1000(system) Binder:2089_A expire 7 lines
08-11 00:04:18.159  2089  2464 I chatty  : uid=1000(system) UEventObserver expire 6 lines
08-11 00:04:45.954  2089  5430 I chatty  : uid=1000(system) Binder:2089_1D expire 10 lines
08-11 00:05:13.498  2089  4320 I chatty  : uid=1000(system) Binder:2089_11 expire 13 lines
08-11 00:05:13.602  2089  4317 I chatty  : uid=1000(system) Binder:2089_10 expire 6 lines
08-11 00:05:23.471  2089  2210 I chatty  : uid=1000(system) ActivityManager expire 4 lines
08-11 00:05:23.977  2089  4402 I chatty  : uid=1000(system) Binder:2089_17 expire 2 lines
08-11 00:05:35.898  2089  2247 I chatty  : uid=1000(system) batterystats-wo expire 13 lines
08-11 00:05:44.786  2089  4295 I chatty  : uid=1000(system) Binder:2089_C expire 1 line
08-11 00:05:45.897  2089  2795 I chatty  : uid=1000(system) Binder:2089_6 expire 3 lines
08-11 00:07:11.288  2089  2275 I chatty  : uid=1000(system) PowerManagerSer expire 3 lines
08-11 00:07:11.844  2089  2662 I chatty  : uid=1000(system) ConnectivitySer expire 10 lines
08-11 00:07:18.295  2089  2089 I chatty  : uid=1000 system_server expire 29 lines
08-11 00:07:18.359  2089  2275 I chatty  : uid=1000(system) PowerManagerSer expire 17 lines
08-11 00:07:18.840  2089  2247 I chatty  : uid=1000(system) batterystats-wo expire 52 lines
08-11 00:07:18.893  2089  2128 I chatty  : uid=1000(system) android.display expire 10 lines
08-11 00:07:19.143  2089  2124 I chatty  : uid=1000(system) android.fg expire 4 lines
08-11 00:07:19.287  2089  2129 I chatty  : uid=1000(system) android.anim expire 3 lines
08-11 00:07:19.354  2089  5430 I chatty  : uid=1000(system) Binder:2089_1D expire 2 lines
08-11 00:07:19.423  2089  2459 I chatty  : uid=1000(system) Binder:2089_3 expire 12 lines
08-11 00:07:19.624  2089  2785 I chatty  : uid=1000(system) Binder:2089_5 expire 2 lines
08-11 00:07:19.878  2089  4307 I chatty  : uid=1000(system) Binder:2089_F expire 1 line
08-11 00:07:19.928  2089  3106 I chatty  : uid=1000(system) Binder:2089_A expire 1 line
08-11 00:07:19.928  2089  2126 I chatty  : uid=1000(system) android.ui expire 2 lines
08-11 00:07:22.478  2089  2464 I chatty  : uid=1000(system) UEventObserver expire 1 line
08-11 00:07:23.127  2089  2210 I chatty  : uid=1000(system) ActivityManager expire 68 lines
08-11 00:07:24.024  2089  4296 I chatty  : uid=1000(system) Binder:2089_D expire 3 lines
08-11 00:07:24.243  2089  4295 I chatty  : uid=1000(system) Binder:2089_C expire 4 lines
08-11 00:07:24.892  2089  4327 I chatty  : uid=1000(system) Binder:2089_16 expire 3 lines
08-11 00:07:24.946  2089  4402 I chatty  : uid=1000(system) Binder:2089_17 expire 6 lines
08-11 00:07:24.969  2089  2662 I chatty  : uid=1000(system) ConnectivitySer expire 17 lines
08-11 00:07:25.036  2089  2460 I chatty  : uid=1000(system) Binder:2089_4 expire 2 lines
08-11 00:07:25.038  2089  2210 I chatty  : uid=1000(system) ActivityManager expire 22 lines
08-11 00:07:25.234  2089  2109 I chatty  : uid=1000(system) Binder:2089_1 expire 4 lines
08-11 00:07:25.377  2089  4936 I chatty  : uid=1000(system) Binder:2089_1B expire 5 lines
08-11 00:07:28.952  2089  2208 I chatty  : uid=1000(system) ActivityManager expire 3 lines
08-11 00:07:29.373  2089  2785 I chatty  : uid=1000(system) Binder:2089_5 expire 3 lines
08-11 00:07:29.544  2089  2247 I chatty  : uid=1000(system) batterystats-wo expire 65 lines
08-11 00:07:34.464  2089  4413 I chatty  : uid=1000(system) Binder:2089_1A expire 3 lines
08-11 00:08:04.070  2089  2089 I chatty  : uid=1000 system_server expire 17 lines
08-11 00:08:04.263  2089  4296 I chatty  : uid=1000(system) Binder:2089_D expire 5 lines
08-11 00:08:04.318  2089  2275 I chatty  : uid=1000(system) PowerManagerSer expire 16 lines
08-11 00:08:04.321  2089  4317 I chatty  : uid=1000(system) Binder:2089_10 expire 1 line
08-11 00:08:04.321  2089  2126 I chatty  : uid=1000(system) android.ui expire 4 lines
08-11 00:08:04.371  2089  2128 I chatty  : uid=1000(system) android.display expire 6 lines
08-11 00:08:04.865  2089  7147 I chatty  : uid=1000(system) Binder:2089_20 expire 3 lines
08-11 00:08:15.687  2089  2464 I chatty  : uid=1000(system) UEventObserver expire 2 lines
08-11 00:08:19.656  2089  2459 I chatty  : uid=1000(system) Binder:2089_3 expire 3 lines
08-11 00:08:21.506 11617 11617 D ActivityThread: Loading provider contacts;com.android.contacts: com.android.providers.contacts.ContactsProvider2
08-11 00:08:21.721  2089  2247 I chatty  : uid=1000(system) batterystats-wo expire 24 lines
08-11 00:08:22.074  2089  2089 I chatty  : uid=1000 system_server expire 3 lines
08-11 00:08:22.625  2089  2662 I chatty  : uid=1000(system) ConnectivitySer expire 2 lines
08-11 00:08:25.767  2089  4975 I chatty  : uid=1000(system) Binder:2089_1C expire 1 line
08-11 00:08:28.928  2089  2247 I chatty  : uid=1000(system) batterystats-wo expire 107 lines
08-11 00:08:29.043  2089  2662 I chatty  : uid=1000(system) ConnectivitySer expire 7 lines
08-11 00:08:38.357  2089  2089 I chatty  : uid=1000 system_server expire 16 lines
08-11 00:08:38.682  2089  4296 I chatty  : uid=1000(system) Binder:2089_D expire 1 line
08-11 00:08:38.718  2089  2275 I chatty  : uid=1000(system) PowerManagerSer expire 16 lines
08-11 00:08:38.724  2089  4403 I chatty  : uid=1000(system) Binder:2089_18 expire 7 lines
08-11 00:08:38.724  2089  2126 I chatty  : uid=1000(system) android.ui expire 4 lines
08-11 00:08:38.779  2089  2128 I chatty  : uid=1000(system) android.display expire 6 lines
08-11 00:08:38.924  2089  7147 I chatty  : uid=1000(system) Binder:2089_20 expire 6 lines
08-11 00:08:38.925  2089  2210 I chatty  : uid=1000(system) ActivityManager expire 17 lines
08-11 00:08:39.147  2089  2208 I chatty  : uid=1000(system) ActivityManager expire 3 lines
08-11 00:08:45.126  2089  4297 I chatty  : uid=1000(system) Binder:2089_E expire 3 lines
08-11 00:08:51.560  2089  4325 I chatty  : uid=1000(system) Binder:2089_14 expire 2 lines
08-11 00:09:13.683  2089  2207 I chatty  : uid=1000(system) android.bg expire 1 line
08-11 00:09:18.293  2089  2464 I chatty  : uid=1000(system) UEventObserver expire 4 lines
08-11 00:10:19.695  2089  2796 I chatty  : uid=1000(system) Binder:2089_7 expire 6 lines
08-11 00:10:20.448  2089  4413 I chatty  : uid=1000(system) Binder:2089_1A expire 1 line
08-11 00:10:20.678  2089  7118 I chatty  : uid=1000(system) Binder:2089_1F expire 6 lines
08-11 00:11:03.557  2089  4412 I chatty  : uid=1000(system) Binder:2089_19 expire 2 lines
08-11 00:11:10.037  2089  2247 I chatty  : uid=1000(system) batterystats-wo expire 127 lines
08-11 00:11:10.137  2089  2662 I chatty  : uid=1000(system) ConnectivitySer expire 8 lines
08-11 00:11:22.500  2089  4413 I chatty  : uid=1000(system) Binder:2089_1A expire 2 lines
08-11 00:11:23.503  2089  2464 I chatty  : uid=1000(system) UEventObserver expire 6 lines
08-11 00:11:49.762  2089  4297 I chatty  : uid=1000(system) Binder:2089_E expire 8 lines
08-11 00:11:59.496  2089  4325 I chatty  : uid=1000(system) Binder:2089_14 expire 2 lines
08-11 00:12:22.478  2089  2208 I chatty  : uid=1000(system) ActivityManager expire 6 lines
08-11 00:12:26.199  2089  2210 I chatty  : uid=1000(system) ActivityManager expire 2 lines
08-11 00:12:36.915  2089  2089 I chatty  : uid=1000 system_server expire 36 lines
08-11 00:12:37.793  2089  2275 I chatty  : uid=1000(system) PowerManagerSer expire 10 lines
08-11 00:12:37.831  2089  2126 I chatty  : uid=1000(system) android.ui expire 3 lines
08-11 00:12:37.840  2089  2128 I chatty  : uid=1000(system) android.display expire 3 lines
08-11 00:12:56.687  2089  4975 I chatty  : uid=1000(system) Binder:2089_1C expire 1 line
08-11 00:13:36.953  2089  4403 I chatty  : uid=1000(system) Binder:2089_18 expire 2 lines
08-11 00:13:38.107  2089  2247 I chatty  : uid=1000(system) batterystats-wo expire 106 lines
08-11 00:13:38.127  2089  2275 I chatty  : uid=1000(system) PowerManagerSer expire 21 lines
08-11 00:13:38.127  2089  2128 I chatty  : uid=1000(system) android.display expire 13 lines
08-11 00:13:38.132  2089  2126 I chatty  : uid=1000(system) android.ui expire 4 lines
08-11 00:13:38.133  2089  2089 I chatty  : uid=1000 system_server expire 14 lines
08-11 00:13:38.260  2089  2662 I chatty  : uid=1000(system) ConnectivitySer expire 8 lines
08-11 00:13:44.644  2089  4297 I chatty  : uid=1000(system) Binder:2089_E expire 2 lines
08-11 00:13:56.960  2089  4321 I chatty  : uid=1000(system) Binder:2089_12 expire 1 line
08-11 00:14:31.304  2089  2464 I chatty  : uid=1000(system) UEventObserver expire 2 lines
08-11 00:14:53.978  2089  2549 I chatty  : uid=1000(system) InputReader expire 2 lines
08-11 00:14:54.194  2089  7118 I chatty  : uid=1000(system) Binder:2089_1F expire 6 lines
08-11 00:14:54.194  2089  2796 I chatty  : uid=1000(system) Binder:2089_7 expire 1 line
08-11 00:14:54.198  2089  2124 I chatty  : uid=1000(system) android.fg expire 3 lines
08-11 00:14:54.214  2089  2129 I chatty  : uid=1000(system) android.anim expire 3 lines
08-11 00:14:54.275  2089  2210 I chatty  : uid=1000(system) ActivityManager expire 2 lines
08-11 00:14:54.526  2089  4317 I chatty  : uid=1000(system) Binder:2089_10 expire 2 lines
08-11 00:14:55.194  2089  4412 I chatty  : uid=1000(system) Binder:2089_19 expire 1 line
08-11 00:14:56.913  2089  2208 I chatty  : uid=1000(system) ActivityManager expire 1 line
08-11 00:15:06.369  2089  2795 I chatty  : uid=1000(system) Binder:2089_6 expire 3 lines
08-11 00:15:08.605  2089  2247 I chatty  : uid=1000(system) batterystats-wo expire 74 lines
08-11 00:15:15.510  2089  2208 I chatty  : uid=1000(system) ActivityManager expire 2 lines
08-11 00:15:15.512  2089  2210 I chatty  : uid=1000(system) ActivityManager expire 2 lines
08-11 00:15:16.031  2089  2662 I chatty  : uid=1000(system) ConnectivitySer expire 17 lines
08-11 00:15:16.048  2089  4296 I chatty  : uid=1000(system) Binder:2089_D expire 5 lines
08-11 00:15:16.138  2089  4412 I chatty  : uid=1000(system) Binder:2089_19 expire 2 lines
08-11 00:15:16.232  2089  4975 I chatty  : uid=1000(system) Binder:2089_1C expire 1 line
08-11 00:15:16.312  2089  2275 I chatty  : uid=1000(system) PowerManagerSer expire 18 lines
08-11 00:15:16.317  2089  4317 I chatty  : uid=1000(system) Binder:2089_10 expire 1 line
08-11 00:15:16.350  2089  2089 I chatty  : uid=1000 system_server expire 46 lines
08-11 00:15:16.350  2089  2126 I chatty  : uid=1000(system) android.ui expire 4 lines
08-11 00:15:16.354  2089  2128 I chatty  : uid=1000(system) android.display expire 14 lines
08-11 00:15:16.406  2089  3107 I chatty  : uid=1000(system) Binder:2089_B expire 1 line
08-11 00:15:16.708  2089  2124 I chatty  : uid=1000(system) android.fg expire 4 lines
08-11 00:15:16.736  2089  4403 I chatty  : uid=1000(system) Binder:2089_18 expire 2 lines
08-11 00:15:16.748  2089  2129 I chatty  : uid=1000(system) android.anim expire 3 lines
08-11 00:15:18.888  2089  4326 I chatty  : uid=1000(system) Binder:2089_15 expire 2 lines
08-11 00:15:27.474  2089  2459 I chatty  : uid=1000(system) Binder:2089_3 expire 2 lines
08-11 00:15:27.484  2089  4320 I chatty  : uid=1000(system) Binder:2089_11 expire 1 line
08-11 00:15:27.638  2089  4402 I chatty  : uid=1000(system) Binder:2089_17 expire 1 line
08-11 00:15:29.762  2089  2247 I chatty  : uid=1000(system) batterystats-wo expire 107 lines
08-11 00:15:33.903  2089  2464 I chatty  : uid=1000(system) UEventObserver expire 6 lines
08-11 00:15:34.669  2089  2275 I chatty  : uid=1000(system) PowerManagerSer expire 16 lines
08-11 00:15:34.705  2089  2128 I chatty  : uid=1000(system) android.display expire 4 lines
08-11 00:15:34.708  2089  2459 I chatty  : uid=1000(system) Binder:2089_3 expire 5 lines
08-11 00:15:34.712  2089  2089 I chatty  : uid=1000 system_server expire 20 lines
08-11 00:15:34.844  2089  2662 I chatty  : uid=1000(system) ConnectivitySer expire 9 lines
08-11 00:15:38.062  2089  2210 I chatty  : uid=1000(system) ActivityManager expire 11 lines
08-11 00:15:54.071  2089  4326 I chatty  : uid=1000(system) Binder:2089_15 expire 2 lines
08-11 00:15:54.458  2089  4413 I chatty  : uid=1000(system) Binder:2089_1A expire 1 line
08-11 00:15:54.461  2089  4412 I chatty  : uid=1000(system) Binder:2089_19 expire 3 lines
08-11 00:15:54.472  2089  3107 I chatty  : uid=1000(system) Binder:2089_B expire 5 lines
08-11 00:16:01.245  2089  2208 I chatty  : uid=1000(system) ActivityManager expire 1 line
08-11 00:16:06.838  2089  4320 I chatty  : uid=1000(system) Binder:2089_11 expire 1 line
08-11 00:16:06.838  2089  2126 I chatty  : uid=1000(system) android.ui expire 2 lines
08-11 00:17:32.412  2089  5430 I chatty  : uid=1000(system) Binder:2089_1D expire 1 line
08-11 00:17:32.460  2089  2247 I chatty  : uid=1000(system) batterystats-wo expire 105 lines
08-11 00:17:32.464  2089  3107 I chatty  : uid=1000(system) Binder:2089_B expire 1 line
08-11 00:17:32.464  2089  2126 I chatty  : uid=1000(system) android.ui expire 6 lines
08-11 00:17:32.477  2089  2128 I chatty  : uid=1000(system) android.display expire 9 lines
08-11 00:17:32.480  2089  2089 I chatty  : uid=1000 system_server expire 48 lines
08-11 00:17:32.683  2089  2662 I chatty  : uid=1000(system) ConnectivitySer expire 7 lines
08-11 00:17:32.817  2089  2464 I chatty  : uid=1000(system) UEventObserver expire 10 lines
08-11 00:17:38.702  2089  2795 I chatty  : uid=1000(system) Binder:2089_6 expire 3 lines
08-11 00:17:38.732  2089  2275 I chatty  : uid=1000(system) PowerManagerSer expire 21 lines
08-11 00:20:21.691  2089  2208 I chatty  : uid=1000(system) ActivityManager expire 1 line
08-11 00:20:21.773  2089  2796 I chatty  : uid=1000(system) Binder:2089_7 expire 4 lines
08-11 00:20:21.795  2089  2966 I chatty  : uid=1000(system) Binder:2089_8 expire 1 line
08-11 00:20:23.512  2089  4412 I chatty  : uid=1000(system) Binder:2089_19 expire 1 line
08-11 00:20:31.435  2089  4936 I chatty  : uid=1000(system) Binder:2089_1B expire 2 lines
08-11 00:21:28.176  2089  2247 I chatty  : uid=1000(system) batterystats-wo expire 33 lines
08-11 00:21:28.270  2089  2662 I chatty  : uid=1000(system) ConnectivitySer expire 7 lines
08-11 00:21:33.878  2089  2967 I chatty  : uid=1000(system) Binder:2089_9 expire 6 lines
08-11 00:21:33.911  2089  2275 I chatty  : uid=1000(system) PowerManagerSer expire 5 lines
08-11 00:21:33.921  2089  4327 I chatty  : uid=1000(system) Binder:2089_16 expire 10 lines
08-11 00:21:33.923  2089  2126 I chatty  : uid=1000(system) android.ui expire 3 lines
08-11 00:21:33.968  2089  2128 I chatty  : uid=1000(system) android.display expire 5 lines
08-11 00:21:33.973  2089  2089 I chatty  : uid=1000 system_server expire 20 lines
08-11 00:21:34.257  2089  2464 I chatty  : uid=1000(system) UEventObserver expire 1 line
08-11 00:21:34.484  2089  2549 I chatty  : uid=1000(system) InputReader expire 2 lines
08-11 00:21:34.497  2089  2124 I chatty  : uid=1000(system) android.fg expire 6 lines
08-11 00:21:34.564  2089  2796 I chatty  : uid=1000(system) Binder:2089_7 expire 5 lines
08-11 00:21:34.755  2089  4320 I chatty  : uid=1000(system) Binder:2089_11 expire 1 line
08-11 00:21:35.793  2746 11961 V FingerprintManager: onAuthenticationSucceeded
08-11 00:21:35.795  2746  2746 V FingerprintManager: handleMessage:successed
08-11 00:21:35.831  2089  2129 I chatty  : uid=1000(system) android.anim expire 9 lines
08-11 00:21:35.909  2089  2966 I chatty  : uid=1000(system) Binder:2089_8 expire 3 lines
08-11 00:21:35.986  2089  2208 I chatty  : uid=1000(system) ActivityManager expire 11 lines
08-11 00:21:35.993  2746  2746 V MotoFingerprintManager: showFodIndicator show:false by (com.android.systemui)
08-11 00:21:36.114  2089  2795 I chatty  : uid=1000(system) Binder:2089_6 expire 1 line
08-11 00:21:36.891  2089  4412 I chatty  : uid=1000(system) Binder:2089_19 expire 10 lines
08-11 00:21:39.380  2089  2210 I chatty  : uid=1000(system) ActivityManager expire 19 lines
08-11 00:21:40.103  2089  7117 I chatty  : uid=1000(system) Binder:2089_1E expire 1 line
08-11 00:21:40.115  2089  2785 I chatty  : uid=1000(system) Binder:2089_5 expire 2 lines
08-11 00:21:40.645  2089  2460 I chatty  : uid=1000(system) Binder:2089_4 expire 4 lines
08-11 00:21:41.144  2089  3107 I chatty  : uid=1000(system) Binder:2089_B expire 2 lines
08-11 00:21:47.735  2089  4322 I chatty  : uid=1000(system) Binder:2089_13 expire 1 line
08-11 00:21:48.130 13440 13478 E ActivityThread: Failed to find provider info for com.google.android.instantapps.supervisor.SupervisorArchiveProvider
08-11 00:22:00.006  2089  2089 I chatty  : uid=1000 system_server expire 7 lines
08-11 00:22:01.359  2089  4296 I chatty  : uid=1000(system) Binder:2089_D expire 21 lines
08-11 00:22:01.873  2089  2208 I chatty  : uid=1000(system) ActivityManager expire 1 line
08-11 00:22:04.821  2089  4295 I chatty  : uid=1000(system) Binder:2089_C expire 3 lines
08-11 00:22:10.188  2089  2795 I chatty  : uid=1000(system) Binder:2089_6 expire 2 lines
08-11 00:22:16.120  2089  2464 I chatty  : uid=1000(system) UEventObserver expire 5 lines
08-11 00:22:16.164  2089  2128 I chatty  : uid=1000(system) android.display expire 11 lines
08-11 00:22:16.167  2089  2089 I chatty  : uid=1000 system_server expire 12 lines
08-11 00:22:25.208  2089  7147 I chatty  : uid=1000(system) Binder:2089_20 expire 4 lines
08-11 00:22:25.354  2089  4320 I chatty  : uid=1000(system) Binder:2089_11 expire 1 line
08-11 00:22:25.354  2089  4326 I chatty  : uid=1000(system) Binder:2089_15 expire 1 line
08-11 00:22:25.354  2089  2662 I chatty  : uid=1000(system) ConnectivitySer expire 10 lines
08-11 00:22:35.925  2089  2796 I chatty  : uid=1000(system) Binder:2089_7 expire 2 lines
08-11 00:22:37.239  2089  2275 I chatty  : uid=1000(system) PowerManagerSer expire 23 lines
08-11 00:22:44.813  2089  2247 I chatty  : uid=1000(system) batterystats-wo expire 80 lines
08-11 00:22:45.107  2089  2124 I chatty  : uid=1000(system) android.fg expire 4 lines
08-11 00:22:45.216  2089  2129 I chatty  : uid=1000(system) android.anim expire 3 lines
08-11 00:22:45.263  2089  4412 I chatty  : uid=1000(system) Binder:2089_19 expire 6 lines
08-11 00:22:45.538  2089  4325 I chatty  : uid=1000(system) Binder:2089_14 expire 3 lines
08-11 00:23:09.941  2089  4296 I chatty  : uid=1000(system) Binder:2089_D expire 2 lines
08-11 00:23:09.987  2089  2126 I chatty  : uid=1000(system) android.ui expire 2 lines
08-11 00:23:14.265  2089  4936 I chatty  : uid=1000(system) Binder:2089_1B expire 2 lines
08-11 00:24:55.336  2089  2549 I chatty  : uid=1000(system) InputReader expire 2 lines
08-11 00:24:55.431  2089  2089 I chatty  : uid=1000 system_server expire 21 lines
08-11 00:24:55.433  2089  2128 I chatty  : uid=1000(system) android.display expire 10 lines
08-11 00:24:55.437  2089  2126 I chatty  : uid=1000(system) android.ui expire 6 lines
08-11 00:24:55.472  2089  2460 I chatty  : uid=1000(system) Binder:2089_4 expire 2 lines
08-11 00:24:55.473  2089  2124 I chatty  : uid=1000(system) android.fg expire 8 lines
08-11 00:24:55.505  2089  2129 I chatty  : uid=1000(system) android.anim expire 19 lines
08-11 00:24:55.535  2089  4412 I chatty  : uid=1000(system) Binder:2089_19 expire 1 line
08-11 00:24:55.607  2089  2662 I chatty  : uid=1000(system) ConnectivitySer expire 12 lines
08-11 00:24:55.618  2089  2796 I chatty  : uid=1000(system) Binder:2089_7 expire 12 lines
08-11 00:24:55.690  2089  2464 I chatty  : uid=1000(system) UEventObserver expire 1 line
08-11 00:24:55.772  2089  2275 I chatty  : uid=1000(system) PowerManagerSer expire 8 lines
08-11 00:24:56.408  2746 18197 V FingerprintManager: onAuthenticationSucceeded
08-11 00:24:56.408  2746  2746 V FingerprintManager: handleMessage:successed
08-11 00:24:56.535  2089  2208 I chatty  : uid=1000(system) ActivityManager expire 9 lines
08-11 00:24:56.547  2746  2746 V MotoFingerprintManager: showFodIndicator show:false by (com.android.systemui)
08-11 00:24:56.569  2089  2210 I chatty  : uid=1000(system) ActivityManager expire 4 lines
08-11 00:24:57.817  2089  2109 I chatty  : uid=1000(system) Binder:2089_1 expire 16 lines
08-11 00:24:57.833  2089  2247 I chatty  : uid=1000(system) batterystats-wo expire 34 lines
08-11 00:24:58.819  2089  4322 I chatty  : uid=1000(system) Binder:2089_13 expire 2 lines
08-11 00:24:59.636  2089  4325 I chatty  : uid=1000(system) Binder:2089_14 expire 6 lines
08-11 00:24:59.876  2089  4296 I chatty  : uid=1000(system) Binder:2089_D expire 2 lines
08-11 00:24:59.976  2089  2207 I chatty  : uid=1000(system) android.bg expire 1 line
08-11 00:25:03.506  2089  4320 I chatty  : uid=1000(system) Binder:2089_11 expire 4 lines
08-11 00:25:11.035  2089  7147 I chatty  : uid=1000(system) Binder:2089_20 expire 1 line
08-11 00:25:15.831  2089  4936 I chatty  : uid=1000(system) Binder:2089_1B expire 11 lines
08-11 00:25:16.042  2089  2247 I chatty  : uid=1000(system) batterystats-wo expire 46 lines
08-11 00:25:18.199  2089  2128 I chatty  : uid=1000(system) android.display expire 4 lines
08-11 00:25:27.628  2089  2464 I chatty  : uid=1000(system) UEventObserver expire 8 lines
08-11 00:26:07.743  2089  2109 I chatty  : uid=1000(system) Binder:2089_1 expire 10 lines
08-11 00:26:29.187  2089  2210 I chatty  : uid=1000(system) ActivityManager expire 4 lines
08-11 00:26:29.385 14218 14218 D ActivityThread: Loading provider contacts;com.android.contacts: com.android.providers.contacts.ContactsProvider2
08-11 00:26:35.733  2089  2549 I chatty  : uid=1000(system) InputReader expire 2 lines
08-11 00:26:35.754  2089  2275 I chatty  : uid=1000(system) PowerManagerSer expire 4 lines
08-11 00:26:35.763  2089  4325 I chatty  : uid=1000(system) Binder:2089_14 expire 2 lines
08-11 00:26:35.777  2089  2247 I chatty  : uid=1000(system) batterystats-wo expire 32 lines
08-11 00:26:35.799  2089  2089 I chatty  : uid=1000 system_server expire 9 lines
08-11 00:26:35.801  2089  2126 I chatty  : uid=1000(system) android.ui expire 3 lines
08-11 00:26:35.895  2089  4412 I chatty  : uid=1000(system) Binder:2089_19 expire 2 lines
08-11 00:26:35.906  2089  4296 I chatty  : uid=1000(system) Binder:2089_D expire 1 line
08-11 00:26:35.906  2089  2124 I chatty  : uid=1000(system) android.fg expire 4 lines
08-11 00:26:35.926  2089  2129 I chatty  : uid=1000(system) android.anim expire 8 lines
08-11 00:26:35.968  2089  2662 I chatty  : uid=1000(system) ConnectivitySer expire 6 lines
08-11 00:26:36.815  2746 11130 V FingerprintManager: onAuthenticationSucceeded
08-11 00:26:36.816  2746  2746 V FingerprintManager: handleMessage:successed
08-11 00:26:36.834  2089  2796 I chatty  : uid=1000(system) Binder:2089_7 expire 4 lines
08-11 00:26:36.894  2089  3107 I chatty  : uid=1000(system) Binder:2089_B expire 1 line
08-11 00:26:36.911  2089  2208 I chatty  : uid=1000(system) ActivityManager expire 9 lines
08-11 00:26:36.919  2746  2746 V MotoFingerprintManager: showFodIndicator show:false by (com.android.systemui)
08-11 00:26:40.036  2089  4295 I chatty  : uid=1000(system) Binder:2089_C expire 3 lines
08-11 00:26:40.513  2089  4320 I chatty  : uid=1000(system) Binder:2089_11 expire 4 lines
08-11 00:26:42.622 14319 14319 I ActivityThread: handleStopService: token=android.os.BinderProxy@ae11ea4 not found.
08-11 00:26:43.034  2089  4936 I chatty  : uid=1000(system) Binder:2089_1B expire 6 lines
08-11 00:26:43.344  2089  2460 I chatty  : uid=1000(system) Binder:2089_4 expire 4 lines
08-11 00:26:43.667  2089  2129 I chatty  : uid=1000(system) android.anim expire 14 lines
08-11 00:26:44.203  2089  2109 I chatty  : uid=1000(system) Binder:2089_1 expire 5 lines
08-11 00:26:44.331  2089  4307 I chatty  : uid=1000(system) Binder:2089_F expire 2 lines
08-11 00:26:49.549  2089  2128 I chatty  : uid=1000(system) android.display expire 21 lines
08-11 00:26:49.552  2089  2089 I chatty  : uid=1000 system_server expire 24 lines
08-11 00:26:55.979  2089  2464 I chatty  : uid=1000(system) UEventObserver expire 6 lines
08-11 00:27:11.033  2089  2208 I chatty  : uid=1000(system) ActivityManager expire 2 lines
08-11 00:27:11.035  2089  2210 I chatty  : uid=1000(system) ActivityManager expire 2 lines
08-11 00:27:11.984  2089  4295 I chatty  : uid=1000(system) Binder:2089_C expire 5 lines
08-11 00:27:12.081  2089  2662 I chatty  : uid=1000(system) ConnectivitySer expire 2 lines
08-11 00:27:39.523  2089  7147 I chatty  : uid=1000(system) Binder:2089_20 expire 4 lines
08-11 00:27:44.493  2089  4320 I chatty  : uid=1000(system) Binder:2089_11 expire 1 line
08-11 00:28:37.465  2089  2275 I chatty  : uid=1000(system) PowerManagerSer expire 14 lines
08-11 00:28:45.005  2089  2247 I chatty  : uid=1000(system) batterystats-wo expire 48 lines
08-11 00:28:45.287  2089  2124 I chatty  : uid=1000(system) android.fg expire 4 lines
08-11 00:28:45.422  2089  3107 I chatty  : uid=1000(system) Binder:2089_B expire 4 lines
08-11 00:28:45.730  2089  4412 I chatty  : uid=1000(system) Binder:2089_19 expire 2 lines
08-11 00:29:29.833  2089  2549 I chatty  : uid=1000(system) InputReader expire 2 lines
08-11 00:29:29.886  2089  2126 I chatty  : uid=1000(system) android.ui expire 6 lines
08-11 00:29:29.892  2089  2247 I chatty  : uid=1000(system) batterystats-wo expire 80 lines
08-11 00:29:29.916  2089  2275 I chatty  : uid=1000(system) PowerManagerSer expire 10 lines
08-11 00:29:29.921  2089  2128 I chatty  : uid=1000(system) android.display expire 9 lines
08-11 00:29:29.921  2089  2089 I chatty  : uid=1000 system_server expire 25 lines
08-11 00:29:30.044  2089  4307 I chatty  : uid=1000(system) Binder:2089_F expire 2 lines
08-11 00:29:30.044  2089  2124 I chatty  : uid=1000(system) android.fg expire 8 lines
08-11 00:29:30.061  2089  2129 I chatty  : uid=1000(system) android.anim expire 11 lines
08-11 00:29:30.078  2089  2662 I chatty  : uid=1000(system) ConnectivitySer expire 4 lines
08-11 00:29:30.114  2089  2109 I chatty  : uid=1000(system) Binder:2089_1 expire 5 lines
08-11 00:29:30.292  2089  2464 I chatty  : uid=1000(system) UEventObserver expire 6 lines
08-11 00:29:30.727  2746  3207 V FingerprintManager: onAuthenticationSucceeded
08-11 00:29:30.736  2746  2746 V FingerprintManager: handleMessage:successed
08-11 00:29:30.754  2089  7147 I chatty  : uid=1000(system) Binder:2089_20 expire 1 line
08-11 00:29:30.832  2089  4320 I chatty  : uid=1000(system) Binder:2089_11 expire 1 line
08-11 00:29:30.850  2089  2208 I chatty  : uid=1000(system) ActivityManager expire 7 lines
08-11 00:29:30.873  2746  2746 V MotoFingerprintManager: showFodIndicator show:false by (com.android.systemui)
08-11 00:29:31.666  2089  4936 I chatty  : uid=1000(system) Binder:2089_1B expire 5 lines
08-11 00:29:31.767  2089  2460 I chatty  : uid=1000(system) Binder:2089_4 expire 2 lines
08-11 00:29:39.437  2089  2795 I chatty  : uid=1000(system) Binder:2089_6 expire 1 line
08-11 00:29:39.597  2089  4326 I chatty  : uid=1000(system) Binder:2089_15 expire 2 lines
08-11 00:29:39.609  2089  4325 I chatty  : uid=1000(system) Binder:2089_14 expire 1 line
08-11 00:29:39.729  2089  4322 I chatty  : uid=1000(system) Binder:2089_13 expire 2 lines
08-11 00:31:12.848  2089  2210 I chatty  : uid=1000(system) ActivityManager expire 19 lines
08-11 00:31:13.152  2089  2795 I chatty  : uid=1000(system) Binder:2089_6 expire 2 lines
08-11 00:31:14.712  2089  2247 I chatty  : uid=1000(system) batterystats-wo expire 48 lines
08-11 00:31:18.578  2089  3107 I chatty  : uid=1000(system) Binder:2089_B expire 3 lines
08-11 00:31:18.667  2089  4936 I chatty  : uid=1000(system) Binder:2089_1B expire 1 line
08-11 00:31:18.667  2089  2662 I chatty  : uid=1000(system) ConnectivitySer expire 5 lines
08-11 00:31:24.775  2089  2089 I chatty  : uid=1000 system_server expire 25 lines
08-11 00:31:24.966  2089  4322 I chatty  : uid=1000(system) Binder:2089_13 expire 2 lines
08-11 00:31:24.997  2089  2275 I chatty  : uid=1000(system) PowerManagerSer expire 15 lines
08-11 00:31:25.017  2089  2126 I chatty  : uid=1000(system) android.ui expire 5 lines
08-11 00:31:25.063  2089  2128 I chatty  : uid=1000(system) android.display expire 7 lines
08-11 00:31:30.688  2746  5925 V FingerprintManager: onAuthenticationSucceeded
08-11 00:31:30.689  2746  2746 V FingerprintManager: handleMessage:successed
08-11 00:31:30.716  2089  7147 I chatty  : uid=1000(system) Binder:2089_20 expire 2 lines
08-11 00:31:30.726  2089  2124 I chatty  : uid=1000(system) android.fg expire 9 lines
08-11 00:31:30.825  2089  2109 I chatty  : uid=1000(system) Binder:2089_1 expire 1 line
08-11 00:31:30.851  2089  2208 I chatty  : uid=1000(system) ActivityManager expire 7 lines
08-11 00:31:30.910  2746  2746 V MotoFingerprintManager: showFodIndicator show:false by (com.android.systemui)
08-11 00:31:30.979  2089  7118 I chatty  : uid=1000(system) Binder:2089_1F expire 3 lines
08-11 00:31:31.082  2089  2129 I chatty  : uid=1000(system) android.anim expire 4 lines
08-11 00:31:31.138  2089  2460 I chatty  : uid=1000(system) Binder:2089_4 expire 3 lines
08-11 00:31:32.150  2089  4975 I chatty  : uid=1000(system) Binder:2089_1C expire 1 line
08-11 00:31:33.352  2089  2247 I chatty  : uid=1000(system) batterystats-wo expire 32 lines
08-11 00:31:34.476  2089  4320 I chatty  : uid=1000(system) Binder:2089_11 expire 4 lines
08-11 00:31:37.532  2089  2089 I chatty  : uid=1000 system_server expire 6 lines
08-11 00:31:37.533  2089  2129 I chatty  : uid=1000(system) android.anim expire 1 line
08-11 00:31:37.552  2089  2128 I chatty  : uid=1000(system) android.display expire 6 lines
08-11 00:31:39.439  2089  2247 I chatty  : uid=1000(system) batterystats-wo expire 129 lines
08-11 00:31:50.055  2089  2464 I chatty  : uid=1000(system) UEventObserver expire 10 lines
08-11 00:32:11.965  2089  4326 I chatty  : uid=1000(system) Binder:2089_15 expire 2 lines
08-11 00:33:01.712  2089  2208 I chatty  : uid=1000(system) ActivityManager expire 2 lines
