08-11 00:33:09.021  2089  2275 I chatty  : uid=1000(system) PowerManagerSer expire 8 lines
08-11 00:33:09.029  2089  7118 I chatty  : uid=1000(system) Binder:2089_1F expire 1 line
08-11 00:33:09.030  2089  2126 I chatty  : uid=1000(system) android.ui expire 2 lines
08-11 00:33:09.315  2089  2662 I chatty  : uid=1000(system) ConnectivitySer expire 3 lines
08-11 00:33:13.354  2089  2109 I chatty  : uid=1000(system) Binder:2089_1 expire 1 line
08-11 00:33:21.564  2089  2210 I chatty  : uid=1000(system) ActivityManager expire 2 lines
08-11 00:34:21.876  2089  4307 I chatty  : uid=1000(system) Binder:2089_F expire 1 line
08-11 00:36:08.326  2089  2247 I chatty  : uid=1000(system) batterystats-wo expire 95 lines
08-11 00:36:09.297  2089  4975 I chatty  : uid=1000(system) Binder:2089_1C expire 1 line
08-11 00:36:09.339  2089  2275 I chatty  : uid=1000(system) PowerManagerSer expire 24 lines
08-11 00:36:09.344  2089  7147 I chatty  : uid=1000(system) Binder:2089_20 expire 3 lines
08-11 00:36:09.344  2089  2126 I chatty  : uid=1000(system) android.ui expire 5 lines
08-11 00:36:09.424  2089  2128 I chatty  : uid=1000(system) android.display expire 11 lines
08-11 00:36:09.435  2089  2089 I chatty  : uid=1000 system_server expire 11 lines
08-11 00:36:09.573  2089  2662 I chatty  : uid=1000(system) ConnectivitySer expire 7 lines
08-11 00:36:09.682  2089  2464 I chatty  : uid=1000(system) UEventObserver expire 7 lines
08-11 00:36:12.812  2089  4413 I chatty  : uid=1000(system) Binder:2089_1A expire 2 lines
08-11 00:36:12.814  2089  2210 I chatty  : uid=1000(system) ActivityManager expire 2 lines
08-11 00:36:12.883  2089  4402 I chatty  : uid=1000(system) Binder:2089_17 expire 2 lines
08-11 00:36:13.682  2089  3107 I chatty  : uid=1000(system) Binder:2089_B expire 1 line
08-11 00:40:24.810  2089  2549 I chatty  : uid=1000(system) InputReader expire 2 lines
08-11 00:40:24.867  2089  7118 I chatty  : uid=1000(system) Binder:2089_1F expire 2 lines
08-11 00:40:24.867  2089  2124 I chatty  : uid=1000(system) android.fg expire 3 lines
08-11 00:40:24.879  2089  2785 I chatty  : uid=1000(system) Binder:2089_5 expire 2 lines
08-11 00:40:37.444  2089  4297 I chatty  : uid=1000(system) Binder:2089_E expire 4 lines
08-11 00:40:37.463  2089  2128 I chatty  : uid=1000(system) android.display expire 5 lines
08-11 00:40:37.493  2089  2129 I chatty  : uid=1000(system) android.anim expire 2 lines
08-11 00:40:37.532  2089  2089 I chatty  : uid=1000 system_server expire 6 lines
08-11 00:40:37.582  2089  4413 I chatty  : uid=1000(system) Binder:2089_1A expire 3 lines
08-11 00:40:37.803  2089  2459 I chatty  : uid=1000(system) Binder:2089_3 expire 1 line
08-11 00:40:37.857  2089  2275 I chatty  : uid=1000(system) PowerManagerSer expire 7 lines
08-11 00:40:37.859  2089  4402 I chatty  : uid=1000(system) Binder:2089_17 expire 1 line
08-11 00:40:37.860  2089  2126 I chatty  : uid=1000(system) android.ui expire 2 lines
08-11 00:40:37.969  2089  2662 I chatty  : uid=1000(system) ConnectivitySer expire 6 lines
08-11 00:40:39.814  2089  2247 I chatty  : uid=1000(system) batterystats-wo expire 128 lines
08-11 00:40:42.457  2089  4975 I chatty  : uid=1000(system) Binder:2089_1C expire 2 lines
08-11 00:41:12.837  2089  2515 I chatty  : uid=1000(system) AlarmManager expire 1 line
08-11 00:41:12.911  2089  2785 I chatty  : uid=1000(system) Binder:2089_5 expire 2 lines
08-11 00:41:13.303  2089  7117 I chatty  : uid=1000(system) Binder:2089_1E expire 4 lines
08-11 00:41:16.054  2089  2210 I chatty  : uid=1000(system) ActivityManager expire 4 lines
08-11 00:41:16.076  2089  2744 I chatty  : uid=1000(system) SyncManager expire 1 line
08-11 00:41:26.595  2089  2464 I chatty  : uid=1000(system) UEventObserver expire 3 lines
08-11 00:41:40.181  2089  2208 I chatty  : uid=1000(system) ActivityManager expire 5 lines
08-11 00:41:40.186  2089  2210 I chatty  : uid=1000(system) ActivityManager expire 7 lines
08-11 00:41:40.420  2089  7118 I chatty  : uid=1000(system) Binder:2089_1F expire 3 lines
08-11 00:41:48.109  2089  7117 I chatty  : uid=1000(system) Binder:2089_1E expire 2 lines
08-11 00:41:58.589  2089  4325 I chatty  : uid=1000(system) Binder:2089_14 expire 2 lines
08-11 00:41:58.591  2089  2662 I chatty  : uid=1000(system) ConnectivitySer expire 20 lines
08-11 00:42:06.545  2089  2247 I chatty  : uid=1000(system) batterystats-wo expire 112 lines
08-11 00:42:28.058  2089  2464 I chatty  : uid=1000(system) UEventObserver expire 10 lines
08-11 00:44:47.894  2089  2127 I chatty  : uid=1000(system) android.io expire 2 lines
08-11 00:44:53.705  2089  2207 I chatty  : uid=1000(system) android.bg expire 1 line
08-11 00:45:54.580  2089  4975 I chatty  : uid=1000(system) Binder:2089_1C expire 1 line
08-11 00:46:36.990  2089  4412 I chatty  : uid=1000(system) Binder:2089_19 expire 4 lines
08-11 00:46:36.995  2089  7147 I chatty  : uid=1000(system) Binder:2089_20 expire 2 lines
08-11 00:47:07.777  2089  2275 I chatty  : uid=1000(system) PowerManagerSer expire 9 lines
08-11 00:47:07.788  2089  4412 I chatty  : uid=1000(system) Binder:2089_19 expire 1 line
08-11 00:47:07.789  2089  2126 I chatty  : uid=1000(system) android.ui expire 2 lines
08-11 00:47:07.809  2089  2247 I chatty  : uid=1000(system) batterystats-wo expire 117 lines
08-11 00:47:07.827  2089  2128 I chatty  : uid=1000(system) android.display expire 3 lines
08-11 00:47:07.834  2089  2089 I chatty  : uid=1000 system_server expire 2 lines
08-11 00:47:07.934  2089  2662 I chatty  : uid=1000(system) ConnectivitySer expire 9 lines
08-11 00:47:12.247  2089  7147 I chatty  : uid=1000(system) Binder:2089_20 expire 3 lines
08-11 00:47:35.239  2089  2464 I chatty  : uid=1000(system) UEventObserver expire 12 lines
08-11 00:48:09.718  2089  4975 I chatty  : uid=1000(system) Binder:2089_1C expire 1 line
08-11 00:49:06.440  2089  4403 I chatty  : uid=1000(system) Binder:2089_18 expire 1 line
08-11 00:50:06.361  2089  4325 I chatty  : uid=1000(system) Binder:2089_14 expire 3 lines
08-11 00:51:58.733  2089  2110 I chatty  : uid=1000(system) Binder:2089_2 expire 1 line
08-11 00:51:58.733  2089  4326 I chatty  : uid=1000(system) Binder:2089_15 expire 1 line
08-11 00:53:10.172  2089  2549 I chatty  : uid=1000(system) InputReader expire 2 lines
08-11 00:53:10.225  2089  3106 I chatty  : uid=1000(system) Binder:2089_A expire 3 lines
08-11 00:53:10.242  2089  2247 I chatty  : uid=1000(system) batterystats-wo expire 59 lines
08-11 00:53:10.272  2089  2275 I chatty  : uid=1000(system) PowerManagerSer expire 21 lines
08-11 00:53:10.273  2089  2089 I chatty  : uid=1000 system_server expire 18 lines
08-11 00:53:10.276  2089  2128 I chatty  : uid=1000(system) android.display expire 13 lines
08-11 00:53:10.277  2089  2126 I chatty  : uid=1000(system) android.ui expire 5 lines
08-11 00:53:10.354  2089  4325 I chatty  : uid=1000(system) Binder:2089_14 expire 3 lines
08-11 00:53:10.395  2089  2662 I chatty  : uid=1000(system) ConnectivitySer expire 10 lines
08-11 00:53:10.512  2089  4975 I chatty  : uid=1000(system) Binder:2089_1C expire 4 lines
08-11 00:53:10.537  2089  2515 I chatty  : uid=1000(system) AlarmManager expire 2 lines
08-11 00:53:10.583  2089  4296 I chatty  : uid=1000(system) Binder:2089_D expire 1 line
08-11 00:53:10.609  2089  2124 I chatty  : uid=1000(system) android.fg expire 4 lines
08-11 00:53:10.673  2089  7147 I chatty  : uid=1000(system) Binder:2089_20 expire 4 lines
08-11 00:53:10.696  2089  2129 I chatty  : uid=1000(system) android.anim expire 3 lines
08-11 00:53:13.737  2089  2210 I chatty  : uid=1000(system) ActivityManager expire 8 lines
08-11 00:53:14.637  2089  4297 I chatty  : uid=1000(system) Binder:2089_E expire 1 line
08-11 00:53:22.477  2089  3107 I chatty  : uid=1000(system) Binder:2089_B expire 6 lines
08-11 00:53:22.907  2089  4403 I chatty  : uid=1000(system) Binder:2089_18 expire 2 lines
08-11 00:53:27.271  2089  2247 I chatty  : uid=1000(system) batterystats-wo expire 96 lines
08-11 00:53:27.387  2089  2662 I chatty  : uid=1000(system) ConnectivitySer expire 5 lines
08-11 00:53:27.447  2089  4975 I chatty  : uid=1000(system) Binder:2089_1C expire 2 lines
08-11 00:53:34.943  2089  3107 I chatty  : uid=1000(system) Binder:2089_B expire 1 line
08-11 00:53:37.097  2089  4296 I chatty  : uid=1000(system) Binder:2089_D expire 6 lines
08-11 00:53:37.122  2089  2966 I chatty  : uid=1000(system) Binder:2089_8 expire 1 line
08-11 00:53:37.186  2089  7147 I chatty  : uid=1000(system) Binder:2089_20 expire 1 line
08-11 00:53:57.649  2089  2089 I chatty  : uid=1000 system_server expire 11 lines
08-11 00:53:58.148  2089  2464 I chatty  : uid=1000(system) UEventObserver expire 4 lines
08-11 00:54:15.887  2089  2275 I chatty  : uid=1000(system) PowerManagerSer expire 14 lines
08-11 00:54:15.948  2089  2128 I chatty  : uid=1000(system) android.display expire 6 lines
08-11 00:54:15.955  2089  2126 I chatty  : uid=1000(system) android.ui expire 3 lines
08-11 00:54:16.053  2089  2207 I chatty  : uid=1000(system) android.bg expire 1 line
08-11 00:54:16.309  2089  2124 I chatty  : uid=1000(system) android.fg expire 3 lines
08-11 00:54:16.359  2089  2129 I chatty  : uid=1000(system) android.anim expire 1 line
08-11 00:54:17.831  2089  4325 I chatty  : uid=1000(system) Binder:2089_14 expire 3 lines
08-11 00:54:26.837  2089  2275 I chatty  : uid=1000(system) PowerManagerSer expire 16 lines
08-11 00:54:26.842  2089  2124 I chatty  : uid=1000(system) android.fg expire 1 line
08-11 00:54:26.913  2089  2128 I chatty  : uid=1000(system) android.display expire 10 lines
08-11 00:54:26.917  2089  2089 I chatty  : uid=1000 system_server expire 6 lines
08-11 00:54:27.002  2089  2966 I chatty  : uid=1000(system) Binder:2089_8 expire 3 lines
08-11 00:54:27.053  2089  2129 I chatty  : uid=1000(system) android.anim expire 2 lines
08-11 00:54:27.161  2089  4975 I chatty  : uid=1000(system) Binder:2089_1C expire 1 line
08-11 00:54:27.161  2089  2126 I chatty  : uid=1000(system) android.ui expire 4 lines
08-11 00:54:27.307  2089  4322 I chatty  : uid=1000(system) Binder:2089_13 expire 2 lines
08-11 00:54:27.368  2089  2662 I chatty  : uid=1000(system) ConnectivitySer expire 9 lines
08-11 00:54:27.839  2089  4296 I chatty  : uid=1000(system) Binder:2089_D expire 5 lines
08-11 00:54:29.368  2089  2247 I chatty  : uid=1000(system) batterystats-wo expire 83 lines
08-11 00:54:31.456  2089  3107 I chatty  : uid=1000(system) Binder:2089_B expire 1 line
08-11 00:55:12.023  2089  2464 I chatty  : uid=1000(system) UEventObserver expire 8 lines
08-11 00:57:54.968  2089  4412 I chatty  : uid=1000(system) Binder:2089_19 expire 1 line
08-11 00:59:03.365  2089  2247 I chatty  : uid=1000(system) batterystats-wo expire 31 lines
08-11 00:59:14.386  2089  2464 I chatty  : uid=1000(system) UEventObserver expire 6 lines
08-11 01:01:03.753  2089  3107 I chatty  : uid=1000(system) Binder:2089_B expire 2 lines
08-11 01:01:03.802  2089  2275 I chatty  : uid=1000(system) PowerManagerSer expire 16 lines
08-11 01:01:03.811  2089  4322 I chatty  : uid=1000(system) Binder:2089_13 expire 1 line
08-11 01:01:03.811  2089  2126 I chatty  : uid=1000(system) android.ui expire 5 lines
08-11 01:01:03.866  2089  2128 I chatty  : uid=1000(system) android.display expire 6 lines
08-11 01:01:03.875  2089  2089 I chatty  : uid=1000 system_server expire 4 lines
08-11 01:01:03.994  2089  2662 I chatty  : uid=1000(system) ConnectivitySer expire 7 lines
08-11 01:01:07.638 27977 27977 V MotoFingerprintManager: touchFodMandatory motionEvent:MotionEvent { action=ACTION_MOVE, actionButton=0, id[0]=0, x[0]=948.0, y[0]=1753.0, toolType[0]=TOOL_TYPE_FINGER, buttonState=0, classification=NONE, metaState=0, flags=0x0, edgeFlags=0x0, pointerCount=1, historySize=1, eventTime=54628447, downTime=54627468, deviceId=5, source=0x1002, displayId=0 } by (com.motorola.motodisplay)
08-11 01:01:07.649 27977 27977 V MotoFingerprintManager: touchFodMandatory motionEvent:MotionEvent { action=ACTION_MOVE, actionButton=0, id[0]=0, x[0]=952.0, y[0]=1747.0, toolType[0]=TOOL_TYPE_FINGER, buttonState=0, classification=NONE, metaState=0, flags=0x0, edgeFlags=0x0, pointerCount=1, historySize=3, eventTime=54628463, downTime=54627468, deviceId=5, source=0x1002, displayId=0 } by (com.motorola.motodisplay)
08-11 01:01:07.659 27977 27977 V MotoFingerprintManager: touchFodMandatory motionEvent:MotionEvent { action=ACTION_MOVE, actionButton=0, id[0]=0, x[0]=954.0, y[0]=1746.0, toolType[0]=TOOL_TYPE_FINGER, buttonState=0, classification=NONE, metaState=0, flags=0x0, edgeFlags=0x0, pointerCount=1, historySize=1, eventTime=54628476, downTime=54627468, deviceId=5, source=0x1002, displayId=0 } by (com.motorola.motodisplay)
08-11 01:01:07.666 27977 27977 V MotoFingerprintManager: touchFodMandatory motionEvent:MotionEvent { action=ACTION_MOVE, actionButton=0, id[0]=1, x[0]=409.0, y[0]=2141.0, toolType[0]=TOOL_TYPE_FINGER, buttonState=0, classification=NONE, metaState=0, flags=0x0, edgeFlags=0x0, pointerCount=1, historySize=0, eventTime=54628480, downTime=54627468, deviceId=5, source=0x1002, displayId=0 } by (com.motorola.motodisplay)
08-11 01:01:07.669 27977 27977 V MotoFingerprintManager: touchFodMandatory motionEvent:MotionEvent { action=ACTION_MOVE, actionButton=0, id[0]=0, x[0]=954.0, y[0]=1745.0, toolType[0]=TOOL_TYPE_FINGER, buttonState=0, classification=NONE, metaState=0, flags=0x0, edgeFlags=0x0, pointerCount=1, historySize=0, eventTime=54628480, downTime=54627468, deviceId=5, source=0x1002, displayId=0 } by (com.motorola.motodisplay)
08-11 01:01:07.682 27977 27977 V MotoFingerprintManager: touchFodMandatory motionEvent:MotionEvent { action=ACTION_MOVE, actionButton=0, id[0]=1, x[0]=409.0, y[0]=2141.0, toolType[0]=TOOL_TYPE_FINGER, buttonState=0, classification=NONE, metaState=0, flags=0x0, edgeFlags=0x0, pointerCount=1, historySize=3, eventTime=54628496, downTime=54627468, deviceId=5, source=0x1002, displayId=0 } by (com.motorola.motodisplay)
08-11 01:01:07.685 27977 27977 V MotoFingerprintManager: touchFodMandatory motionEvent:MotionEvent { action=ACTION_MOVE, actionButton=0, id[0]=0, x[0]=957.0, y[0]=1741.0, toolType[0]=TOOL_TYPE_FINGER, buttonState=0, classification=NONE, metaState=0, flags=0x0, edgeFlags=0x0, pointerCount=1, historySize=3, eventTime=54628496, downTime=54627468, deviceId=5, source=0x1002, displayId=0 } by (com.motorola.motodisplay)
08-11 01:01:07.688 27977 27977 V MotoFingerprintManager: touchFodMandatory motionEvent:MotionEvent { action=ACTION_MOVE, actionButton=0, id[0]=1, x[0]=409.0, y[0]=2141.0, toolType[0]=TOOL_TYPE_FINGER, buttonState=0, classification=NONE, metaState=0, flags=0x0, edgeFlags=0x0, pointerCount=1, historySize=0, eventTime=54628501, downTime=54627468, deviceId=5, source=0x1002, displayId=0 } by (com.motorola.motodisplay)
08-11 01:01:07.690 27977 27977 V MotoFingerprintManager: touchFodMandatory motionEvent:MotionEvent { action=ACTION_MOVE, actionButton=0, id[0]=0, x[0]=958.0, y[0]=1740.0, toolType[0]=TOOL_TYPE_FINGER, buttonState=0, classification=NONE, metaState=0, flags=0x0, edgeFlags=0x0, pointerCount=1, historySize=0, eventTime=54628501, downTime=54627468, deviceId=5, source=0x1002, displayId=0 } by (com.motorola.motodisplay)
08-11 01:01:07.699 27977 27977 V MotoFingerprintManager: touchFodMandatory motionEvent:MotionEvent { action=ACTION_MOVE, actionButton=0, id[0]=0, x[0]=961.0, y[0]=1736.0, toolType[0]=TOOL_TYPE_FINGER, buttonState=0, classification=NONE, metaState=0, flags=0x0, edgeFlags=0x0, pointerCount=1, historySize=2, eventTime=54628513, downTime=54627468, deviceId=5, source=0x1002, displayId=0 } by (com.motorola.motodisplay)
08-11 01:01:07.716 27977 27977 V MotoFingerprintManager: touchFodMandatory motionEvent:MotionEvent { action=ACTION_MOVE, actionButton=0, id[0]=0, x[0]=965.0, y[0]=1729.0, toolType[0]=TOOL_TYPE_FINGER, buttonState=0, classification=NONE, metaState=0, flags=0x0, edgeFlags=0x0, pointerCount=1, historySize=2, eventTime=54628525, downTime=54627468, deviceId=5, source=0x1002, displayId=0 } by (com.motorola.motodisplay)
08-11 01:01:07.733 27977 27977 V MotoFingerprintManager: touchFodMandatory motionEvent:MotionEvent { action=ACTION_MOVE, actionButton=0, id[0]=0, x[0]=968.0, y[0]=1726.0, toolType[0]=TOOL_TYPE_FINGER, buttonState=0, classification=NONE, metaState=0, flags=0x0, edgeFlags=0x0, pointerCount=1, historySize=2, eventTime=54628542, downTime=54627468, deviceId=5, source=0x1002, displayId=0 } by (com.motorola.motodisplay)
08-11 01:01:07.749 27977 27977 V MotoFingerprintManager: touchFodMandatory motionEvent:MotionEvent { action=ACTION_MOVE, actionButton=0, id[0]=0, x[0]=972.0, y[0]=1721.0, toolType[0]=TOOL_TYPE_FINGER, buttonState=0, classification=NONE, metaState=0, flags=0x0, edgeFlags=0x0, pointerCount=1, historySize=4, eventTime=54628566, downTime=54627468, deviceId=5, source=0x1002, displayId=0 } by (com.motorola.motodisplay)
08-11 01:01:07.765 27977 27977 V MotoFingerprintManager: touchFodMandatory motionEvent:MotionEvent { action=ACTION_MOVE, actionButton=0, id[0]=0, x[0]=975.0, y[0]=1717.0, toolType[0]=TOOL_TYPE_FINGER, buttonState=0, classification=NONE, metaState=0, flags=0x0, edgeFlags=0x0, pointerCount=1, historySize=3, eventTime=54628582, downTime=54627468, deviceId=5, source=0x1002, displayId=0 } by (com.motorola.motodisplay)
08-11 01:01:07.781 27977 27977 V MotoFingerprintManager: touchFodMandatory motionEvent:MotionEvent { action=ACTION_MOVE, actionButton=0, id[0]=0, x[0]=976.0, y[0]=1716.0, toolType[0]=TOOL_TYPE_FINGER, buttonState=0, classification=NONE, metaState=0, flags=0x0, edgeFlags=0x0, pointerCount=1, historySize=0, eventTime=54628587, downTime=54627468, deviceId=5, source=0x1002, displayId=0 } by (com.motorola.motodisplay)
08-11 01:01:10.221  2089  4296 I chatty  : uid=1000(system) Binder:2089_D expire 1 line
08-11 01:01:10.296  2089  2247 I chatty  : uid=1000(system) batterystats-wo expire 64 lines
08-11 01:01:30.909  2089  4325 I chatty  : uid=1000(system) Binder:2089_14 expire 1 line
08-11 01:01:37.106  2089  2966 I chatty  : uid=1000(system) Binder:2089_8 expire 3 lines
08-11 01:02:04.186  3513  5736 W Binder  : reply too large data on java level: InterfaceDescriptor = null, code = 1
08-11 01:02:22.411  2089  2275 I chatty  : uid=1000(system) PowerManagerSer expire 3 lines
08-11 01:02:22.418  2089  3106 I chatty  : uid=1000(system) Binder:2089_A expire 8 lines
08-11 01:02:22.443  2089  2247 I chatty  : uid=1000(system) batterystats-wo expire 48 lines
08-11 01:02:22.446  2089  2128 I chatty  : uid=1000(system) android.display expire 5 lines
08-11 01:02:22.449  2089  2089 I chatty  : uid=1000 system_server expire 45 lines
08-11 01:02:22.507  2089  2126 I chatty  : uid=1000(system) android.ui expire 4 lines
08-11 01:02:22.643  2089  2662 I chatty  : uid=1000(system) ConnectivitySer expire 5 lines
08-11 01:02:22.762  2089  2464 I chatty  : uid=1000(system) UEventObserver expire 1 line
08-11 01:02:24.155  2746  2924 V FingerprintManager: onAuthenticationSucceeded
08-11 01:02:24.156  2746  2746 V FingerprintManager: handleMessage:successed
08-11 01:02:24.176  2089  2275 I chatty  : uid=1000(system) PowerManagerSer expire 10 lines
08-11 01:02:24.178  2089  2124 I chatty  : uid=1000(system) android.fg expire 5 lines
08-11 01:02:24.260  2089  4322 I chatty  : uid=1000(system) Binder:2089_13 expire 1 line
08-11 01:02:24.283  2089  2966 I chatty  : uid=1000(system) Binder:2089_8 expire 1 line
08-11 01:02:24.319  2089  2208 I chatty  : uid=1000(system) ActivityManager expire 13 lines
08-11 01:02:24.517  2746  2746 V MotoFingerprintManager: showFodIndicator show:false by (com.android.systemui)
08-11 01:02:24.581  2089  2129 I chatty  : uid=1000(system) android.anim expire 3 lines
08-11 01:02:24.586  2089  2110 I chatty  : uid=1000(system) Binder:2089_2 expire 4 lines
08-11 01:02:24.591  2089  2785 I chatty  : uid=1000(system) Binder:2089_5 expire 2 lines
08-11 01:02:24.634  2089  2210 I chatty  : uid=1000(system) ActivityManager expire 4 lines
08-11 01:02:24.837  2089  4325 I chatty  : uid=1000(system) Binder:2089_14 expire 1 line
08-11 01:02:24.889  2089  4296 I chatty  : uid=1000(system) Binder:2089_D expire 1 line
08-11 01:02:25.786  2089  4936 I chatty  : uid=1000(system) Binder:2089_1B expire 2 lines
08-11 01:02:26.340  2089  4326 I chatty  : uid=1000(system) Binder:2089_15 expire 3 lines
08-11 01:02:31.368  2089  2662 I chatty  : uid=1000(system) ConnectivitySer expire 4 lines
08-11 01:02:31.513  2089  2275 I chatty  : uid=1000(system) PowerManagerSer expire 11 lines
08-11 01:02:31.518  2089  2124 I chatty  : uid=1000(system) android.fg expire 9 lines
08-11 01:02:31.621  2089  2089 I chatty  : uid=1000 system_server expire 25 lines
08-11 01:02:31.675  2089  2129 I chatty  : uid=1000(system) android.anim expire 7 lines
08-11 01:02:31.777  2089  7147 I chatty  : uid=1000(system) Binder:2089_20 expire 2 lines
08-11 01:02:31.786  2089  2128 I chatty  : uid=1000(system) android.display expire 6 lines
08-11 01:02:31.934  2089  2110 I chatty  : uid=1000(system) Binder:2089_2 expire 7 lines
08-11 01:02:32.163  2089  4325 I chatty  : uid=1000(system) Binder:2089_14 expire 2 lines
08-11 01:02:32.212  2089  4936 I chatty  : uid=1000(system) Binder:2089_1B expire 1 line
08-11 01:02:32.970  2089  4296 I chatty  : uid=1000(system) Binder:2089_D expire 2 lines
08-11 01:02:34.018  2089  2549 I chatty  : uid=1000(system) InputReader expire 2 lines
08-11 01:02:34.072  2089  2247 I chatty  : uid=1000(system) batterystats-wo expire 35 lines
08-11 01:02:34.134  2089  2126 I chatty  : uid=1000(system) android.ui expire 6 lines
08-11 01:02:34.149  2089  4295 I chatty  : uid=1000(system) Binder:2089_C expire 1 line
08-11 01:02:34.228  2089  3106 I chatty  : uid=1000(system) Binder:2089_A expire 1 line
08-11 01:02:34.295  2089  2208 I chatty  : uid=1000(system) ActivityManager expire 9 lines
08-11 01:02:34.296  2089  2210 I chatty  : uid=1000(system) ActivityManager expire 9 lines
08-11 01:02:35.165  2746 18197 V FingerprintManager: onAuthenticationSucceeded
08-11 01:02:35.165  2746  2746 V FingerprintManager: handleMessage:successed
08-11 01:02:35.182  2089  7117 I chatty  : uid=1000(system) Binder:2089_1E expire 1 line
08-11 01:02:35.276  2089  4327 I chatty  : uid=1000(system) Binder:2089_16 expire 5 lines
08-11 01:02:35.363  2746  2746 V MotoFingerprintManager: showFodIndicator show:false by (com.android.systemui)
08-11 01:02:39.748  2089  2247 I chatty  : uid=1000(system) batterystats-wo expire 85 lines
08-11 01:02:39.749  2089  2275 I chatty  : uid=1000(system) PowerManagerSer expire 4 lines
08-11 01:02:39.776  2089  2128 I chatty  : uid=1000(system) android.display expire 6 lines
08-11 01:02:39.804  2089  2089 I chatty  : uid=1000 system_server expire 4 lines
08-11 01:02:39.887  2089  2662 I chatty  : uid=1000(system) ConnectivitySer expire 1 line
08-11 01:02:40.014  2089  2124 I chatty  : uid=1000(system) android.fg expire 4 lines
08-11 01:02:40.162  2089  2129 I chatty  : uid=1000(system) android.anim expire 3 lines
08-11 01:02:40.255  2089  4322 I chatty  : uid=1000(system) Binder:2089_13 expire 1 line
08-11 01:02:40.406  2089  4412 I chatty  : uid=1000(system) Binder:2089_19 expire 2 lines
08-11 01:02:40.423  2089  4296 I chatty  : uid=1000(system) Binder:2089_D expire 4 lines
08-11 01:02:44.895  2089  2464 I chatty  : uid=1000(system) UEventObserver expire 11 lines
08-11 01:04:32.086  2089  2208 I chatty  : uid=1000(system) ActivityManager expire 1 line
08-11 01:06:11.479  2089  4326 I chatty  : uid=1000(system) Binder:2089_15 expire 1 line
08-11 01:06:38.091  2089  4307 I chatty  : uid=1000(system) Binder:2089_F expire 1 line
08-11 01:06:48.413  2089  4403 I chatty  : uid=1000(system) Binder:2089_18 expire 7 lines
08-11 01:06:50.012  2089  2247 I chatty  : uid=1000(system) batterystats-wo expire 86 lines
08-11 01:06:50.613  2089  4412 I chatty  : uid=1000(system) Binder:2089_19 expire 4 lines
08-11 01:06:50.628  2089  4326 I chatty  : uid=1000(system) Binder:2089_15 expire 4 lines
08-11 01:08:11.233  2089  2464 I chatty  : uid=1000(system) UEventObserver expire 16 lines
08-11 01:08:39.036  2089  2089 I chatty  : uid=1000 system_server expire 14 lines
08-11 01:11:50.757  2089  4307 I chatty  : uid=1000(system) Binder:2089_F expire 4 lines
08-11 01:12:18.072  2089  2247 I chatty  : uid=1000(system) batterystats-wo expire 98 lines
08-11 01:12:24.092  2089  4326 I chatty  : uid=1000(system) Binder:2089_15 expire 2 lines
08-11 01:12:24.128  2089  4403 I chatty  : uid=1000(system) Binder:2089_18 expire 1 line
08-11 01:12:24.336  2089  2089 I chatty  : uid=1000 system_server expire 25 lines
08-11 01:12:24.792  2089  2464 I chatty  : uid=1000(system) UEventObserver expire 14 lines
08-11 01:13:21.881  2089  2662 I chatty  : uid=1000(system) ConnectivitySer expire 4 lines
08-11 01:13:56.552  2089  2124 I chatty  : uid=1000(system) android.fg expire 1 line
08-11 01:13:57.051  2089  4412 I chatty  : uid=1000(system) Binder:2089_19 expire 2 lines
08-11 01:14:54.647  2089  7147 I chatty  : uid=1000(system) Binder:2089_20 expire 1 line
08-11 01:15:47.931  2089  2208 I chatty  : uid=1000(system) ActivityManager expire 4 lines
08-11 01:15:47.940  2089  2210 I chatty  : uid=1000(system) ActivityManager expire 6 lines
08-11 01:16:53.474  2089  4326 I chatty  : uid=1000(system) Binder:2089_15 expire 5 lines
08-11 01:16:53.539  2089  2464 I chatty  : uid=1000(system) UEventObserver expire 7 lines
08-11 01:16:53.591  2089  4412 I chatty  : uid=1000(system) Binder:2089_19 expire 3 lines
08-11 01:16:53.617  2089  7117 I chatty  : uid=1000(system) Binder:2089_1E expire 1 line
08-11 01:16:53.875  2089  4403 I chatty  : uid=1000(system) Binder:2089_18 expire 2 lines
08-11 01:16:54.366  2089  2207 I chatty  : uid=1000(system) android.bg expire 1 line
08-11 01:17:29.070  2089  2247 I chatty  : uid=1000(system) batterystats-wo expire 16 lines
08-11 01:17:29.340  2089  2662 I chatty  : uid=1000(system) ConnectivitySer expire 18 lines
08-11 01:18:11.698  2089  2126 I chatty  : uid=1000(system) android.ui expire 1 line
08-11 01:19:05.681  2089  4296 I chatty  : uid=1000(system) Binder:2089_D expire 3 lines
08-11 01:19:05.685  2089  4322 I chatty  : uid=1000(system) Binder:2089_13 expire 1 line
08-11 01:19:05.722  1215  1215 D android.hardware.wifi@1.0-service: Successfully SetMacAddress.
08-11 01:19:05.727  1532  1532 I wificond: Pno scan started for frequencies: 2412, 2417, 2422, 2427, 2432, 2437, 2442, 2447, 2452, 2457, 2462, 5180, 5220, 5260, 5745, 5785, 
08-11 01:19:05.826  2089  2247 I chatty  : uid=1000(system) batterystats-wo expire 80 lines
08-11 01:19:06.401  2089  4297 I chatty  : uid=1000(system) Binder:2089_E expire 2 lines
08-11 01:19:06.411  2089  3106 I chatty  : uid=1000(system) Binder:2089_A expire 1 line
08-11 01:19:06.414  2089  2208 I chatty  : uid=1000(system) ActivityManager expire 4 lines
08-11 01:19:06.540  2089  2785 I chatty  : uid=1000(system) Binder:2089_5 expire 2 lines
08-11 01:19:06.701  2089  4327 I chatty  : uid=1000(system) Binder:2089_16 expire 4 lines
08-11 01:19:45.380  2089  2464 I chatty  : uid=1000(system) UEventObserver expire 10 lines
08-11 01:19:47.018  2089  2207 I chatty  : uid=1000(system) android.bg expire 1 line
08-11 01:20:36.347  1532  1532 I wificond: Pno scan result ready event
08-11 01:20:36.482  1532  1532 W wificond: Unexpected pno scan stopped event
08-11 01:20:36.521  1215  1215 D android.hardware.wifi@1.0-service: Successfully SetMacAddress.
08-11 01:20:36.535  1532  1532 W wificond: Scan is not started. Ignore abort request
08-11 01:20:36.609  1532  1532 W wificond: No pno scan started
08-11 01:20:36.609  1532  1532 W wificond: Scheduled scan is not running!
08-11 01:20:36.923  2089  2632 I chatty  : uid=1000(system) WifiHandlerThre expire 1 line
08-11 01:20:36.937  2089  2662 I chatty  : uid=1000(system) ConnectivitySer expire 50 lines
08-11 01:20:37.203  3513  4877 W Binder  : reply too large data on java level: InterfaceDescriptor = null, code = 1
08-11 01:20:37.245  1125  1159 E NetlinkEvent: NetlinkEvent::FindParam(): Parameter 'INTERFACE' not found
08-11 01:20:37.245  1125  1159 E NetlinkEvent: NetlinkEvent::FindParam(): Parameter 'STATE' not found
08-11 01:20:37.245  1125  1159 E NetlinkEvent: NetlinkEvent::FindParam(): Parameter 'TIME_NS' not found
08-11 01:20:37.245  1125  1159 E NetlinkEvent: NetlinkEvent::FindParam(): Parameter 'UID' not found
08-11 01:20:37.337  2089  5430 I chatty  : uid=1000(system) Binder:2089_1D expire 1 line
08-11 01:20:37.346  2089  2460 I chatty  : uid=1000(system) Binder:2089_4 expire 1 line
08-11 01:20:38.882  2089  2247 I chatty  : uid=1000(system) batterystats-wo expire 64 lines
08-11 01:20:39.555  2089  4402 I chatty  : uid=1000(system) Binder:2089_17 expire 4 lines
08-11 01:20:39.754  2089  4320 I chatty  : uid=1000(system) Binder:2089_11 expire 2 lines
08-11 01:21:49.067  2089  4413 I chatty  : uid=1000(system) Binder:2089_1A expire 3 lines
08-11 01:21:49.604  2089  3106 I chatty  : uid=1000(system) Binder:2089_A expire 7 lines
08-11 01:21:50.349  2089  4295 I chatty  : uid=1000(system) Binder:2089_C expire 2 lines
08-11 01:22:47.247  2089  2208 I chatty  : uid=1000(system) ActivityManager expire 2 lines
08-11 01:22:47.248  2089  2210 I chatty  : uid=1000(system) ActivityManager expire 27 lines
08-11 01:22:47.947  2089  4297 I chatty  : uid=1000(system) Binder:2089_E expire 4 lines
08-11 01:22:48.181  2089  2662 I chatty  : uid=1000(system) ConnectivitySer expire 17 lines
08-11 01:22:48.552  2089  4403 I chatty  : uid=1000(system) Binder:2089_18 expire 9 lines
08-11 01:22:48.722  2089  4402 I chatty  : uid=1000(system) Binder:2089_17 expire 2 lines
08-11 01:22:48.921  2089  2089 I chatty  : uid=1000 system_server expire 37 lines
08-11 01:22:49.925  2089  4295 I chatty  : uid=1000(system) Binder:2089_C expire 3 lines
08-11 01:22:50.704  2089  4320 I chatty  : uid=1000(system) Binder:2089_11 expire 4 lines
08-11 01:22:50.711  2089  4413 I chatty  : uid=1000(system) Binder:2089_1A expire 1 line
08-11 01:22:51.273  2089  4936 I chatty  : uid=1000(system) Binder:2089_1B expire 3 lines
08-11 01:22:52.062  2089  2247 I chatty  : uid=1000(system) batterystats-wo expire 54 lines
08-11 01:22:52.575  2089  3106 I chatty  : uid=1000(system) Binder:2089_A expire 2 lines
08-11 01:22:52.710  2089  4975 I chatty  : uid=1000(system) Binder:2089_1C expire 6 lines
08-11 01:22:54.573  2089  2967 I chatty  : uid=1000(system) Binder:2089_9 expire 1 line
08-11 01:23:40.647  2089  2464 I chatty  : uid=1000(system) UEventObserver expire 16 lines
08-11 01:25:51.494  2089  2247 I chatty  : uid=1000(system) batterystats-wo expire 53 lines
08-11 01:25:51.549  2089  2662 I chatty  : uid=1000(system) ConnectivitySer expire 55 lines
08-11 01:25:51.653  1215  1215 D android.hardware.wifi@1.0-service: Successfully SetMacAddress.
08-11 01:25:51.662  1532  1532 W wificond: Scan is not started. Ignore abort request
08-11 01:25:51.781  2089  2967 I chatty  : uid=1000(system) Binder:2089_9 expire 1 line
08-11 01:25:52.009  2089  2632 I chatty  : uid=1000(system) WifiHandlerThre expire 1 line
08-11 01:25:52.190  3513  3536 W Binder  : reply too large data on java level: InterfaceDescriptor = null, code = 1
08-11 01:25:52.226  1125  1159 E NetlinkEvent: NetlinkEvent::FindParam(): Parameter 'INTERFACE' not found
08-11 01:25:52.226  1125  1159 E NetlinkEvent: NetlinkEvent::FindParam(): Parameter 'STATE' not found
08-11 01:25:52.226  1125  1159 E NetlinkEvent: NetlinkEvent::FindParam(): Parameter 'TIME_NS' not found
08-11 01:25:52.226  1125  1159 E NetlinkEvent: NetlinkEvent::FindParam(): Parameter 'UID' not found
08-11 01:25:52.423  2089  4402 I chatty  : uid=1000(system) Binder:2089_17 expire 9 lines
08-11 01:25:52.573  2089  4296 I chatty  : uid=1000(system) Binder:2089_D expire 7 lines
08-11 01:25:52.706  2089  4295 I chatty  : uid=1000(system) Binder:2089_C expire 10 lines
08-11 01:25:52.718  2089  2208 I chatty  : uid=1000(system) ActivityManager expire 2 lines
08-11 01:25:56.852  2089  2207 I chatty  : uid=1000(system) android.bg expire 2 lines
08-11 01:25:57.499  2089  4975 I chatty  : uid=1000(system) Binder:2089_1C expire 2 lines
08-11 01:26:00.644  2089  2460 I chatty  : uid=1000(system) Binder:2089_4 expire 1 line
08-11 01:26:17.079  2089  2459 I chatty  : uid=1000(system) Binder:2089_3 expire 2 lines
08-11 01:26:17.316  2089  3106 I chatty  : uid=1000(system) Binder:2089_A expire 4 lines
08-11 01:29:12.581  2089  2662 I chatty  : uid=1000(system) ConnectivitySer expire 7 lines
08-11 01:29:15.484  2089  2464 I chatty  : uid=1000(system) UEventObserver expire 8 lines
08-11 01:29:46.058  2089  2247 I chatty  : uid=1000(system) batterystats-wo expire 52 lines
08-11 01:30:07.699  2089  2459 I chatty  : uid=1000(system) Binder:2089_3 expire 7 lines
08-11 01:30:50.146  2089  2275 I chatty  : uid=1000(system) PowerManagerSer expire 7 lines
08-11 01:30:50.161  2089  2126 I chatty  : uid=1000(system) android.ui expire 3 lines
08-11 01:30:50.232  2089  2128 I chatty  : uid=1000(system) android.display expire 3 lines
08-11 01:30:50.242  2089  2089 I chatty  : uid=1000 system_server expire 14 lines
08-11 01:30:50.695 27977 27977 V MotoFingerprintManager: touchFodMandatory motionEvent:MotionEvent { action=ACTION_MOVE, actionButton=0, id[0]=0, x[0]=279.93948, y[0]=2168.894, toolType[0]=TOOL_TYPE_FINGER, id[1]=2, x[1]=393.09558, y[1]=1959.456, toolType[1]=TOOL_TYPE_FINGER, buttonState=0, classification=NONE, metaState=0, flags=0x0, edgeFlags=0x0, pointerCount=2, historySize=1, eventTime=54932862, downTime=54932796, deviceId=5, source=0x1002, displayId=0 } by (com.motorola.motodisplay)
08-11 01:30:50.709 27977 27977 V MotoFingerprintManager: touchFodMandatory motionEvent:MotionEvent { action=ACTION_MOVE, actionButton=0, id[0]=1, x[0]=199.21774, y[0]=1711.0002, toolType[0]=TOOL_TYPE_FINGER, buttonState=0, classification=NONE, metaState=0, flags=0x0, edgeFlags=0x0, pointerCount=1, historySize=3, eventTime=54932878, downTime=54932796, deviceId=5, source=0x1002, displayId=0 } by (com.motorola.motodisplay)
08-11 01:30:50.710 27977 27977 V MotoFingerprintManager: touchFodMandatory motionEvent:MotionEvent { action=ACTION_MOVE, actionButton=0, id[0]=0, x[0]=278.50076, y[0]=2165.7803, toolType[0]=TOOL_TYPE_FINGER, id[1]=2, x[1]=362.02142, y[1]=1960.9558, toolType[1]=TOOL_TYPE_FINGER, buttonState=0, classification=NONE, metaState=0, flags=0x0, edgeFlags=0x0, pointerCount=2, historySize=3, eventTime=54932878, downTime=54932796, deviceId=5, source=0x1002, displayId=0 } by (com.motorola.motodisplay)
08-11 01:30:50.727 27977 27977 V MotoFingerprintManager: touchFodMandatory motionEvent:MotionEvent { action=ACTION_MOVE, actionButton=0, id[0]=1, x[0]=150.55171, y[0]=1701.242, toolType[0]=TOOL_TYPE_FINGER, buttonState=0, classification=NONE, metaState=0, flags=0x0, edgeFlags=0x0, pointerCount=1, historySize=3, eventTime=54932895, downTime=54932796, deviceId=5, source=0x1002, displayId=0 } by (com.motorola.motodisplay)
08-11 01:30:50.728 27977 27977 V MotoFingerprintManager: touchFodMandatory motionEvent:MotionEvent { action=ACTION_MOVE, actionButton=0, id[0]=0, x[0]=270.17215, y[0]=2170.2727, toolType[0]=TOOL_TYPE_FINGER, id[1]=2, x[1]=325.92993, y[1]=1970.1421, toolType[1]=TOOL_TYPE_FINGER, buttonState=0, classification=NONE, metaState=0, flags=0x0, edgeFlags=0x0, pointerCount=2, historySize=3, eventTime=54932895, downTime=54932796, deviceId=5, source=0x1002, displayId=0 } by (com.motorola.motodisplay)
08-11 01:30:50.741 27977 27977 V MotoFingerprintManager: touchFodMandatory motionEvent:MotionEvent { action=ACTION_MOVE, actionButton=0, id[0]=1, x[0]=139.24072, y[0]=1701.5402, toolType[0]=TOOL_TYPE_FINGER, buttonState=0, classification=NONE, metaState=0, flags=0x0, edgeFlags=0x0, pointerCount=1, historySize=3, eventTime=54932911, downTime=54932796, deviceId=5, source=0x1002, displayId=0 } by (com.motorola.motodisplay)
08-11 01:30:50.743 27977 27977 V MotoFingerprintManager: touchFodMandatory motionEvent:MotionEvent { action=ACTION_MOVE, actionButton=0, id[0]=0, x[0]=259.86728, y[0]=2177.6082, toolType[0]=TOOL_TYPE_FINGER, id[1]=2, x[1]=309.71295, y[1]=1976.2314, toolType[1]=TOOL_TYPE_FINGER, buttonState=0, classification=NONE, metaState=0, flags=0x0, edgeFlags=0x0, pointerCount=2, historySize=3, eventTime=54932911, downTime=54932796, deviceId=5, source=0x1002, displayId=0 } by (com.motorola.motodisplay)
08-11 01:30:50.766 27977 27977 V MotoFingerprintManager: touchFodMandatory motionEvent:MotionEvent { action=ACTION_MOVE, actionButton=0, id[0]=1, x[0]=127.84942, y[0]=1702.0271, toolType[0]=TOOL_TYPE_FINGER, buttonState=0, classification=NONE, metaState=0, flags=0x0, edgeFlags=0x0, pointerCount=1, historySize=3, eventTime=54932927, downTime=54932796, deviceId=5, source=0x1002, displayId=0 } by (com.motorola.motodisplay)
08-11 01:30:50.768 27977 27977 V MotoFingerprintManager: touchFodMandatory motionEvent:MotionEvent { action=ACTION_MOVE, actionButton=0, id[0]=0, x[0]=258.58, y[0]=2180.7354, toolType[0]=TOOL_TYPE_FINGER, id[1]=2, x[1]=308.47714, y[1]=1978.1531, toolType[1]=TOOL_TYPE_FINGER, buttonState=0, classification=NONE, metaState=0, flags=0x0, edgeFlags=0x0, pointerCount=2, historySize=3, eventTime=54932927, downTime=54932796, deviceId=5, source=0x1002, displayId=0 } by (com.motorola.motodisplay)
08-11 01:30:50.778 27977 27977 V MotoFingerprintManager: touchFodMandatory motionEvent:MotionEvent { action=ACTION_MOVE, actionButton=0, id[0]=1, x[0]=127.39366, y[0]=1703.5482, toolType[0]=TOOL_TYPE_FINGER, buttonState=0, classification=NONE, metaState=0, flags=0x0, edgeFlags=0x0, pointerCount=1, historySize=0, eventTime=54932939, downTime=54932796, deviceId=5, source=0x1002, displayId=0 } by (com.motorola.motodisplay)
08-11 01:30:50.779 27977 27977 V MotoFingerprintManager: touchFodMandatory motionEvent:MotionEvent { action=ACTION_MOVE, actionButton=0, id[0]=0, x[0]=258.2688, y[0]=2181.9507, toolType[0]=TOOL_TYPE_FINGER, id[1]=2, x[1]=308.22113, y[1]=1979.144, toolType[1]=TOOL_TYPE_FINGER, buttonState=0, classification=NONE, metaState=0, flags=0x0, edgeFlags=0x0, pointerCount=2, historySize=0, eventTime=54932939, downTime=54932796, deviceId=5, source=0x1002, displayId=0 } by (com.motorola.motodisplay)
08-11 01:30:50.791 27977 27977 V MotoFingerprintManager: touchFodMandatory motionEvent:MotionEvent { action=ACTION_MOVE, actionButton=0, id[0]=1, x[0]=118.291, y[0]=1699.6759, toolType[0]=TOOL_TYPE_FINGER, buttonState=0, classification=NONE, metaState=0, flags=0x0, edgeFlags=0x0, pointerCount=1, historySize=3, eventTime=54932960, downTime=54932796, deviceId=5, source=0x1002, displayId=0 } by (com.motorola.motodisplay)
08-11 01:30:50.793 27977 27977 V MotoFingerprintManager: touchFodMandatory motionEvent:MotionEvent { action=ACTION_MOVE, actionButton=0, id[0]=0, x[0]=260.1931, y[0]=2182.241, toolType[0]=TOOL_TYPE_FINGER, id[1]=2, x[1]=308.16, y[1]=1980.3801, toolType[1]=TOOL_TYPE_FINGER, buttonState=0, classification=NONE, metaState=0, flags=0x0, edgeFlags=0x0, pointerCount=2, historySize=3, eventTime=54932960, downTime=54932796, deviceId=5, source=0x1002, displayId=0 } by (com.motorola.motodisplay)
08-11 01:30:50.810 27977 27977 V MotoFingerprintManager: touchFodMandatory motionEvent:MotionEvent { action=ACTION_MOVE, actionButton=0, id[0]=1, x[0]=100.11743, y[0]=1677.8804, toolType[0]=TOOL_TYPE_FINGER, buttonState=0, classification=NONE, metaState=0, flags=0x0, edgeFlags=0x0, pointerCount=1, historySize=3, eventTime=54932977, downTime=54932796, deviceId=5, source=0x1002, displayId=0 } by (com.motorola.motodisplay)
08-11 01:30:50.812 27977 27977 V MotoFingerprintManager: touchFodMandatory motionEvent:MotionEvent { action=ACTION_MOVE, actionButton=0, id[0]=0, x[0]=260.07474, y[0]=2182.706, toolType[0]=TOOL_TYPE_FINGER, id[1]=2, x[1]=300.06406, y[1]=1981.7598, toolType[1]=TOOL_TYPE_FINGER, buttonState=0, classification=NONE, metaState=0, flags=0x0, edgeFlags=0x0, pointerCount=2, historySize=3, eventTime=54932977, downTime=54932796, deviceId=5, source=0x1002, displayId=0 } by (com.motorola.motodisplay)
08-11 01:30:50.825 27977 27977 V MotoFingerprintManager: touchFodMandatory motionEvent:MotionEvent { action=ACTION_MOVE, actionButton=0, id[0]=1, x[0]=99.02248, y[0]=1675.9772, toolType[0]=TOOL_TYPE_FINGER, buttonState=0, classification=NONE, metaState=0, flags=0x0, edgeFlags=0x0, pointerCount=1, historySize=1, eventTime=54932985, downTime=54932796, deviceId=5, source=0x1002, displayId=0 } by (com.motorola.motodisplay)
08-11 01:30:50.826 27977 27977 V MotoFingerprintManager: touchFodMandatory motionEvent:MotionEvent { action=ACTION_MOVE, actionButton=0, id[0]=0, x[0]=259.0143, y[0]=2182.9438, toolType[0]=TOOL_TYPE_FINGER, id[1]=2, x[1]=291.01266, y[1]=1977.9543, toolType[1]=TOOL_TYPE_FINGER, buttonState=0, classification=NONE, metaState=0, flags=0x0, edgeFlags=0x0, pointerCount=2, historySize=1, eventTime=54932985, downTime=54932796, deviceId=5, source=0x1002, displayId=0 } by (com.motorola.motodisplay)
08-11 01:30:50.829 27977 27977 V MotoFingerprintManager: touchFodMandatory motionEvent:MotionEvent { action=ACTION_MOVE, actionButton=0, id[0]=0, x[0]=254.01457, y[0]=2180.9438, toolType[0]=TOOL_TYPE_FINGER, id[1]=2, x[1]=253.01462, y[1]=1949.9558, toolType[1]=TOOL_TYPE_FINGER, buttonState=0, classification=NONE, metaState=0, flags=0x0, edgeFlags=0x0, pointerCount=2, historySize=1, eventTime=54932993, downTime=54932796, deviceId=5, source=0x1002, displayId=0 } by (com.motorola.motodisplay)
08-11 01:30:50.841 27977 27977 V MotoFingerprintManager: touchFodMandatory motionEvent:MotionEvent { action=ACTION_MOVE, actionButton=0, id[0]=0, x[0]=239.0, y[0]=2172.0, toolType[0]=TOOL_TYPE_FINGER, id[1]=2, x[1]=181.0, y[1]=1899.0, toolType[1]=TOOL_TYPE_FINGER, buttonState=0, classification=NONE, metaState=0, flags=0x0, edgeFlags=0x0, pointerCount=2, historySize=3, eventTime=54933009, downTime=54932796, deviceId=5, source=0x1002, displayId=0 } by (com.motorola.motodisplay)
08-11 01:30:50.843 27977 27977 V MotoFingerprintManager: touchFodMandatory motionEvent:MotionEvent { action=ACTION_MOVE, actionButton=0, id[0]=0, x[0]=237.0, y[0]=2171.0, toolType[0]=TOOL_TYPE_FINGER, id[1]=2, x[1]=177.0, y[1]=1897.0, toolType[1]=TOOL_TYPE_FINGER, buttonState=0, classification=NONE, metaState=0, flags=0x0, edgeFlags=0x0, pointerCount=2, historySize=0, eventTime=54933013, downTime=54932796, deviceId=5, source=0x1002, displayId=0 } by (com.motorola.motodisplay)
08-11 01:30:50.856 27977 27977 V MotoFingerprintManager: touchFodMandatory motionEvent:MotionEvent { action=ACTION_MOVE, actionButton=0, id[0]=0, x[0]=226.0, y[0]=2143.0, toolType[0]=TOOL_TYPE_FINGER, buttonState=0, classification=NONE, metaState=0, flags=0x0, edgeFlags=0x0, pointerCount=1, historySize=1, eventTime=54933025, downTime=54932796, deviceId=5, source=0x1002, displayId=0 } by (com.motorola.motodisplay)
08-11 01:30:50.863 27977 27977 V MotoFingerprintManager: touchFodMandatory motionEvent:MotionEvent { action=ACTION_MOVE, actionButton=0, id[0]=0, x[0]=210.0, y[0]=2122.0, toolType[0]=TOOL_TYPE_FINGER, buttonState=0, classification=NONE, metaState=0, flags=0x0, edgeFlags=0x0, pointerCount=1, historySize=1, eventTime=54933034, downTime=54932796, deviceId=5, source=0x1002, displayId=0 } by (com.motorola.motodisplay)
08-11 01:30:51.580  2089  2208 I chatty  : uid=1000(system) ActivityManager expire 10 lines
08-11 01:30:51.674  2746  2774 V FingerprintManager: onAuthenticationSucceeded
08-11 01:30:51.679  2746  2746 V FingerprintManager: handleMessage:successed
08-11 01:30:51.703  2089  2124 I chatty  : uid=1000(system) android.fg expire 7 lines
08-11 01:30:51.784  2089  2966 I chatty  : uid=1000(system) Binder:2089_8 expire 3 lines
08-11 01:30:51.868  2746  2746 V MotoFingerprintManager: showFodIndicator show:false by (com.android.systemui)
08-11 01:30:51.875  2089  4320 I chatty  : uid=1000(system) Binder:2089_11 expire 1 line
08-11 01:30:51.887  2089  4327 I chatty  : uid=1000(system) Binder:2089_16 expire 3 lines
08-11 01:30:51.888  2089  2210 I chatty  : uid=1000(system) ActivityManager expire 10 lines
08-11 01:30:51.890  2089  2796 I chatty  : uid=1000(system) Binder:2089_7 expire 1 line
08-11 01:30:51.968  2089  4295 I chatty  : uid=1000(system) Binder:2089_C expire 2 lines
08-11 01:30:52.060  2089  2129 I chatty  : uid=1000(system) android.anim expire 2 lines
08-11 01:30:52.063  2089  4413 I chatty  : uid=1000(system) Binder:2089_1A expire 2 lines
08-11 01:30:52.177  2089  4975 I chatty  : uid=1000(system) Binder:2089_1C expire 1 line
08-11 01:30:52.724  2089  4325 I chatty  : uid=1000(system) Binder:2089_14 expire 1 line
08-11 01:30:53.134  2089  4317 I chatty  : uid=1000(system) Binder:2089_10 expire 1 line
08-11 01:30:54.425  2089  2247 I chatty  : uid=1000(system) batterystats-wo expire 52 lines
08-11 01:31:04.319  2089  2126 I chatty  : uid=1000(system) android.ui expire 2 lines
08-11 01:31:04.334  2089  2089 I chatty  : uid=1000 system_server expire 22 lines
08-11 01:31:04.793  2089  2275 I chatty  : uid=1000(system) PowerManagerSer expire 7 lines
08-11 01:31:04.848  2089  2128 I chatty  : uid=1000(system) android.display expire 6 lines
08-11 01:31:04.952  2089  2662 I chatty  : uid=1000(system) ConnectivitySer expire 3 lines
08-11 01:31:05.093  2089  2124 I chatty  : uid=1000(system) android.fg expire 4 lines
08-11 01:31:05.249  2089  2129 I chatty  : uid=1000(system) android.anim expire 3 lines
08-11 01:31:05.364  2089  5430 I chatty  : uid=1000(system) Binder:2089_1D expire 4 lines
08-11 01:31:05.716  2089  4295 I chatty  : uid=1000(system) Binder:2089_C expire 5 lines
08-11 01:31:09.140  2089  4317 I chatty  : uid=1000(system) Binder:2089_10 expire 6 lines
08-11 01:31:09.202  2089  2210 I chatty  : uid=1000(system) ActivityManager expire 53 lines
08-11 01:31:09.700  2089  4975 I chatty  : uid=1000(system) Binder:2089_1C expire 1 line
08-11 01:31:10.142  2089  2796 I chatty  : uid=1000(system) Binder:2089_7 expire 2 lines
08-11 01:31:10.271  2089  4936 I chatty  : uid=1000(system) Binder:2089_1B expire 1 line
08-11 01:31:10.271  2089  4413 I chatty  : uid=1000(system) Binder:2089_1A expire 1 line
08-11 01:31:10.350  2089  2459 I chatty  : uid=1000(system) Binder:2089_3 expire 2 lines
08-11 01:31:10.351  2089  2662 I chatty  : uid=1000(system) ConnectivitySer expire 14 lines
08-11 01:31:10.388  2089  2110 I chatty  : uid=1000(system) Binder:2089_2 expire 2 lines
08-11 01:31:10.486  2089  2464 I chatty  : uid=1000(system) UEventObserver expire 8 lines
08-11 01:31:10.610  2089  4317 I chatty  : uid=1000(system) Binder:2089_10 expire 7 lines
08-11 01:31:10.747  2089  3107 I chatty  : uid=1000(system) Binder:2089_B expire 6 lines
08-11 01:31:10.749  2089  2109 I chatty  : uid=1000(system) Binder:2089_1 expire 6 lines
08-11 01:31:10.817  2089  2210 I chatty  : uid=1000(system) ActivityManager expire 14 lines
08-11 01:31:11.200  2089  4326 I chatty  : uid=1000(system) Binder:2089_15 expire 4 lines
08-11 01:31:11.475  2089  2247 I chatty  : uid=1000(system) batterystats-wo expire 52 lines
08-11 01:31:11.794  2089  4322 I chatty  : uid=1000(system) Binder:2089_13 expire 3 lines
08-11 01:31:11.974  2089  7117 I chatty  : uid=1000(system) Binder:2089_1E expire 2 lines
08-11 01:31:12.050  2089  4403 I chatty  : uid=1000(system) Binder:2089_18 expire 1 line
08-11 01:32:42.196  2089  4307 I chatty  : uid=1000(system) Binder:2089_F expire 1 line
08-11 01:32:42.205  2089  2208 I chatty  : uid=1000(system) ActivityManager expire 6 lines
08-11 01:32:44.778  2089  2126 I chatty  : uid=1000(system) android.ui expire 5 lines
08-11 01:33:43.194  2089  4325 I chatty  : uid=1000(system) Binder:2089_14 expire 3 lines
08-11 01:33:43.247  2089  2275 I chatty  : uid=1000(system) PowerManagerSer expire 6 lines
08-11 01:33:43.316  2089  2128 I chatty  : uid=1000(system) android.display expire 2 lines
08-11 01:33:43.352  2089  2089 I chatty  : uid=1000 system_server expire 8 lines
08-11 01:33:44.204  2746  2771 V FingerprintManager: onAuthenticationSucceeded
08-11 01:33:44.204  2746  2746 V FingerprintManager: handleMessage:successed
08-11 01:33:44.220  2089  4297 I chatty  : uid=1000(system) Binder:2089_E expire 2 lines
08-11 01:33:44.234  2089  2124 I chatty  : uid=1000(system) android.fg expire 9 lines
08-11 01:33:44.316  2089  4325 I chatty  : uid=1000(system) Binder:2089_14 expire 6 lines
08-11 01:33:44.324  2089  4297 I chatty  : uid=1000(system) Binder:2089_E expire 2 lines
08-11 01:33:44.368  2089  2208 I chatty  : uid=1000(system) ActivityManager expire 9 lines
08-11 01:33:44.391  2089  2210 I chatty  : uid=1000(system) ActivityManager expire 6 lines
08-11 01:33:44.400  2746  2746 V MotoFingerprintManager: showFodIndicator show:false by (com.android.systemui)
08-11 01:33:44.406  2089  2275 I chatty  : uid=1000(system) PowerManagerSer expire 8 lines
08-11 01:33:44.510  2089  2128 I chatty  : uid=1000(system) android.display expire 7 lines
08-11 01:33:44.514  2089  2089 I chatty  : uid=1000 system_server expire 9 lines
08-11 01:33:44.546  2089  2129 I chatty  : uid=1000(system) android.anim expire 4 lines
08-11 01:33:44.580  2089  2109 I chatty  : uid=1000(system) Binder:2089_1 expire 2 lines
08-11 01:33:44.600  2089  4402 I chatty  : uid=1000(system) Binder:2089_17 expire 2 lines
08-11 01:33:44.667  2089  7147 I chatty  : uid=1000(system) Binder:2089_20 expire 2 lines
08-11 01:33:44.822  2089  4403 I chatty  : uid=1000(system) Binder:2089_18 expire 3 lines
08-11 01:33:44.906  2089  2662 I chatty  : uid=1000(system) ConnectivitySer expire 16 lines
08-11 01:33:46.049  2089  2110 I chatty  : uid=1000(system) Binder:2089_2 expire 2 lines
08-11 01:33:46.936  2089  2247 I chatty  : uid=1000(system) batterystats-wo expire 39 lines
08-11 01:33:51.583  2089  4326 I chatty  : uid=1000(system) Binder:2089_15 expire 2 lines
08-11 01:33:51.595  2089  2966 I chatty  : uid=1000(system) Binder:2089_8 expire 1 line
08-11 01:33:51.596  2089  5430 I chatty  : uid=1000(system) Binder:2089_1D expire 1 line
08-11 01:33:51.596  2089  3106 I chatty  : uid=1000(system) Binder:2089_A expire 1 line
