08-11 04:10:25.337  2089  7117 I chatty  : uid=1000(system) Binder:2089_1E expire 2 lines
08-11 04:10:41.443  2089  4321 I chatty  : uid=1000(system) Binder:2089_12 expire 2 lines
08-11 04:10:42.107  2089  4975 I chatty  : uid=1000(system) Binder:2089_1C expire 1 line
08-11 04:10:42.108  2089  2126 I chatty  : uid=1000(system) android.ui expire 2 lines
08-11 04:10:46.446  2089  4413 I chatty  : uid=1000(system) Binder:2089_1A expire 1 line
08-11 04:10:46.521  2089  2247 I chatty  : uid=1000(system) batterystats-wo expire 72 lines
08-11 04:10:46.568  2089  3107 I chatty  : uid=1000(system) Binder:2089_B expire 1 line
08-11 04:10:46.649  2089  2662 I chatty  : uid=1000(system) ConnectivitySer expire 7 lines
08-11 04:10:47.524  2089  2464 I chatty  : uid=1000(system) UEventObserver expire 3 lines
08-11 04:11:03.239  2089  2110 I chatty  : uid=1000(system) Binder:2089_2 expire 3 lines
08-11 04:11:03.271  2089  2275 I chatty  : uid=1000(system) PowerManagerSer expire 7 lines
08-11 04:11:03.278  2089  2126 I chatty  : uid=1000(system) android.ui expire 2 lines
08-11 04:11:03.326  2089  2128 I chatty  : uid=1000(system) android.display expire 3 lines
08-11 04:11:03.329  2089  2089 I chatty  : uid=1000 system_server expire 11 lines
08-11 04:11:04.773  2746 17690 V FingerprintManager: onAuthenticationSucceeded
08-11 04:11:04.774  2746  2746 V FingerprintManager: handleMessage:successed
08-11 04:11:04.791  2089  2785 I chatty  : uid=1000(system) Binder:2089_5 expire 4 lines
08-11 04:11:04.804  2089  2124 I chatty  : uid=1000(system) android.fg expire 5 lines
08-11 04:11:04.946  2746  2746 V MotoFingerprintManager: showFodIndicator show:false by (com.android.systemui)
08-11 04:11:04.948  2089  2208 I chatty  : uid=1000(system) ActivityManager expire 7 lines
08-11 04:11:04.993  2089  2129 I chatty  : uid=1000(system) android.anim expire 5 lines
08-11 04:11:05.004  2089  4975 I chatty  : uid=1000(system) Binder:2089_1C expire 4 lines
08-11 04:11:05.005  2089  2210 I chatty  : uid=1000(system) ActivityManager expire 8 lines
08-11 04:11:05.109  2089  4936 I chatty  : uid=1000(system) Binder:2089_1B expire 8 lines
08-11 04:11:05.206  2089  7118 I chatty  : uid=1000(system) Binder:2089_1F expire 2 lines
08-11 04:11:05.262  2089  2966 I chatty  : uid=1000(system) Binder:2089_8 expire 3 lines
08-11 04:11:07.518  2089  2247 I chatty  : uid=1000(system) batterystats-wo expire 28 lines
08-11 04:11:08.733  2089  2129 I chatty  : uid=1000(system) android.anim expire 9 lines
08-11 04:11:14.783  2089  2662 I chatty  : uid=1000(system) ConnectivitySer expire 55 lines
08-11 04:11:24.013  2089  2464 I chatty  : uid=1000(system) UEventObserver expire 3 lines
08-11 04:11:35.559  2089  2460 I chatty  : uid=1000(system) Binder:2089_4 expire 10 lines
08-11 04:11:39.485  2089  2089 I chatty  : uid=1000 system_server expire 47 lines
08-11 04:11:42.299  2089  7118 I chatty  : uid=1000(system) Binder:2089_1F expire 3 lines
08-11 04:11:53.850  2089  2208 I chatty  : uid=1000(system) ActivityManager expire 4 lines
08-11 04:11:53.851  2089  2210 I chatty  : uid=1000(system) ActivityManager expire 4 lines
08-11 04:11:54.224  2089  3106 I chatty  : uid=1000(system) Binder:2089_A expire 4 lines
08-11 04:11:54.364  2089  4413 I chatty  : uid=1000(system) Binder:2089_1A expire 6 lines
08-11 04:11:54.473  2089  2110 I chatty  : uid=1000(system) Binder:2089_2 expire 13 lines
08-11 04:11:57.434  2089  2795 I chatty  : uid=1000(system) Binder:2089_6 expire 7 lines
08-11 04:11:57.870  2089  4936 I chatty  : uid=1000(system) Binder:2089_1B expire 7 lines
08-11 04:11:58.587  2089  2128 I chatty  : uid=1000(system) android.display expire 12 lines
08-11 04:12:01.278  2089  4600 I chatty  : uid=1000(system) HwBinder:2089_5 expire 2 lines
08-11 04:12:12.606  2089  2109 I chatty  : uid=1000(system) Binder:2089_1 expire 3 lines
08-11 04:12:32.874  2089  4975 I chatty  : uid=1000(system) Binder:2089_1C expire 1 line
08-11 04:12:32.885  2089  4325 I chatty  : uid=1000(system) Binder:2089_14 expire 3 lines
08-11 04:12:33.068  2089  4327 I chatty  : uid=1000(system) Binder:2089_16 expire 1 line
08-11 04:12:33.069  2089  4295 I chatty  : uid=1000(system) Binder:2089_C expire 1 line
08-11 04:12:33.070  2089  2966 I chatty  : uid=1000(system) Binder:2089_8 expire 1 line
08-11 04:12:34.114  2089  7117 I chatty  : uid=1000(system) Binder:2089_1E expire 2 lines
08-11 04:12:34.302 32026 32026 I ActivityThread: handleStopService: token=android.os.BinderProxy@4ffa42a not found.
08-11 04:12:35.182  2089  2662 I chatty  : uid=1000(system) ConnectivitySer expire 2 lines
08-11 04:12:35.647  2089  4317 I chatty  : uid=1000(system) Binder:2089_10 expire 1 line
08-11 04:12:35.650  2089  5430 I chatty  : uid=1000(system) Binder:2089_1D expire 1 line
08-11 04:12:36.129  2089  4326 I chatty  : uid=1000(system) Binder:2089_15 expire 1 line
08-11 04:12:36.130  2089  2662 I chatty  : uid=1000(system) ConnectivitySer expire 12 lines
08-11 04:12:36.130  2089  5430 I chatty  : uid=1000(system) Binder:2089_1D expire 7 lines
08-11 04:12:36.144  2089  2128 I chatty  : uid=1000(system) android.display expire 3 lines
08-11 04:12:44.976  2089  4297 I chatty  : uid=1000(system) Binder:2089_E expire 6 lines
08-11 04:12:45.026  2089  2210 I chatty  : uid=1000(system) ActivityManager expire 45 lines
08-11 04:12:45.082  2089  2967 I chatty  : uid=1000(system) Binder:2089_9 expire 4 lines
08-11 04:12:45.224  2089  2129 I chatty  : uid=1000(system) android.anim expire 4 lines
08-11 04:12:46.064  2089  2208 I chatty  : uid=1000(system) ActivityManager expire 12 lines
08-11 04:12:46.256  2089  2089 I chatty  : uid=1000 system_server expire 22 lines
08-11 04:12:46.301  2089  4975 I chatty  : uid=1000(system) Binder:2089_1C expire 1 line
08-11 04:12:46.474  2089  2288 I chatty  : uid=1000(system) PackageManager expire 1 line
08-11 04:12:46.790  2089  2124 I chatty  : uid=1000(system) android.fg expire 5 lines
08-11 04:12:46.794  2089  2577 I chatty  : uid=1000(system) StorageManagerS expire 1 line
08-11 04:12:46.859  2089  2126 I chatty  : uid=1000(system) android.ui expire 3 lines
08-11 04:12:46.864  2089  2473 I chatty  : uid=1000(system) RollbackManager expire 1 line
08-11 04:12:47.639  2089  4413 I chatty  : uid=1000(system) Binder:2089_1A expire 9 lines
08-11 04:12:47.740  2089  4325 I chatty  : uid=1000(system) Binder:2089_14 expire 2 lines
08-11 04:12:47.881 32243 32285 E ActivityThread: Failed to find provider info for com.facebook.appmanager.nekodirect
08-11 04:12:48.302  2089  7117 I chatty  : uid=1000(system) Binder:2089_1E expire 6 lines
08-11 04:12:48.365  2089  2247 I chatty  : uid=1000(system) batterystats-wo expire 28 lines
08-11 04:12:48.442  2089  4322 I chatty  : uid=1000(system) Binder:2089_13 expire 2 lines
08-11 04:12:48.624  2089  2966 I chatty  : uid=1000(system) Binder:2089_8 expire 3 lines
08-11 04:12:50.053  2089  4296 I chatty  : uid=1000(system) Binder:2089_D expire 1 line
08-11 04:12:50.412  2089  2110 I chatty  : uid=1000(system) Binder:2089_2 expire 6 lines
08-11 04:12:50.829  2089  4321 I chatty  : uid=1000(system) Binder:2089_12 expire 4 lines
08-11 04:12:51.103  2089  2459 I chatty  : uid=1000(system) Binder:2089_3 expire 17 lines
08-11 04:13:05.250  2089  2464 I chatty  : uid=1000(system) UEventObserver expire 3 lines
08-11 04:13:10.955  2089  2208 I chatty  : uid=1000(system) ActivityManager expire 4 lines
08-11 04:13:10.957  2089  2210 I chatty  : uid=1000(system) ActivityManager expire 14 lines
08-11 04:13:11.001  2089  2089 I chatty  : uid=1000 system_server expire 13 lines
08-11 04:13:12.122  2089  4327 I chatty  : uid=1000(system) Binder:2089_16 expire 2 lines
08-11 04:13:12.779  2089  2967 I chatty  : uid=1000(system) Binder:2089_9 expire 15 lines
08-11 04:13:12.850  2089  2128 I chatty  : uid=1000(system) android.display expire 3 lines
08-11 04:13:16.807  2089  2662 I chatty  : uid=1000(system) ConnectivitySer expire 32 lines
08-11 04:13:20.059  2089  4321 I chatty  : uid=1000(system) Binder:2089_12 expire 6 lines
08-11 04:13:21.213   787   787 D ActivityThread: Loading provider contacts;com.android.contacts: com.android.providers.contacts.ContactsProvider2
08-11 04:13:22.595  2089  2110 I chatty  : uid=1000(system) Binder:2089_2 expire 16 lines
08-11 04:13:36.734  2089  2210 I chatty  : uid=1000(system) ActivityManager expire 12 lines
08-11 04:13:36.759  2089  2129 I chatty  : uid=1000(system) android.anim expire 11 lines
08-11 04:13:37.152  2089  5430 I chatty  : uid=1000(system) Binder:2089_1D expire 14 lines
08-11 04:13:40.061  2089  2109 I chatty  : uid=1000(system) Binder:2089_1 expire 5 lines
08-11 04:13:43.832  2089  2124 I chatty  : uid=1000(system) android.fg expire 4 lines
08-11 04:13:47.893  2089  4295 I chatty  : uid=1000(system) Binder:2089_C expire 6 lines
08-11 04:13:48.275  2089  3107 I chatty  : uid=1000(system) Binder:2089_B expire 4 lines
08-11 04:13:51.269  2089  7147 I chatty  : uid=1000(system) Binder:2089_20 expire 3 lines
08-11 04:14:00.374  2089  7117 I chatty  : uid=1000(system) Binder:2089_1E expire 4 lines
08-11 04:14:11.386  2089  4296 I chatty  : uid=1000(system) Binder:2089_D expire 2 lines
08-11 04:14:11.442  2089  2662 I chatty  : uid=1000(system) ConnectivitySer expire 10 lines
08-11 04:14:12.270  2089  2089 I chatty  : uid=1000 system_server expire 23 lines
08-11 04:14:15.120  2089  2129 I chatty  : uid=1000(system) android.anim expire 33 lines
08-11 04:14:16.407  2089  7117 I chatty  : uid=1000(system) Binder:2089_1E expire 3 lines
08-11 04:14:17.315  2089  2967 I chatty  : uid=1000(system) Binder:2089_9 expire 3 lines
08-11 04:14:17.549  2089  7118 I chatty  : uid=1000(system) Binder:2089_1F expire 4 lines
08-11 04:14:21.704  2089  4403 I chatty  : uid=1000(system) Binder:2089_18 expire 1 line
08-11 04:14:27.007  2089  4413 I chatty  : uid=1000(system) Binder:2089_1A expire 5 lines
08-11 04:14:28.541  2089  4600 I chatty  : uid=1000(system) HwBinder:2089_5 expire 1 line
08-11 04:14:28.818  2089  4307 I chatty  : uid=1000(system) Binder:2089_F expire 11 lines
08-11 04:14:31.084  2089  4297 I chatty  : uid=1000(system) Binder:2089_E expire 10 lines
08-11 04:14:31.110  2089  4327 I chatty  : uid=1000(system) Binder:2089_16 expire 6 lines
08-11 04:14:31.819  2089  2464 I chatty  : uid=1000(system) UEventObserver expire 6 lines
08-11 04:14:31.860  2089  2247 I chatty  : uid=1000(system) batterystats-wo expire 38 lines
08-11 04:14:31.914  2089  2208 I chatty  : uid=1000(system) ActivityManager expire 5 lines
08-11 04:14:31.915  2089  2210 I chatty  : uid=1000(system) ActivityManager expire 2 lines
08-11 04:14:36.348  2089  3107 I chatty  : uid=1000(system) Binder:2089_B expire 13 lines
08-11 04:14:47.091  2089  2459 I chatty  : uid=1000(system) Binder:2089_3 expire 1 line
08-11 04:15:07.207  2089  2128 I chatty  : uid=1000(system) android.display expire 6 lines
08-11 04:15:58.193  2089  2275 I chatty  : uid=1000(system) PowerManagerSer expire 18 lines
08-11 04:17:05.993  2089  2247 I chatty  : uid=1000(system) batterystats-wo expire 100 lines
08-11 04:17:06.030  2089  2128 I chatty  : uid=1000(system) android.display expire 8 lines
08-11 04:17:06.042  2089  2089 I chatty  : uid=1000 system_server expire 7 lines
08-11 04:17:06.133  2089  2662 I chatty  : uid=1000(system) ConnectivitySer expire 15 lines
08-11 04:17:06.283  2089  2124 I chatty  : uid=1000(system) android.fg expire 4 lines
08-11 04:17:06.430  2089  2129 I chatty  : uid=1000(system) android.anim expire 3 lines
08-11 04:17:06.478  2089  7117 I chatty  : uid=1000(system) Binder:2089_1E expire 3 lines
08-11 04:17:06.565  2089  3107 I chatty  : uid=1000(system) Binder:2089_B expire 3 lines
08-11 04:17:06.591  2089  7118 I chatty  : uid=1000(system) Binder:2089_1F expire 6 lines
08-11 04:17:06.811  2089  2210 I chatty  : uid=1000(system) ActivityManager expire 11 lines
08-11 04:17:07.232  2089  4327 I chatty  : uid=1000(system) Binder:2089_16 expire 3 lines
08-11 04:17:07.389  2089  4325 I chatty  : uid=1000(system) Binder:2089_14 expire 3 lines
08-11 04:17:08.247  2089  4413 I chatty  : uid=1000(system) Binder:2089_1A expire 1 line
08-11 04:17:08.392  2089  4307 I chatty  : uid=1000(system) Binder:2089_F expire 4 lines
08-11 04:17:09.016  2089  4412 I chatty  : uid=1000(system) Binder:2089_19 expire 1 line
08-11 04:17:10.444  2089  5430 I chatty  : uid=1000(system) Binder:2089_1D expire 1 line
08-11 04:17:11.013  2089  2464 I chatty  : uid=1000(system) UEventObserver expire 3 lines
08-11 04:17:19.382  2089  4321 I chatty  : uid=1000(system) Binder:2089_12 expire 1 line
08-11 04:17:19.382  2089  2126 I chatty  : uid=1000(system) android.ui expire 4 lines
08-11 04:17:23.683  2089  2275 I chatty  : uid=1000(system) PowerManagerSer expire 11 lines
08-11 04:17:23.692  2089  4936 I chatty  : uid=1000(system) Binder:2089_1B expire 1 line
08-11 04:17:23.720  2089  2128 I chatty  : uid=1000(system) android.display expire 4 lines
08-11 04:17:23.726  2089  2089 I chatty  : uid=1000 system_server expire 22 lines
08-11 04:17:23.750  2089  2247 I chatty  : uid=1000(system) batterystats-wo expire 78 lines
08-11 04:17:23.860  2089  2662 I chatty  : uid=1000(system) ConnectivitySer expire 4 lines
08-11 04:17:25.393  2089  5430 I chatty  : uid=1000(system) Binder:2089_1D expire 1 line
08-11 04:17:25.428  2089  4325 I chatty  : uid=1000(system) Binder:2089_14 expire 3 lines
08-11 04:17:28.732  2746  5925 V FingerprintManager: onAuthenticationSucceeded
08-11 04:17:28.733  2746  2746 V FingerprintManager: handleMessage:successed
08-11 04:17:28.746  2089  2110 I chatty  : uid=1000(system) Binder:2089_2 expire 4 lines
08-11 04:17:28.763  2089  2124 I chatty  : uid=1000(system) android.fg expire 5 lines
08-11 04:17:28.846  2089  7147 I chatty  : uid=1000(system) Binder:2089_20 expire 2 lines
08-11 04:17:28.874  2089  2208 I chatty  : uid=1000(system) ActivityManager expire 7 lines
08-11 04:17:28.898  2089  4327 I chatty  : uid=1000(system) Binder:2089_16 expire 4 lines
08-11 04:17:28.899  2089  2210 I chatty  : uid=1000(system) ActivityManager expire 2 lines
08-11 04:17:29.006  2746  2746 V MotoFingerprintManager: showFodIndicator show:false by (com.android.systemui)
08-11 04:17:29.156  2089  2129 I chatty  : uid=1000(system) android.anim expire 17 lines
08-11 04:17:29.202  2089  4321 I chatty  : uid=1000(system) Binder:2089_12 expire 2 lines
08-11 04:17:39.635  2089  2464 I chatty  : uid=1000(system) UEventObserver expire 1 line
08-11 04:17:56.438  2089  4402 I chatty  : uid=1000(system) Binder:2089_17 expire 4 lines
08-11 04:17:56.468  2089  4317 I chatty  : uid=1000(system) Binder:2089_10 expire 5 lines
08-11 04:17:57.193  2089  4296 I chatty  : uid=1000(system) Binder:2089_D expire 4 lines
08-11 04:17:58.702  2089  2966 I chatty  : uid=1000(system) Binder:2089_8 expire 3 lines
08-11 04:18:01.578  2089  4412 I chatty  : uid=1000(system) Binder:2089_19 expire 3 lines
08-11 04:18:01.610  2089  2966 I chatty  : uid=1000(system) Binder:2089_8 expire 3 lines
08-11 04:18:01.718  2089  4296 I chatty  : uid=1000(system) Binder:2089_D expire 7 lines
08-11 04:18:01.785  2089  2129 I chatty  : uid=1000(system) android.anim expire 12 lines
08-11 04:18:03.817  2089  2128 I chatty  : uid=1000(system) android.display expire 5 lines
08-11 04:18:03.821  2089  2089 I chatty  : uid=1000 system_server expire 31 lines
08-11 04:18:06.240  2089  4402 I chatty  : uid=1000(system) Binder:2089_17 expire 3 lines
08-11 04:18:09.266  2089  4321 I chatty  : uid=1000(system) Binder:2089_12 expire 4 lines
08-11 04:18:09.554  2089  4326 I chatty  : uid=1000(system) Binder:2089_15 expire 2 lines
08-11 04:18:14.770  2089  2459 I chatty  : uid=1000(system) Binder:2089_3 expire 4 lines
08-11 04:18:14.770  2089  2662 I chatty  : uid=1000(system) ConnectivitySer expire 23 lines
08-11 04:18:15.795  2089  2124 I chatty  : uid=1000(system) android.fg expire 4 lines
08-11 04:18:17.541  2089  2208 I chatty  : uid=1000(system) ActivityManager expire 2 lines
08-11 04:18:17.545  2089  2210 I chatty  : uid=1000(system) ActivityManager expire 7 lines
08-11 04:18:19.458  2089  4307 I chatty  : uid=1000(system) Binder:2089_F expire 1 line
08-11 04:18:19.729  2089  2464 I chatty  : uid=1000(system) UEventObserver expire 4 lines
08-11 04:18:26.410  2089  4936 I chatty  : uid=1000(system) Binder:2089_1B expire 3 lines
08-11 04:18:29.432  2089  2247 I chatty  : uid=1000(system) batterystats-wo expire 49 lines
08-11 04:18:42.459  2089  2967 I chatty  : uid=1000(system) Binder:2089_9 expire 2 lines
08-11 04:18:59.343  2089  4413 I chatty  : uid=1000(system) Binder:2089_1A expire 1 line
08-11 04:19:33.864  2089  4403 I chatty  : uid=1000(system) Binder:2089_18 expire 1 line
08-11 04:19:37.335  2089  4975 I chatty  : uid=1000(system) Binder:2089_1C expire 3 lines
08-11 04:19:37.361  2089  2795 I chatty  : uid=1000(system) Binder:2089_6 expire 1 line
08-11 04:19:37.366  2089  7147 I chatty  : uid=1000(system) Binder:2089_20 expire 1 line
08-11 04:19:47.203  2089  2275 I chatty  : uid=1000(system) PowerManagerSer expire 12 lines
08-11 04:19:54.751  2089  2247 I chatty  : uid=1000(system) batterystats-wo expire 61 lines
08-11 04:19:54.784  2089  2128 I chatty  : uid=1000(system) android.display expire 10 lines
08-11 04:19:54.791  2089  2089 I chatty  : uid=1000 system_server expire 15 lines
08-11 04:19:54.829  2089  4600 I chatty  : uid=1000(system) HwBinder:2089_5 expire 1 line
08-11 04:19:54.899  2089  2662 I chatty  : uid=1000(system) ConnectivitySer expire 8 lines
08-11 04:19:55.055  2089  2124 I chatty  : uid=1000(system) android.fg expire 11 lines
08-11 04:19:55.175  2089  2129 I chatty  : uid=1000(system) android.anim expire 4 lines
08-11 04:19:55.223  2089  2110 I chatty  : uid=1000(system) Binder:2089_2 expire 2 lines
08-11 04:19:55.227  2089  4317 I chatty  : uid=1000(system) Binder:2089_10 expire 8 lines
08-11 04:19:55.563  2089  4975 I chatty  : uid=1000(system) Binder:2089_1C expire 2 lines
08-11 04:20:11.256  2746  2768 V FingerprintManager: onAuthenticationSucceeded
08-11 04:20:11.261  2746  2746 V FingerprintManager: handleMessage:successed
08-11 04:20:11.279  2089  2459 I chatty  : uid=1000(system) Binder:2089_3 expire 3 lines
08-11 04:20:11.324  2089  2275 I chatty  : uid=1000(system) PowerManagerSer expire 5 lines
08-11 04:20:11.336  2089  2089 I chatty  : uid=1000 system_server expire 5 lines
08-11 04:20:11.352  2089  2247 I chatty  : uid=1000(system) batterystats-wo expire 27 lines
08-11 04:20:11.430  2089  2795 I chatty  : uid=1000(system) Binder:2089_6 expire 2 lines
08-11 04:20:11.472  2089  2126 I chatty  : uid=1000(system) android.ui expire 2 lines
08-11 04:20:11.506  2089  4296 I chatty  : uid=1000(system) Binder:2089_D expire 1 line
08-11 04:20:11.586  2089  2208 I chatty  : uid=1000(system) ActivityManager expire 7 lines
08-11 04:20:11.591  2746  2746 V MotoFingerprintManager: showFodIndicator show:false by (com.android.systemui)
08-11 04:20:11.640  2089  2464 I chatty  : uid=1000(system) UEventObserver expire 1 line
08-11 04:20:11.709  2089  7117 I chatty  : uid=1000(system) Binder:2089_1E expire 2 lines
08-11 04:20:14.203  2089  2247 I chatty  : uid=1000(system) batterystats-wo expire 27 lines
08-11 04:20:16.686  2089  4326 I chatty  : uid=1000(system) Binder:2089_15 expire 3 lines
08-11 04:20:16.687  2089  2662 I chatty  : uid=1000(system) ConnectivitySer expire 24 lines
08-11 04:20:17.848  2089  2089 I chatty  : uid=1000 system_server expire 22 lines
08-11 04:20:22.059  2089  4936 I chatty  : uid=1000(system) Binder:2089_1B expire 2 lines
08-11 04:20:27.407  2089  4327 I chatty  : uid=1000(system) Binder:2089_16 expire 8 lines
08-11 04:20:30.472  2089  4321 I chatty  : uid=1000(system) Binder:2089_12 expire 2 lines
08-11 04:20:30.486  2089  7118 I chatty  : uid=1000(system) Binder:2089_1F expire 9 lines
08-11 04:20:47.456  2089  2464 I chatty  : uid=1000(system) UEventObserver expire 2 lines
08-11 04:20:49.610  2089  2210 I chatty  : uid=1000(system) ActivityManager expire 6 lines
08-11 04:20:50.446  2089  4307 I chatty  : uid=1000(system) Binder:2089_F expire 3 lines
08-11 04:20:50.449  2089  2966 I chatty  : uid=1000(system) Binder:2089_8 expire 16 lines
08-11 04:20:50.709  2089  4296 I chatty  : uid=1000(system) Binder:2089_D expire 1 line
08-11 04:20:50.715  2089  4975 I chatty  : uid=1000(system) Binder:2089_1C expire 2 lines
08-11 04:20:50.928  2089  2207 I chatty  : uid=1000(system) android.bg expire 11 lines
08-11 04:21:15.660  2089  2275 I chatty  : uid=1000(system) PowerManagerSer expire 2 lines
08-11 04:21:24.821  2089  2129 I chatty  : uid=1000(system) android.anim expire 17 lines
08-11 04:21:25.533  2089  2552 I chatty  : uid=1000(system) HwBinder:2089_3 expire 1 line
08-11 04:21:26.238  2089  4295 I chatty  : uid=1000(system) Binder:2089_C expire 6 lines
08-11 04:21:26.519  2089  2128 I chatty  : uid=1000(system) android.display expire 6 lines
08-11 04:21:27.016  2089  4320 I chatty  : uid=1000(system) Binder:2089_11 expire 4 lines
08-11 04:21:27.039  2089  7147 I chatty  : uid=1000(system) Binder:2089_20 expire 1 line
08-11 04:21:42.883  2089  4322 I chatty  : uid=1000(system) Binder:2089_13 expire 15 lines
08-11 04:21:45.728  2089  2288 I chatty  : uid=1000(system) PackageManager expire 2 lines
08-11 04:21:47.011  2089  2124 I chatty  : uid=1000(system) android.fg expire 2 lines
08-11 04:21:48.970  2089  4307 W BroadcastQueue: Background execution not allowed: receiving Intent { act=android.intent.action.PACKAGE_ADDED dat=package:com.tracerzrn flg=0x4000010 (has extras) } to com.google.android.packageinstaller/com.android.packageinstaller.PackageInstalledReceiver
08-11 04:21:48.986  2089  2208 W BroadcastQueue: Background execution not allowed: receiving Intent { act=android.intent.action.PACKAGE_ADDED dat=package:com.tracerzrn flg=0x4000010 (has extras) } to com.android.vending/com.google.android.finsky.packagemanager.impl.PackageMonitorReceiverImpl$RegisteredReceiver
08-11 04:21:48.987  2089  2208 W BroadcastQueue: Background execution not allowed: receiving Intent { act=android.intent.action.PACKAGE_ADDED dat=package:com.tracerzrn flg=0x4000010 (has extras) } to com.google.android.gms/.games.chimera.GamesSystemBroadcastReceiverProxy
08-11 04:21:48.987  2089  2208 W BroadcastQueue: Background execution not allowed: receiving Intent { act=android.intent.action.PACKAGE_ADDED dat=package:com.tracerzrn flg=0x4000010 (has extras) } to com.google.android.gms/.gass.chimera.PackageChangeBroadcastReceiver
08-11 04:21:48.991  2089  2208 W BroadcastQueue: Background execution not allowed: receiving Intent { act=android.intent.action.PACKAGE_ADDED dat=package:com.tracerzrn flg=0x4000010 (has extras) } to com.google.android.gms/.chimera.GmsIntentOperationService$PersistentTrustedReceiver
08-11 04:21:48.998  2089  2208 W BroadcastQueue: Background execution not allowed: receiving Intent { act=android.intent.action.PACKAGE_ADDED dat=package:com.tracerzrn flg=0x4000010 (has extras) } to com.google.android.googlequicksearchbox/com.google.android.apps.gsa.googlequicksearchbox.GelStubAppWatcher
08-11 04:21:48.998  2089  2208 W BroadcastQueue: Background execution not allowed: receiving Intent { act=android.intent.action.PACKAGE_ADDED dat=package:com.tracerzrn flg=0x4000010 (has extras) } to com.jio.myjio/com.inn.passivesdk.receiver.PackageReceiver
08-11 04:21:49.042  2089  2089 W Looper  : Slow delivery took 228ms main h=android.app.ActivityThread$H c=android.app.-$$Lambda$LoadedApk$ReceiverDispatcher$Args$_BumDX2UKsnxLVrE6UJsJZkotuA@16e27da m=0
08-11 04:21:49.042  2089  2089 I Telecom : DefaultDialerCache: Refreshing default dialer for user 0: now com.google.android.dialer: DDC.oR@SnU
08-11 04:21:49.072  2089  2089 W Looper  : Drained
08-11 04:21:49.275  2089  2089 W Looper  : Slow dispatch took 184ms main h=android.app.ActivityThread$H c=android.app.-$$Lambda$LoadedApk$ReceiverDispatcher$Args$_BumDX2UKsnxLVrE6UJsJZkotuA@6faae49 m=0
08-11 04:21:49.284  2089  2089 I Telecom : DefaultDialerCache: Refreshing default dialer for user 0: now com.google.android.dialer: DDC.oR@Sng
08-11 04:21:49.348  2089  2124 W Looper  : Slow delivery took 215ms android.fg h=android.os.Handler c=<recycled PooledLambda@f8e90fb> m=0
08-11 04:21:49.378  2089  2124 W Looper  : Drained
08-11 04:21:50.050  2089  2464 D BatteryService: uevent={POWER_SUPPLY_DP_DM=0, POWER_SUPPLY_VOLTAGE_QNOVO=-22, POWER_SUPPLY_VOLTAGE_NOW=4001347, POWER_SUPPLY_SW_JEITA_ENABLED=0, POWER_SUPPLY_FORCE_RECHARGE=0, POWER_SUPPLY_CHARGE_CONTROL_LIMIT_MAX=9, POWER_SUPPLY_RECHARGE_SOC=-22, POWER_SUPPLY_HEALTH=Good, POWER_SUPPLY_TECHNOLOGY=Li-ion, POWER_SUPPLY_CHARGER_TEMP_MAX=450, POWER_SUPPLY_CHARGE_FULL_DESIGN=6174000, POWER_SUPPLY_FCC_STEPPER_ENABLE=0, SEQNUM=112941, POWER_SUPPLY_INPUT_CURRENT_LIMITED=0, POWER_SUPPLY_CHARGE_CONTROL_LIMIT=0, POWER_SUPPLY_STATUS=Discharging, POWER_SUPPLY_CYCLE_COUNT=28, POWER_SUPPLY_BATTERY_CHARGING_ENABLED=1, POWER_SUPPLY_CURRENT_MAX=3600000, POWER_SUPPLY_CHARGE_TERM_CURRENT=-100, POWER_SUPPLY_CAPACITY=69, DEVPATH=/devices/platform/soc/c440000.qcom,spmi/spmi-0/spmi0-00/c440000.qcom,spmi:qcom,pm6150@0:qcom,qpnp-smb5/power_supply/battery, POWER_SUPPLY_CHARGE_DONE=0, POWER_SUPPLY_CHARGE_TYPE=N/A, POWER_SUPPLY_CHARGE_RATE=None, POWER_SUPPLY_CURRENT_QNOVO=-22, POWER_SUPPLY_CURRENT_NOW=-296936, POWER_SUPPLY_SYSTEM_TEMP_LEVEL=0, POWER_SUPPLY_PRESENT=1, POWER_SUPPLY_PARALLEL_DISABLE=0, POWER_SUPPLY_CHARGE_FULL=6174000, POWER_SUPPLY_TIME_TO_FULL_NOW=-1, POWER_SUPPLY_CONSTANT_CHARGE_CURRENT=3600000, SUBSYSTEM=power_supply, POWER_SUPPLY_SET_SHIP_MODE=0, POWER_SUPPLY_TEMP=321, ACTION=change, POWER_SUPPLY_RERUN_AICL=0, POWER_SUPPLY_AGE=100, POWER_SUPPLY_NAME=battery, POWER_SUPPLY_VOLTAGE_MAX=-22, POWER_SUPPLY_CONSTANT_CHARGE_CURRENT_MAX=3600000, POWER_SUPPLY_CHARGE_COUNTER=4074840, POWER_SUPPLY_STEP_CHARGING_ENABLED=0, POWER_SUPPLY_NUM_SYSTEM_TEMP_LEVELS=9, POWER_SUPPLY_DIE_HEALTH=Unknown, POWER_SUPPLY_INPUT_SUSPEND=0}
08-11 04:21:50.589  2089  4327 V WindowManager: Changing focus of displayId=0 to Window{a838a3a u0 com.google.android.packageinstaller/com.android.packageinstaller.DeleteStagedFileOnResult} from Window{9d1ddb7 u0 com.google.android.packageinstaller/com.android.packageinstaller.InstallSuccess}
08-11 04:21:50.634  2089  4295 V WindowManager: Changing focus of displayId=0 to null from Window{a838a3a u0 com.google.android.packageinstaller/com.android.packageinstaller.DeleteStagedFileOnResult}
08-11 04:21:50.649  2089  4295 V WindowManager: Changing focus of displayId=0 to Window{82e914c u0 com.whatsapp/com.whatsapp.Conversation} from null
08-11 04:21:51.343  2089  2110 I WindowManager: SURFACE show Surface(name=com.android.systemui.ImageWallpaper)/@0x1a0d735 on display:0
08-11 04:21:51.386  2089  2129 I WindowManager: SURFACE show Surface(name=com.motorola.launcher3/com.android.launcher3.CustomizationPanelLauncher)/@0x9e21d97 on display:0
08-11 04:21:51.386  2089  2129 I WindowManager: SURFACE show Surface(name=com.motorola.launcher3/com.android.launcher3.CustomizationPanelLauncher)/@0x414cb84 on display:0
08-11 04:21:52.101  2089  7118 V WindowManager: Changing focus of displayId=0 to Window{1a069ea u0 com.motorola.launcher3/com.android.launcher3.CustomizationPanelLauncher} from Window{82e914c u0 com.whatsapp/com.whatsapp.Conversation}
08-11 04:21:53.891  2089  4327 I ActivityTaskManager: START u0 {act=android.intent.action.MAIN cat=[android.intent.category.LAUNCHER] flg=0x10200000 cmp=com.tracerzrn/.MainActivity bnds=[843,1840][1046,2120]} from uid 10253
08-11 04:21:53.901  2089  4327 D ActivityTaskManager: options.launchDisplayId=-1 options.callerDisplayId=-1
08-11 04:21:53.901  2089  4327 D ActivityTaskManager: getPreferredLaunchDisplay userset_displayid false current displayId -1
08-11 04:21:53.901  2089  4327 I chatty  : uid=1000(system) Binder:2089_16 identical 1 line
08-11 04:21:53.903  2089  4327 D ActivityTaskManager: getPreferredLaunchDisplay userset_displayid false current displayId -1
08-11 04:21:53.920  2089  2128 D CompatibilityChangeReporter: Compat change id reported: 135634846; UID 10352; state: DISABLED
08-11 04:21:53.921  2089  2128 D CompatibilityChangeReporter: Compat change id reported: 135754954; UID 10352; state: ENABLED
08-11 04:21:53.921  2089  2210 D CompatibilityChangeReporter: Compat change id reported: 143937733; UID 10352; state: ENABLED
08-11 04:21:53.931  2089  2129 V WindowManager: Changing focus of displayId=0 to null from Window{1a069ea u0 com.motorola.launcher3/com.android.launcher3.CustomizationPanelLauncher}
08-11 04:21:53.947  2089  2210 I ActivityManager: Start proc 7348:com.tracerzrn/u0a352 for pre-top-activity {com.tracerzrn/com.tracerzrn.MainActivity}
08-11 04:21:53.971  2089  2129 I WindowManager: SURFACE show Surface(name=Splash Screen com.tracerzrn)/@0xc300672 on display:0
08-11 04:21:54.218  2089  4327 V WindowManager: Changing focus of displayId=0 to Window{ab95f0f u0 com.tracerzrn/com.tracerzrn.MainActivity} from null
08-11 04:21:54.288  2089  2129 I LaunchCheckinHandler: Displayed com.tracerzrn/.MainActivity,cp,ca,374
08-11 04:21:54.290  2089  2129 I WindowManager: SURFACE show Surface(name=com.tracerzrn/com.tracerzrn.MainActivity)/@0xd9eab21 on display:0
08-11 04:21:54.342  7348  7382 E AndroidRuntime: FATAL EXCEPTION: create_react_context
08-11 04:21:54.342  7348  7382 E AndroidRuntime: Process: com.tracerzrn, PID: 7348
08-11 04:21:54.342  7348  7382 E AndroidRuntime: java.lang.NoSuchMethodError: no non-static method "Lcom/facebook/react/turbomodule/core/CallInvokerHolderImpl;.<init>(Lcom/facebook/jni/HybridData;)V"
08-11 04:21:54.342  7348  7382 E AndroidRuntime: 	at com.facebook.react.bridge.CatalystInstanceImpl.getJSCallInvokerHolder(Native Method)
08-11 04:21:54.342  7348  7382 E AndroidRuntime: 	at com.facebook.react.bridge.CatalystInstanceImpl.getJSCallInvokerHolder(Unknown Source:0)
08-11 04:21:54.342  7348  7382 E AndroidRuntime: 	at com.swmansion.reanimated.NativeProxy.<init>(Unknown Source:25)
08-11 04:21:54.342  7348  7382 E AndroidRuntime: 	at com.swmansion.reanimated.c.v(Unknown Source:2)
08-11 04:21:54.342  7348  7382 E AndroidRuntime: 	at com.swmansion.reanimated.d.getJSIModules(Unknown Source:12)
08-11 04:21:54.342  7348  7382 E AndroidRuntime: 	at com.facebook.react.r.q(Unknown Source:135)
08-11 04:21:54.342  7348  7382 E AndroidRuntime: 	at com.facebook.react.r.c(Unknown Source:0)
08-11 04:21:54.342  7348  7382 E AndroidRuntime: 	at com.facebook.react.r$e.run(Unknown Source:68)
08-11 04:21:54.342  7348  7382 E AndroidRuntime: 	at java.lang.Thread.run(Thread.java:923)
08-11 04:21:54.354  2089  4327 W ActivityTaskManager:   Force finishing activity com.tracerzrn/.MainActivity
08-11 04:21:54.355  2089  7393 I DropBoxManagerService: add tag=data_app_crash isTagEnabled=true flags=0x2
08-11 04:21:54.356  2089  4327 V WindowManager: Changing focus of displayId=0 to null from Window{ab95f0f u0 com.tracerzrn/com.tracerzrn.MainActivity}
08-11 04:21:54.402  2089  2208 W BroadcastQueue: Background execution not allowed: receiving Intent { act=android.intent.action.DROPBOX_ENTRY_ADDED flg=0x10 (has extras) } to com.google.android.gms/.stats.service.DropBoxEntryAddedReceiver
08-11 04:21:54.424  2089  2208 W BroadcastQueue: Background execution not allowed: receiving Intent { act=android.intent.action.DROPBOX_ENTRY_ADDED flg=0x10 (has extras) } to com.google.android.gms/.chimera.GmsIntentOperationService$PersistentTrustedReceiver
08-11 04:21:54.424  2089  2129 V WindowManager: Changing focus of displayId=0 to Window{1a069ea u0 com.motorola.launcher3/com.android.launcher3.CustomizationPanelLauncher} from null
08-11 04:21:54.509  2089  2110 I ActivityManager: Process com.tracerzrn (pid 7348) has died: cch CRE 
08-11 04:21:54.509  2089  7118 I WindowManager: WIN DEATH: Window{ab95f0f u0 com.tracerzrn/com.tracerzrn.MainActivity}
08-11 04:21:54.531  2089  2128 W ActivityManager: setHasOverlayUi called on unknown pid: 7348
08-11 04:21:54.574  2089  7118 I DropBoxManagerService: add tag=platform_stats_bookmark isTagEnabled=true flags=0x2
08-11 04:21:54.577  2089  2208 W BroadcastQueue: Background execution not allowed: receiving Intent { act=android.intent.action.DROPBOX_ENTRY_ADDED flg=0x10 (has extras) } to com.google.android.gms/.stats.service.DropBoxEntryAddedReceiver
08-11 04:21:54.578  2089  2208 W BroadcastQueue: Background execution not allowed: receiving Intent { act=android.intent.action.DROPBOX_ENTRY_ADDED flg=0x10 (has extras) } to com.google.android.gms/.chimera.GmsIntentOperationService$PersistentTrustedReceiver
08-11 04:21:56.668  2089  4936 I ActivityTaskManager: START u0 {act=android.intent.action.MAIN cat=[android.intent.category.LAUNCHER] flg=0x10200000 cmp=com.tracerzrn/.MainActivity bnds=[843,1840][1046,2120]} from uid 10253
08-11 04:21:56.669  2089  4936 D ActivityTaskManager: options.launchDisplayId=-1 options.callerDisplayId=-1
08-11 04:21:56.669  2089  4936 D ActivityTaskManager: getPreferredLaunchDisplay userset_displayid false current displayId -1
08-11 04:21:56.669  2089  4936 I chatty  : uid=1000(system) Binder:2089_1B identical 1 line
08-11 04:21:56.674  2089  4936 D ActivityTaskManager: getPreferredLaunchDisplay userset_displayid false current displayId -1
08-11 04:21:56.704  2089  2128 D CompatibilityChangeReporter: Compat change id reported: 135634846; UID 10352; state: DISABLED
08-11 04:21:56.704  2089  2128 D CompatibilityChangeReporter: Compat change id reported: 135754954; UID 10352; state: ENABLED
08-11 04:21:56.705  2089  2210 D CompatibilityChangeReporter: Compat change id reported: 143937733; UID 10352; state: ENABLED
08-11 04:21:56.728  2089  2210 I ActivityManager: Start proc 7406:com.tracerzrn/u0a352 for pre-top-activity {com.tracerzrn/com.tracerzrn.MainActivity}
08-11 04:21:56.743  2089  4320 V WindowManager: Changing focus of displayId=0 to null from Window{1a069ea u0 com.motorola.launcher3/com.android.launcher3.CustomizationPanelLauncher}
08-11 04:21:56.751  2089  2129 I WindowManager: SURFACE show Surface(name=Splash Screen com.tracerzrn)/@0xfc91aa7 on display:0
08-11 04:21:56.874  2089  4413 V WindowManager: Changing focus of displayId=0 to Window{357fb97 u0 com.tracerzrn/com.tracerzrn.MainActivity} from null
08-11 04:21:56.942  2089  2129 I LaunchCheckinHandler: Displayed com.tracerzrn/.MainActivity,cp,ca,243
08-11 04:21:56.942  2089  2129 I WindowManager: SURFACE show Surface(name=com.tracerzrn/com.tracerzrn.MainActivity)/@0x9f8c68f on display:0
08-11 04:21:56.952  7406  7438 E AndroidRuntime: FATAL EXCEPTION: create_react_context
08-11 04:21:56.952  7406  7438 E AndroidRuntime: Process: com.tracerzrn, PID: 7406
08-11 04:21:56.952  7406  7438 E AndroidRuntime: java.lang.NoSuchMethodError: no non-static method "Lcom/facebook/react/turbomodule/core/CallInvokerHolderImpl;.<init>(Lcom/facebook/jni/HybridData;)V"
08-11 04:21:56.952  7406  7438 E AndroidRuntime: 	at com.facebook.react.bridge.CatalystInstanceImpl.getJSCallInvokerHolder(Native Method)
08-11 04:21:56.952  7406  7438 E AndroidRuntime: 	at com.facebook.react.bridge.CatalystInstanceImpl.getJSCallInvokerHolder(Unknown Source:0)
08-11 04:21:56.952  7406  7438 E AndroidRuntime: 	at com.swmansion.reanimated.NativeProxy.<init>(Unknown Source:25)
08-11 04:21:56.952  7406  7438 E AndroidRuntime: 	at com.swmansion.reanimated.c.v(Unknown Source:2)
08-11 04:21:56.952  7406  7438 E AndroidRuntime: 	at com.swmansion.reanimated.d.getJSIModules(Unknown Source:12)
08-11 04:21:56.952  7406  7438 E AndroidRuntime: 	at com.facebook.react.r.q(Unknown Source:135)
08-11 04:21:56.952  7406  7438 E AndroidRuntime: 	at com.facebook.react.r.c(Unknown Source:0)
08-11 04:21:56.952  7406  7438 E AndroidRuntime: 	at com.facebook.react.r$e.run(Unknown Source:68)
08-11 04:21:56.952  7406  7438 E AndroidRuntime: 	at java.lang.Thread.run(Thread.java:923)
08-11 04:21:56.974  2089  7447 I DropBoxManagerService: add tag=data_app_crash isTagEnabled=true flags=0x2
08-11 04:21:56.978  2089  4413 W ActivityTaskManager:   Force finishing activity com.tracerzrn/.MainActivity
08-11 04:21:56.981  2089  4413 V WindowManager: Changing focus of displayId=0 to null from Window{357fb97 u0 com.tracerzrn/com.tracerzrn.MainActivity}
08-11 04:21:57.024  2089  2208 W BroadcastQueue: Background execution not allowed: receiving Intent { act=android.intent.action.DROPBOX_ENTRY_ADDED flg=0x10 (has extras) } to com.google.android.gms/.stats.service.DropBoxEntryAddedReceiver
08-11 04:21:57.025  2089  2208 W BroadcastQueue: Background execution not allowed: receiving Intent { act=android.intent.action.DROPBOX_ENTRY_ADDED flg=0x10 (has extras) } to com.google.android.gms/.chimera.GmsIntentOperationService$PersistentTrustedReceiver
08-11 04:21:57.098  2089  2126 V WindowManager: Changing focus of displayId=0 to Window{38d2244 u0 Application Error: com.tracerzrn} from null
08-11 04:21:57.191  2089  2129 I WindowManager: SURFACE show Surface(name=Application Error: com.tracerzrn)/@0x6be0447 on display:0
08-11 04:21:58.528  2089  4413 I ActivityManager: Killing 7406:com.tracerzrn/u0a352 (adj 900): crash
08-11 04:21:58.547  2089  2126 V WindowManager: Changing focus of displayId=0 to Window{1a069ea u0 com.motorola.launcher3/com.android.launcher3.CustomizationPanelLauncher} from Window{38d2244 u0 Application Error: com.tracerzrn EXITING}
08-11 04:21:58.581  2089  4295 W InputMethodManagerService: Got RemoteException sending setActive(false) notification to pid 7406 uid 10352
08-11 04:21:58.582  2089  2128 W ActivityManager: setHasOverlayUi called on unknown pid: 7406
08-11 04:21:59.508  2089  4295 I ActivityTaskManager: START u0 {act=android.intent.action.MAIN cat=[android.intent.category.LAUNCHER] flg=0x10200000 cmp=com.tracerzrn/.MainActivity bnds=[843,1840][1046,2120]} from uid 10253
08-11 04:21:59.510  2089  4295 D ActivityTaskManager: options.launchDisplayId=-1 options.callerDisplayId=-1
08-11 04:21:59.510  2089  4295 D ActivityTaskManager: getPreferredLaunchDisplay userset_displayid false current displayId -1
08-11 04:21:59.510  2089  4295 I chatty  : uid=1000(system) Binder:2089_C identical 1 line
08-11 04:21:59.515  2089  4295 D ActivityTaskManager: getPreferredLaunchDisplay userset_displayid false current displayId -1
08-11 04:21:59.539  2089  2129 V WindowManager: Changing focus of displayId=0 to null from Window{1a069ea u0 com.motorola.launcher3/com.android.launcher3.CustomizationPanelLauncher}
08-11 04:21:59.541  2089  2128 D CompatibilityChangeReporter: Compat change id reported: 135634846; UID 10352; state: DISABLED
08-11 04:21:59.541  2089  2128 D CompatibilityChangeReporter: Compat change id reported: 135754954; UID 10352; state: ENABLED
08-11 04:21:59.542  2089  2210 D CompatibilityChangeReporter: Compat change id reported: 143937733; UID 10352; state: ENABLED
08-11 04:21:59.561  2089  2210 I ActivityManager: Start proc 7457:com.tracerzrn/u0a352 for pre-top-activity {com.tracerzrn/com.tracerzrn.MainActivity}
08-11 04:21:59.587  2089  2129 I WindowManager: SURFACE show Surface(name=Splash Screen com.tracerzrn)/@0xd1ab81e on display:0
08-11 04:21:59.709  2089  4295 V WindowManager: Changing focus of displayId=0 to Window{9f364ce u0 com.tracerzrn/com.tracerzrn.MainActivity} from null
08-11 04:21:59.775  7457  7491 E AndroidRuntime: FATAL EXCEPTION: create_react_context
08-11 04:21:59.775  7457  7491 E AndroidRuntime: Process: com.tracerzrn, PID: 7457
08-11 04:21:59.775  7457  7491 E AndroidRuntime: java.lang.NoSuchMethodError: no non-static method "Lcom/facebook/react/turbomodule/core/CallInvokerHolderImpl;.<init>(Lcom/facebook/jni/HybridData;)V"
08-11 04:21:59.775  7457  7491 E AndroidRuntime: 	at com.facebook.react.bridge.CatalystInstanceImpl.getJSCallInvokerHolder(Native Method)
08-11 04:21:59.775  7457  7491 E AndroidRuntime: 	at com.facebook.react.bridge.CatalystInstanceImpl.getJSCallInvokerHolder(Unknown Source:0)
08-11 04:21:59.775  7457  7491 E AndroidRuntime: 	at com.swmansion.reanimated.NativeProxy.<init>(Unknown Source:25)
08-11 04:21:59.775  7457  7491 E AndroidRuntime: 	at com.swmansion.reanimated.c.v(Unknown Source:2)
08-11 04:21:59.775  7457  7491 E AndroidRuntime: 	at com.swmansion.reanimated.d.getJSIModules(Unknown Source:12)
08-11 04:21:59.775  7457  7491 E AndroidRuntime: 	at com.facebook.react.r.q(Unknown Source:135)
08-11 04:21:59.775  7457  7491 E AndroidRuntime: 	at com.facebook.react.r.c(Unknown Source:0)
08-11 04:21:59.775  7457  7491 E AndroidRuntime: 	at com.facebook.react.r$e.run(Unknown Source:68)
08-11 04:21:59.775  7457  7491 E AndroidRuntime: 	at java.lang.Thread.run(Thread.java:923)
08-11 04:21:59.779  2089  2129 I LaunchCheckinHandler: Displayed com.tracerzrn/.MainActivity,cp,ca,245
08-11 04:21:59.780  2089  2129 I WindowManager: SURFACE show Surface(name=com.tracerzrn/com.tracerzrn.MainActivity)/@0x2c32501 on display:0
08-11 04:21:59.782  2089  7504 I DropBoxManagerService: add tag=data_app_crash isTagEnabled=true flags=0x2
08-11 04:21:59.790  2089  2966 W ActivityTaskManager:   Force finishing activity com.tracerzrn/.MainActivity
08-11 04:21:59.793  2089  2966 V WindowManager: Changing focus of displayId=0 to null from Window{9f364ce u0 com.tracerzrn/com.tracerzrn.MainActivity}
08-11 04:21:59.841  2089  2208 W BroadcastQueue: Background execution not allowed: receiving Intent { act=android.intent.action.DROPBOX_ENTRY_ADDED flg=0x10 (has extras) } to com.google.android.gms/.stats.service.DropBoxEntryAddedReceiver
08-11 04:21:59.847  2089  2208 W BroadcastQueue: Background execution not allowed: receiving Intent { act=android.intent.action.DROPBOX_ENTRY_ADDED flg=0x10 (has extras) } to com.google.android.gms/.chimera.GmsIntentOperationService$PersistentTrustedReceiver
08-11 04:21:59.898  2089  7117 I WindowManager: WIN DEATH: Window{9f364ce u0 com.tracerzrn/com.tracerzrn.MainActivity}
08-11 04:21:59.900  2089  4295 I ActivityManager: Process com.tracerzrn (pid 7457) has died: prcp TOP 
08-11 04:22:00.043  2089  2110 V WindowManager: Changing focus of displayId=0 to Window{1a069ea u0 com.motorola.launcher3/com.android.launcher3.CustomizationPanelLauncher} from null
08-11 04:22:00.048  2089  2128 W ActivityManager: setHasOverlayUi called on unknown pid: 7457
08-11 04:22:00.293  2089  2128 W ActivityTaskManager: Activity top resumed state loss timeout for ActivityRecord{37fa0ed u0 com.tracerzrn/.MainActivity t-1 f}}
08-11 04:22:01.012  2089  2110 D CompatibilityChangeReporter: Compat change id reported: 149924527; UID 10187; state: ENABLED
08-11 04:22:01.015  2089  2110 D CompatibilityChangeReporter: Compat change id reported: 132649864; UID 10187; state: DISABLED
08-11 04:22:01.991  2089  2110 I ActivityTaskManager: START u0 {act=android.intent.action.MAIN cat=[android.intent.category.LAUNCHER] flg=0x10200000 cmp=com.tracerzrn/.MainActivity bnds=[843,1840][1046,2120]} from uid 10253
08-11 04:22:01.993  2089  2110 D ActivityTaskManager: options.launchDisplayId=-1 options.callerDisplayId=-1
08-11 04:22:01.993  2089  2110 D ActivityTaskManager: getPreferredLaunchDisplay userset_displayid false current displayId -1
08-11 04:22:01.993  2089  2110 I chatty  : uid=1000(system) Binder:2089_2 identical 1 line
08-11 04:22:01.999  2089  2110 D ActivityTaskManager: getPreferredLaunchDisplay userset_displayid false current displayId -1
08-11 04:22:02.024  2089  2128 D CompatibilityChangeReporter: Compat change id reported: 135634846; UID 10352; state: DISABLED
08-11 04:22:02.025  2089  2128 D CompatibilityChangeReporter: Compat change id reported: 135754954; UID 10352; state: ENABLED
08-11 04:22:02.026  2089  2210 D CompatibilityChangeReporter: Compat change id reported: 143937733; UID 10352; state: ENABLED
08-11 04:22:02.034  2089  2129 V WindowManager: Changing focus of displayId=0 to null from Window{1a069ea u0 com.motorola.launcher3/com.android.launcher3.CustomizationPanelLauncher}
08-11 04:22:02.049  2089  2210 I ActivityManager: Start proc 7514:com.tracerzrn/u0a352 for pre-top-activity {com.tracerzrn/com.tracerzrn.MainActivity}
08-11 04:22:02.081  2089  2129 I WindowManager: SURFACE show Surface(name=Splash Screen com.tracerzrn)/@0xa36f83e on display:0
08-11 04:22:02.207  2089  4326 V WindowManager: Changing focus of displayId=0 to Window{52fecee u0 com.tracerzrn/com.tracerzrn.MainActivity} from null
08-11 04:22:02.273  2089  2129 I LaunchCheckinHandler: Displayed com.tracerzrn/.MainActivity,cp,ca,248
08-11 04:22:02.274  2089  2129 I WindowManager: SURFACE show Surface(name=com.tracerzrn/com.tracerzrn.MainActivity)/@0x9b42da1 on display:0
08-11 04:22:02.274  7514  7546 E AndroidRuntime: FATAL EXCEPTION: create_react_context
08-11 04:22:02.274  7514  7546 E AndroidRuntime: Process: com.tracerzrn, PID: 7514
08-11 04:22:02.274  7514  7546 E AndroidRuntime: java.lang.NoSuchMethodError: no non-static method "Lcom/facebook/react/turbomodule/core/CallInvokerHolderImpl;.<init>(Lcom/facebook/jni/HybridData;)V"
08-11 04:22:02.274  7514  7546 E AndroidRuntime: 	at com.facebook.react.bridge.CatalystInstanceImpl.getJSCallInvokerHolder(Native Method)
08-11 04:22:02.274  7514  7546 E AndroidRuntime: 	at com.facebook.react.bridge.CatalystInstanceImpl.getJSCallInvokerHolder(Unknown Source:0)
08-11 04:22:02.274  7514  7546 E AndroidRuntime: 	at com.swmansion.reanimated.NativeProxy.<init>(Unknown Source:25)
08-11 04:22:02.274  7514  7546 E AndroidRuntime: 	at com.swmansion.reanimated.c.v(Unknown Source:2)
08-11 04:22:02.274  7514  7546 E AndroidRuntime: 	at com.swmansion.reanimated.d.getJSIModules(Unknown Source:12)
08-11 04:22:02.274  7514  7546 E AndroidRuntime: 	at com.facebook.react.r.q(Unknown Source:135)
08-11 04:22:02.274  7514  7546 E AndroidRuntime: 	at com.facebook.react.r.c(Unknown Source:0)
08-11 04:22:02.274  7514  7546 E AndroidRuntime: 	at com.facebook.react.r$e.run(Unknown Source:68)
08-11 04:22:02.274  7514  7546 E AndroidRuntime: 	at java.lang.Thread.run(Thread.java:923)
08-11 04:22:02.282  2089  7556 I DropBoxManagerService: add tag=data_app_crash isTagEnabled=true flags=0x2
08-11 04:22:02.283  2089  4413 W ActivityTaskManager:   Force finishing activity com.tracerzrn/.MainActivity
08-11 04:22:02.290  2089  4413 V WindowManager: Changing focus of displayId=0 to null from Window{52fecee u0 com.tracerzrn/com.tracerzrn.MainActivity}
08-11 04:22:02.318  2089  2208 W BroadcastQueue: Background execution not allowed: receiving Intent { act=android.intent.action.DROPBOX_ENTRY_ADDED flg=0x10 (has extras) } to com.google.android.gms/.stats.service.DropBoxEntryAddedReceiver
08-11 04:22:02.363  2089  2208 W BroadcastQueue: Background execution not allowed: receiving Intent { act=android.intent.action.DROPBOX_ENTRY_ADDED flg=0x10 (has extras) } to com.google.android.gms/.chimera.GmsIntentOperationService$PersistentTrustedReceiver
08-11 04:22:02.441  2089  7117 I ActivityManager: Process com.tracerzrn (pid 7514) has died: prcp CRE 
08-11 04:22:02.441  2089  4317 I WindowManager: WIN DEATH: Window{52fecee u0 com.tracerzrn/com.tracerzrn.MainActivity}
08-11 04:22:02.441  2089  4317 V WindowManager: Changing focus of displayId=0 to Window{1a069ea u0 com.motorola.launcher3/com.android.launcher3.CustomizationPanelLauncher} from null
08-11 04:22:02.469  2089  2129 W WindowManager: Failed to deliver inset state change to w=Window{52fecee u0 com.tracerzrn/com.tracerzrn.MainActivity EXITING}
08-11 04:22:02.469  2089  2129 W WindowManager: android.os.DeadObjectException
08-11 04:22:02.469  2089  2129 W WindowManager: 	at android.os.BinderProxy.transactNative(Native Method)
08-11 04:22:02.469  2089  2129 W WindowManager: 	at android.os.BinderProxy.transact(BinderProxy.java:540)
08-11 04:22:02.469  2089  2129 W WindowManager: 	at android.view.IWindow$Stub$Proxy.insetsControlChanged(IWindow.java:821)
08-11 04:22:02.469  2089  2129 W WindowManager: 	at com.android.server.wm.WindowState.notifyInsetsControlChanged(WindowState.java:3838)
08-11 04:22:02.469  2089  2129 W WindowManager: 	at com.android.server.wm.InsetsStateController.lambda$notifyPendingInsetsControlChanged$4$InsetsStateController(InsetsStateController.java:462)
08-11 04:22:02.469  2089  2129 W WindowManager: 	at com.android.server.wm.-$$Lambda$InsetsStateController$-1iOXDf-1s3wDHcMIHBKNk6MS3I.run(Unknown Source:2)
08-11 04:22:02.469  2089  2129 W WindowManager: 	at com.android.server.wm.WindowAnimator.executeAfterPrepareSurfacesRunnables(WindowAnimator.java:341)
08-11 04:22:02.469  2089  2129 W WindowManager: 	at com.android.server.wm.WindowAnimator.animate(WindowAnimator.java:222)
08-11 04:22:02.469  2089  2129 W WindowManager: 	at com.android.server.wm.WindowAnimator.lambda$new$1$WindowAnimator(WindowAnimator.java:107)
08-11 04:22:02.469  2089  2129 W WindowManager: 	at com.android.server.wm.-$$Lambda$WindowAnimator$ddXU8gK8rmDqri0OZVMNa3Y4GHk.doFrame(Unknown Source:2)
08-11 04:22:02.469  2089  2129 W WindowManager: 	at android.view.Choreographer$CallbackRecord.run(Choreographer.java:970)
08-11 04:22:02.469  2089  2129 W WindowManager: 	at android.view.Choreographer.doCallbacks(Choreographer.java:796)
08-11 04:22:02.469  2089  2129 W WindowManager: 	at android.view.Choreographer.doFrame(Choreographer.java:727)
08-11 04:22:02.469  2089  2129 W WindowManager: 	at android.view.Choreographer$FrameDisplayEventReceiver.run(Choreographer.java:957)
08-11 04:22:02.469  2089  2129 W WindowManager: 	at android.os.Handler.handleCallback(Handler.java:938)
08-11 04:22:02.469  2089  2129 W WindowManager: 	at android.os.Handler.dispatchMessage(Handler.java:99)
08-11 04:22:02.469  2089  2129 W WindowManager: 	at android.os.Looper.loop(Looper.java:250)
08-11 04:22:02.469  2089  2129 W WindowManager: 	at android.os.HandlerThread.run(HandlerThread.java:67)
08-11 04:22:02.469  2089  2129 W WindowManager: 	at com.android.server.ServiceThread.run(ServiceThread.java:44)
08-11 04:22:02.532  2089  2128 W ActivityManager: setHasOverlayUi called on unknown pid: 7514
08-11 04:22:03.670  2089  2089 D CompatibilityChangeReporter: Compat change id reported: 135634846; UID 10208; state: DISABLED
08-11 04:22:03.670  2089  2089 D CompatibilityChangeReporter: Compat change id reported: 135754954; UID 10208; state: ENABLED
