08-11 03:07:19.990  2089  2128 I chatty  : uid=1000(system) android.display expire 3 lines
08-11 03:07:19.999  2089  2089 I chatty  : uid=1000 system_server expire 4 lines
08-11 03:07:20.228  2089  2662 I chatty  : uid=1000(system) ConnectivitySer expire 3 lines
08-11 03:07:20.453  2089  2549 I chatty  : uid=1000(system) InputReader expire 2 lines
08-11 03:07:20.460  2089  2124 I chatty  : uid=1000(system) android.fg expire 3 lines
08-11 03:07:20.498  2089  2796 I chatty  : uid=1000(system) Binder:2089_7 expire 3 lines
08-11 03:07:20.578  2089  2129 I chatty  : uid=1000(system) android.anim expire 1 line
08-11 03:07:20.711  2089  4936 I chatty  : uid=1000(system) Binder:2089_1B expire 3 lines
08-11 03:07:22.874  2089  2247 I chatty  : uid=1000(system) batterystats-wo expire 21 lines
08-11 03:07:23.282  2089  2089 I chatty  : uid=1000 system_server expire 26 lines
08-11 03:07:23.319  2746  2771 V FingerprintManager: onAuthenticationSucceeded
08-11 03:07:23.320  2746  2746 V FingerprintManager: handleMessage:successed
08-11 03:07:23.347  2089  4402 I chatty  : uid=1000(system) Binder:2089_17 expire 4 lines
08-11 03:07:23.413  2089  2129 I chatty  : uid=1000(system) android.anim expire 5 lines
08-11 03:07:23.440  2089  4413 I chatty  : uid=1000(system) Binder:2089_1A expire 1 line
08-11 03:07:23.444  2089  2796 I chatty  : uid=1000(system) Binder:2089_7 expire 1 line
08-11 03:07:23.465  2089  2124 I chatty  : uid=1000(system) android.fg expire 2 lines
08-11 03:07:23.467  2089  2128 I chatty  : uid=1000(system) android.display expire 2 lines
08-11 03:07:23.474  2089  2208 I chatty  : uid=1000(system) ActivityManager expire 9 lines
08-11 03:07:23.488  2089  2795 I chatty  : uid=1000(system) Binder:2089_6 expire 2 lines
08-11 03:07:23.489  2089  2210 I chatty  : uid=1000(system) ActivityManager expire 61 lines
08-11 03:07:23.590  2746  2746 V MotoFingerprintManager: showFodIndicator show:false by (com.android.systemui)
08-11 03:07:24.610  2089  2967 I chatty  : uid=1000(system) Binder:2089_9 expire 1 line
08-11 03:07:24.647  2089  4326 I chatty  : uid=1000(system) Binder:2089_15 expire 5 lines
08-11 03:07:24.849  2089  2785 I chatty  : uid=1000(system) Binder:2089_5 expire 1 line
08-11 03:07:25.237  2089  4297 I chatty  : uid=1000(system) Binder:2089_E expire 6 lines
08-11 03:07:26.263  2089  7147 I chatty  : uid=1000(system) Binder:2089_20 expire 2 lines
08-11 03:07:26.440  2089  2459 I chatty  : uid=1000(system) Binder:2089_3 expire 3 lines
08-11 03:07:26.441  2089  2662 I chatty  : uid=1000(system) ConnectivitySer expire 3 lines
08-11 03:07:27.260  2089  4295 I chatty  : uid=1000(system) Binder:2089_C expire 20 lines
08-11 03:07:27.262  2089  2662 I chatty  : uid=1000(system) ConnectivitySer expire 15 lines
08-11 03:07:27.262  2089  4327 I chatty  : uid=1000(system) Binder:2089_16 expire 4 lines
08-11 03:07:27.467  2089  4317 I chatty  : uid=1000(system) Binder:2089_10 expire 10 lines
08-11 03:07:27.468  2089  2210 I chatty  : uid=1000(system) ActivityManager expire 37 lines
08-11 03:07:27.474  2089  2128 I chatty  : uid=1000(system) android.display expire 4 lines
08-11 03:07:27.523  2089  4320 I chatty  : uid=1000(system) Binder:2089_11 expire 3 lines
08-11 03:07:27.538  2089  4402 I chatty  : uid=1000(system) Binder:2089_17 expire 7 lines
08-11 03:07:27.561  2089  2089 I chatty  : uid=1000 system_server expire 18 lines
08-11 03:07:28.177  2089  4296 I chatty  : uid=1000(system) Binder:2089_D expire 4 lines
08-11 03:07:28.296  2089  2460 I chatty  : uid=1000(system) Binder:2089_4 expire 3 lines
08-11 03:07:28.630  2089  4413 I chatty  : uid=1000(system) Binder:2089_1A expire 2 lines
08-11 03:07:28.910  2089  2967 I chatty  : uid=1000(system) Binder:2089_9 expire 1 line
08-11 03:07:28.910  2089  4936 I chatty  : uid=1000(system) Binder:2089_1B expire 1 line
08-11 03:07:28.910  2089  2110 I chatty  : uid=1000(system) Binder:2089_2 expire 3 lines
08-11 03:07:28.910  2089  2785 I chatty  : uid=1000(system) Binder:2089_5 expire 1 line
08-11 03:07:29.472  2089  3107 I chatty  : uid=1000(system) Binder:2089_B expire 1 line
08-11 03:07:30.124  2089  4412 I chatty  : uid=1000(system) Binder:2089_19 expire 1 line
08-11 03:07:30.489  2089  7147 I chatty  : uid=1000(system) Binder:2089_20 expire 4 lines
08-11 03:07:31.292  2089  4325 I chatty  : uid=1000(system) Binder:2089_14 expire 10 lines
08-11 03:07:38.259  2089  2129 I chatty  : uid=1000(system) android.anim expire 2 lines
08-11 03:07:40.283  2089  2208 I chatty  : uid=1000(system) ActivityManager expire 8 lines
08-11 03:07:41.150  2089  4297 I chatty  : uid=1000(system) Binder:2089_E expire 4 lines
08-11 03:07:41.586  2089  4413 I chatty  : uid=1000(system) Binder:2089_1A expire 2 lines
08-11 03:07:49.282  2089  4317 I chatty  : uid=1000(system) Binder:2089_10 expire 1 line
08-11 03:07:49.424  2089  2128 I chatty  : uid=1000(system) android.display expire 10 lines
08-11 03:07:49.917  2089  7147 I chatty  : uid=1000(system) Binder:2089_20 expire 2 lines
08-11 03:07:50.011  2089  4325 I chatty  : uid=1000(system) Binder:2089_14 expire 4 lines
08-11 03:07:50.015  2089  2662 I chatty  : uid=1000(system) ConnectivitySer expire 3 lines
08-11 03:07:50.016  2089  2110 I chatty  : uid=1000(system) Binder:2089_2 expire 4 lines
08-11 03:07:56.852  2089  2129 I chatty  : uid=1000(system) android.anim expire 10 lines
08-11 03:07:57.274  2089  2464 I chatty  : uid=1000(system) UEventObserver expire 21 lines
08-11 03:08:26.779  2089  4320 I chatty  : uid=1000(system) Binder:2089_11 expire 1 line
08-11 03:08:33.185  2089  4327 I chatty  : uid=1000(system) Binder:2089_16 expire 3 lines
08-11 03:08:33.187  2089  2210 I chatty  : uid=1000(system) ActivityManager expire 18 lines
08-11 03:08:33.643  2089  4402 I chatty  : uid=1000(system) Binder:2089_17 expire 3 lines
08-11 03:11:53.157  2089  2089 I chatty  : uid=1000 system_server expire 11 lines
08-11 03:15:00.468  2089  4403 I chatty  : uid=1000(system) Binder:2089_18 expire 2 lines
08-11 03:15:15.560  2089  2247 I chatty  : uid=1000(system) batterystats-wo expire 40 lines
08-11 03:17:25.555  2089  4412 I chatty  : uid=1000(system) Binder:2089_19 expire 1 line
08-11 03:17:30.630  2089  4322 I chatty  : uid=1000(system) Binder:2089_13 expire 1 line
08-11 03:17:41.287  2089  4307 I chatty  : uid=1000(system) Binder:2089_F expire 7 lines
08-11 03:17:42.766  2089  2128 I chatty  : uid=1000(system) android.display expire 13 lines
08-11 03:17:43.418  2089  4412 I chatty  : uid=1000(system) Binder:2089_19 expire 2 lines
08-11 03:17:44.184  2089  2089 I chatty  : uid=1000 system_server expire 36 lines
08-11 03:18:01.097  2089  2129 I chatty  : uid=1000(system) android.anim expire 13 lines
08-11 03:18:23.333  2089  2464 I chatty  : uid=1000(system) UEventObserver expire 16 lines
08-11 03:18:26.864  2089  2662 I chatty  : uid=1000(system) ConnectivitySer expire 13 lines
08-11 03:18:26.903  2089  4297 I chatty  : uid=1000(system) Binder:2089_E expire 3 lines
08-11 03:18:27.045  2089  4402 I chatty  : uid=1000(system) Binder:2089_17 expire 6 lines
08-11 03:18:27.820  2089  2207 I chatty  : uid=1000(system) android.bg expire 4 lines
08-11 03:18:38.942  2089  4327 I chatty  : uid=1000(system) Binder:2089_16 expire 2 lines
08-11 03:25:53.216  2089  2110 I chatty  : uid=1000(system) Binder:2089_2 expire 1 line
08-11 03:25:53.977  2089  4317 I chatty  : uid=1000(system) Binder:2089_10 expire 1 line
08-11 03:25:58.294  2089  2288 I chatty  : uid=1000(system) PackageManager expire 5 lines
08-11 03:25:59.656  2089  2208 I chatty  : uid=1000(system) ActivityManager expire 22 lines
08-11 03:25:59.756  2089  4413 I chatty  : uid=1000(system) Binder:2089_1A expire 1 line
08-11 03:25:59.863  2089  2210 I chatty  : uid=1000(system) ActivityManager expire 5 lines
08-11 03:25:59.973  2089  2126 I chatty  : uid=1000(system) android.ui expire 1 line
08-11 03:26:00.092  2089  4326 I chatty  : uid=1000(system) Binder:2089_15 expire 1 line
08-11 03:26:00.172  2089  2124 I chatty  : uid=1000(system) android.fg expire 4 lines
08-11 03:26:10.657  2089  7118 I chatty  : uid=1000(system) Binder:2089_1F expire 2 lines
08-11 03:26:15.013  2089  7147 I chatty  : uid=1000(system) Binder:2089_20 expire 4 lines
08-11 03:26:39.854  2089  2662 I chatty  : uid=1000(system) ConnectivitySer expire 11 lines
08-11 03:26:44.166  2089  2464 I chatty  : uid=1000(system) UEventObserver expire 2 lines
08-11 03:26:46.256  2089  2207 I chatty  : uid=1000(system) android.bg expire 1 line
08-11 03:26:46.995  2089  2275 I chatty  : uid=1000(system) PowerManagerSer expire 15 lines
08-11 03:26:50.025  2089  2129 I chatty  : uid=1000(system) android.anim expire 11 lines
08-11 03:26:54.030  2089  2089 I chatty  : uid=1000 system_server expire 18 lines
08-11 03:26:54.542  2089  2247 I chatty  : uid=1000(system) batterystats-wo expire 63 lines
08-11 03:26:54.572  2089  2128 I chatty  : uid=1000(system) android.display expire 12 lines
08-11 03:26:54.814  2089  2124 I chatty  : uid=1000(system) android.fg expire 4 lines
08-11 03:26:55.026  2089  4321 I chatty  : uid=1000(system) Binder:2089_12 expire 7 lines
08-11 03:26:55.027  2089  2210 I chatty  : uid=1000(system) ActivityManager expire 2 lines
08-11 03:26:55.375  2089  4295 I chatty  : uid=1000(system) Binder:2089_C expire 5 lines
08-11 03:26:56.973  2089  2110 I chatty  : uid=1000(system) Binder:2089_2 expire 2 lines
08-11 03:26:57.019  2089  2126 I chatty  : uid=1000(system) android.ui expire 2 lines
08-11 03:26:58.232  2746 18197 V FingerprintManager: onAuthenticationSucceeded
08-11 03:26:58.232  2746  2746 V FingerprintManager: handleMessage:successed
08-11 03:26:58.248  2089  3106 I chatty  : uid=1000(system) Binder:2089_A expire 3 lines
08-11 03:26:58.258  2089  2275 I chatty  : uid=1000(system) PowerManagerSer expire 2 lines
08-11 03:26:58.331  2089  4322 I chatty  : uid=1000(system) Binder:2089_13 expire 1 line
08-11 03:26:58.421  2089  2459 I chatty  : uid=1000(system) Binder:2089_3 expire 2 lines
08-11 03:27:01.804  2089  2208 I chatty  : uid=1000(system) ActivityManager expire 1 line
08-11 03:27:33.644  2089  3107 I chatty  : uid=1000(system) Binder:2089_B expire 2 lines
08-11 03:27:33.683  2089  2796 I chatty  : uid=1000(system) Binder:2089_7 expire 1 line
08-11 03:27:34.363  2089  2785 I chatty  : uid=1000(system) Binder:2089_5 expire 2 lines
08-11 03:27:37.947  2089  3107 I chatty  : uid=1000(system) Binder:2089_B expire 4 lines
08-11 03:27:37.975  2089  2128 I chatty  : uid=1000(system) android.display expire 14 lines
08-11 03:27:37.977  2089  2210 I chatty  : uid=1000(system) ActivityManager expire 4 lines
08-11 03:27:38.036  2089  4307 I chatty  : uid=1000(system) Binder:2089_F expire 2 lines
08-11 03:27:38.046  2089  2129 I chatty  : uid=1000(system) android.anim expire 14 lines
08-11 03:27:38.491  2089  4321 I chatty  : uid=1000(system) Binder:2089_12 expire 3 lines
08-11 03:27:46.775  2089  2464 I chatty  : uid=1000(system) UEventObserver expire 4 lines
08-11 03:27:55.394  2089  2662 I chatty  : uid=1000(system) ConnectivitySer expire 7 lines
08-11 03:28:13.163  2089  7147 I chatty  : uid=1000(system) Binder:2089_20 expire 8 lines
08-11 03:29:30.843  2089  2275 I chatty  : uid=1000(system) PowerManagerSer expire 19 lines
08-11 03:29:37.880  2089  2089 I chatty  : uid=1000 system_server expire 10 lines
08-11 03:29:38.434  2089  2247 I chatty  : uid=1000(system) batterystats-wo expire 55 lines
08-11 03:29:38.732  2089  2124 I chatty  : uid=1000(system) android.fg expire 4 lines
08-11 03:29:38.936  2089  2966 I chatty  : uid=1000(system) Binder:2089_8 expire 1 line
08-11 03:29:38.995  2089  4295 I chatty  : uid=1000(system) Binder:2089_C expire 4 lines
08-11 03:29:39.251  2089  4402 I chatty  : uid=1000(system) Binder:2089_17 expire 3 lines
08-11 03:29:39.363  2089  4320 I chatty  : uid=1000(system) Binder:2089_11 expire 2 lines
08-11 03:29:39.363  2089  2126 I chatty  : uid=1000(system) android.ui expire 5 lines
08-11 03:29:43.784  2089  2247 I chatty  : uid=1000(system) batterystats-wo expire 50 lines
08-11 03:29:43.886  2089  2662 I chatty  : uid=1000(system) ConnectivitySer expire 4 lines
08-11 03:29:51.796  2089  2464 I chatty  : uid=1000(system) UEventObserver expire 2 lines
08-11 03:29:55.328  2089  4296 I chatty  : uid=1000(system) Binder:2089_D expire 5 lines
08-11 03:29:55.359  2089  2275 I chatty  : uid=1000(system) PowerManagerSer expire 5 lines
08-11 03:29:55.368  2089  7147 I chatty  : uid=1000(system) Binder:2089_20 expire 1 line
08-11 03:29:55.437  2089  2128 I chatty  : uid=1000(system) android.display expire 9 lines
08-11 03:29:55.454  2089  2089 I chatty  : uid=1000 system_server expire 13 lines
08-11 03:29:55.838  2089  2549 I chatty  : uid=1000(system) InputReader expire 2 lines
08-11 03:29:55.855  2089  2124 I chatty  : uid=1000(system) android.fg expire 5 lines
08-11 03:29:55.858  2089  2966 I chatty  : uid=1000(system) Binder:2089_8 expire 18 lines
08-11 03:29:55.929  2089  4402 I chatty  : uid=1000(system) Binder:2089_17 expire 2 lines
08-11 03:29:56.040  2089  4320 I chatty  : uid=1000(system) Binder:2089_11 expire 2 lines
08-11 03:29:56.084  2089  4413 I chatty  : uid=1000(system) Binder:2089_1A expire 2 lines
08-11 03:29:57.313  2746 18197 V FingerprintManager: onAuthenticationSucceeded
08-11 03:29:57.314  2746  2746 V FingerprintManager: handleMessage:successed
08-11 03:29:57.364  2089  2129 I chatty  : uid=1000(system) android.anim expire 5 lines
08-11 03:29:57.437  2746  2746 V MotoFingerprintManager: showFodIndicator show:false by (com.android.systemui)
08-11 03:29:57.437  2089  2208 I chatty  : uid=1000(system) ActivityManager expire 7 lines
08-11 03:29:57.453  2089  2210 I chatty  : uid=1000(system) ActivityManager expire 2 lines
08-11 03:29:58.239  2089  2247 I chatty  : uid=1000(system) batterystats-wo expire 21 lines
08-11 03:30:11.283  2089  4327 I chatty  : uid=1000(system) Binder:2089_16 expire 1 line
08-11 03:30:28.011  2089  4295 I chatty  : uid=1000(system) Binder:2089_C expire 3 lines
08-11 03:30:28.669  2089  2966 I chatty  : uid=1000(system) Binder:2089_8 expire 24 lines
08-11 03:30:28.671  2089  4402 I chatty  : uid=1000(system) Binder:2089_17 expire 9 lines
08-11 03:30:28.707  2089  2128 I chatty  : uid=1000(system) android.display expire 3 lines
08-11 03:30:28.708  2089  2210 I chatty  : uid=1000(system) ActivityManager expire 31 lines
08-11 03:30:28.915  2089  2129 I chatty  : uid=1000(system) android.anim expire 7 lines
08-11 03:30:29.184  2089  4327 I chatty  : uid=1000(system) Binder:2089_16 expire 7 lines
08-11 03:30:29.351  2089  4296 I chatty  : uid=1000(system) Binder:2089_D expire 5 lines
08-11 03:30:29.448  2089  5430 I chatty  : uid=1000(system) Binder:2089_1D expire 6 lines
08-11 03:30:29.616  2089  7147 I chatty  : uid=1000(system) Binder:2089_20 expire 4 lines
08-11 03:30:29.617  2089  2662 I chatty  : uid=1000(system) ConnectivitySer expire 7 lines
08-11 03:30:31.874  2089  2089 I chatty  : uid=1000 system_server expire 4 lines
08-11 03:30:34.006  2089  4413 I chatty  : uid=1000(system) Binder:2089_1A expire 9 lines
08-11 03:30:36.750  2089  2247 I chatty  : uid=1000(system) batterystats-wo expire 40 lines
08-11 03:30:36.772  2089  2796 I chatty  : uid=1000(system) Binder:2089_7 expire 3 lines
08-11 03:30:36.827  2089  2126 I chatty  : uid=1000(system) android.ui expire 1 line
08-11 03:30:40.301  2089  4307 I chatty  : uid=1000(system) Binder:2089_F expire 11 lines
08-11 03:30:40.644  2089  2247 I chatty  : uid=1000(system) batterystats-wo expire 43 lines
08-11 03:30:40.737  2089  2210 I chatty  : uid=1000(system) ActivityManager expire 17 lines
08-11 03:30:42.083 18840 18840 D ActivityThread: Loading provider contacts;com.android.contacts: com.android.providers.contacts.ContactsProvider2
08-11 03:30:42.162  2089  4327 I chatty  : uid=1000(system) Binder:2089_16 expire 5 lines
08-11 03:30:42.437  2089  8830 I chatty  : uid=1000(system) AdbDebuggingMan expire 1 line
08-11 03:30:42.564  2089  4320 I chatty  : uid=1000(system) Binder:2089_11 expire 14 lines
08-11 03:30:42.566  2089  2662 I chatty  : uid=1000(system) ConnectivitySer expire 8 lines
08-11 03:30:43.161  2089  7147 I chatty  : uid=1000(system) Binder:2089_20 expire 7 lines
08-11 03:30:43.587  2089  2089 I chatty  : uid=1000 system_server expire 7 lines
08-11 03:30:43.830  2089  2129 I chatty  : uid=1000(system) android.anim expire 13 lines
08-11 03:30:43.952  2089  5430 I chatty  : uid=1000(system) Binder:2089_1D expire 2 lines
08-11 03:30:47.868  2089  2785 I chatty  : uid=1000(system) Binder:2089_5 expire 4 lines
08-11 03:30:48.307  2089  7118 I chatty  : uid=1000(system) Binder:2089_1F expire 2 lines
08-11 03:30:51.434  2089  2128 I chatty  : uid=1000(system) android.display expire 2 lines
08-11 03:30:51.460  2089  2966 I chatty  : uid=1000(system) Binder:2089_8 expire 4 lines
08-11 03:30:53.228  2089  2464 I chatty  : uid=1000(system) UEventObserver expire 3 lines
08-11 03:30:55.251  2089  2208 I chatty  : uid=1000(system) ActivityManager expire 5 lines
08-11 03:30:55.887  2089  2795 I chatty  : uid=1000(system) Binder:2089_6 expire 2 lines
08-11 03:30:56.459  2089  4321 I chatty  : uid=1000(system) Binder:2089_12 expire 1 line
08-11 03:30:56.589  2089  4322 I chatty  : uid=1000(system) Binder:2089_13 expire 3 lines
08-11 03:30:59.177  2089  4600 I chatty  : uid=1000(system) HwBinder:2089_5 expire 3 lines
08-11 03:31:04.679  2089  2459 I chatty  : uid=1000(system) Binder:2089_3 expire 3 lines
08-11 03:31:12.406  2089  4326 I chatty  : uid=1000(system) Binder:2089_15 expire 6 lines
08-11 03:31:12.716  2089  4296 I chatty  : uid=1000(system) Binder:2089_D expire 1 line
08-11 03:31:14.908  2089  4975 I chatty  : uid=1000(system) Binder:2089_1C expire 6 lines
08-11 03:31:16.356  2089  4413 I chatty  : uid=1000(system) Binder:2089_1A expire 1 line
08-11 03:31:27.787  2089  2210 I chatty  : uid=1000(system) ActivityManager expire 10 lines
08-11 03:31:28.260  2089  4322 I chatty  : uid=1000(system) Binder:2089_13 expire 9 lines
08-11 03:31:28.261  2089  2662 I chatty  : uid=1000(system) ConnectivitySer expire 12 lines
08-11 03:31:28.409  2089  5430 I chatty  : uid=1000(system) Binder:2089_1D expire 3 lines
08-11 03:31:28.489  2089  2459 I chatty  : uid=1000(system) Binder:2089_3 expire 5 lines
08-11 03:31:30.315  2089  3106 I chatty  : uid=1000(system) Binder:2089_A expire 2 lines
08-11 03:31:30.843  2089  2247 I chatty  : uid=1000(system) batterystats-wo expire 21 lines
08-11 03:31:30.894  2089  2129 I chatty  : uid=1000(system) android.anim expire 28 lines
08-11 03:31:37.930  2089  2089 I chatty  : uid=1000 system_server expire 14 lines
08-11 03:31:43.821  2089  4307 I chatty  : uid=1000(system) Binder:2089_F expire 1 line
08-11 03:31:53.990  2089  2208 I chatty  : uid=1000(system) ActivityManager expire 1 line
08-11 03:31:54.527  2089  4326 I chatty  : uid=1000(system) Binder:2089_15 expire 11 lines
08-11 03:31:54.602  2089  7147 I chatty  : uid=1000(system) Binder:2089_20 expire 1 line
08-11 03:31:54.603  2089  4327 I chatty  : uid=1000(system) Binder:2089_16 expire 1 line
08-11 03:31:54.609  2089  2128 I chatty  : uid=1000(system) android.display expire 8 lines
08-11 03:31:54.664  2089  4317 I chatty  : uid=1000(system) Binder:2089_10 expire 1 line
08-11 03:31:54.670  2089  2464 I chatty  : uid=1000(system) UEventObserver expire 4 lines
08-11 03:32:35.769  2089  4403 I chatty  : uid=1000(system) Binder:2089_18 expire 1 line
08-11 03:32:35.793  2089  2552 I chatty  : uid=1000(system) HwBinder:2089_3 expire 5 lines
08-11 03:32:38.258  2089  2109 I chatty  : uid=1000(system) Binder:2089_1 expire 8 lines
08-11 03:32:38.568  2089  2110 I chatty  : uid=1000(system) Binder:2089_2 expire 7 lines
08-11 03:32:38.781  2089  4975 I chatty  : uid=1000(system) Binder:2089_1C expire 1 line
08-11 03:33:14.509  2089  3107 I chatty  : uid=1000(system) Binder:2089_B expire 8 lines
08-11 03:33:30.191  2089  4297 I chatty  : uid=1000(system) Binder:2089_E expire 2 lines
08-11 03:33:30.306  2089  2129 I chatty  : uid=1000(system) android.anim expire 20 lines
08-11 03:33:31.454  2089  4322 I chatty  : uid=1000(system) Binder:2089_13 expire 8 lines
08-11 03:33:31.483  2089  2966 I chatty  : uid=1000(system) Binder:2089_8 expire 2 lines
08-11 03:33:32.045  2089  2110 I chatty  : uid=1000(system) Binder:2089_2 expire 9 lines
08-11 03:33:32.435  2089  2109 I chatty  : uid=1000(system) Binder:2089_1 expire 1 line
08-11 03:33:32.505  2089  4317 I chatty  : uid=1000(system) Binder:2089_10 expire 9 lines
08-11 03:33:34.627  2089  2552 I chatty  : uid=1000(system) HwBinder:2089_3 expire 1 line
08-11 03:33:39.464  2089  3107 I chatty  : uid=1000(system) Binder:2089_B expire 2 lines
08-11 03:33:39.496  2089  4600 I chatty  : uid=1000(system) HwBinder:2089_5 expire 3 lines
08-11 03:33:40.666  2089  4403 I chatty  : uid=1000(system) Binder:2089_18 expire 9 lines
08-11 03:33:42.777  2089  2662 I chatty  : uid=1000(system) ConnectivitySer expire 8 lines
08-11 03:33:57.547  2089  2464 I chatty  : uid=1000(system) UEventObserver expire 3 lines
08-11 03:34:00.443  2089  2128 I chatty  : uid=1000(system) android.display expire 12 lines
08-11 03:34:00.446  2089  2089 I chatty  : uid=1000 system_server expire 14 lines
08-11 03:34:49.833  2089  2275 I chatty  : uid=1000(system) PowerManagerSer expire 12 lines
08-11 03:34:57.406  2089  2247 I chatty  : uid=1000(system) batterystats-wo expire 32 lines
08-11 03:34:57.690  2089  2124 I chatty  : uid=1000(system) android.fg expire 1 line
08-11 03:34:57.858  2089  2210 I chatty  : uid=1000(system) ActivityManager expire 6 lines
08-11 03:34:58.089  2089  4936 I chatty  : uid=1000(system) Binder:2089_1B expire 3 lines
08-11 03:34:58.483  2089  4326 I chatty  : uid=1000(system) Binder:2089_15 expire 4 lines
08-11 03:35:00.256  2089  2247 I chatty  : uid=1000(system) batterystats-wo expire 59 lines
08-11 03:35:01.919  2089  2124 I chatty  : uid=1000(system) android.fg expire 8 lines
08-11 03:35:02.385  2089  2128 I chatty  : uid=1000(system) android.display expire 4 lines
08-11 03:35:03.786  2089  2464 I chatty  : uid=1000(system) UEventObserver expire 5 lines
08-11 03:35:22.939  2089  2207 I chatty  : uid=1000(system) android.bg expire 1 line
08-11 03:35:29.708  2089  2126 I chatty  : uid=1000(system) android.ui expire 5 lines
08-11 03:36:04.694  2089  4317 I chatty  : uid=1000(system) Binder:2089_10 expire 1 line
08-11 03:36:04.732  2089  2275 I chatty  : uid=1000(system) PowerManagerSer expire 7 lines
08-11 03:36:04.743  2089  2109 I chatty  : uid=1000(system) Binder:2089_1 expire 1 line
08-11 03:36:04.802  2089  2089 I chatty  : uid=1000 system_server expire 11 lines
08-11 03:36:04.924  2089  2662 I chatty  : uid=1000(system) ConnectivitySer expire 3 lines
08-11 03:36:05.145  2746 11961 V FingerprintManager: onAuthenticationSucceeded
08-11 03:36:05.176  2746  2746 V FingerprintManager: handleMessage:successed
08-11 03:36:05.186  2089  2966 I chatty  : uid=1000(system) Binder:2089_8 expire 2 lines
08-11 03:36:05.245  2089  4975 I chatty  : uid=1000(system) Binder:2089_1C expire 1 line
08-11 03:36:05.258  2089  4936 I chatty  : uid=1000(system) Binder:2089_1B expire 1 line
08-11 03:36:05.310  2089  2208 I chatty  : uid=1000(system) ActivityManager expire 8 lines
08-11 03:36:05.311  2746  2746 V MotoFingerprintManager: showFodIndicator show:false by (com.android.systemui)
08-11 03:36:05.330  2089  2210 I chatty  : uid=1000(system) ActivityManager expire 7 lines
08-11 03:36:05.375  2089  2129 I chatty  : uid=1000(system) android.anim expire 2 lines
08-11 03:36:05.470  2089  4321 I chatty  : uid=1000(system) Binder:2089_12 expire 1 line
08-11 03:36:05.646  2089  4600 I chatty  : uid=1000(system) HwBinder:2089_5 expire 1 line
08-11 03:36:05.700  2089  4295 I chatty  : uid=1000(system) Binder:2089_C expire 1 line
08-11 03:36:05.719  2089  2785 I chatty  : uid=1000(system) Binder:2089_5 expire 1 line
08-11 03:36:07.996  2089  2247 I chatty  : uid=1000(system) batterystats-wo expire 27 lines
08-11 03:36:10.591  2089  2208 I chatty  : uid=1000(system) ActivityManager expire 9 lines
08-11 03:36:10.592  2089  2210 I chatty  : uid=1000(system) ActivityManager expire 25 lines
08-11 03:36:12.574  2089  4295 I chatty  : uid=1000(system) Binder:2089_C expire 9 lines
08-11 03:36:12.701  2089  2109 I chatty  : uid=1000(system) Binder:2089_1 expire 6 lines
08-11 03:36:12.702  2089  7118 I chatty  : uid=1000(system) Binder:2089_1F expire 1 line
08-11 03:36:12.702  2089  4975 I chatty  : uid=1000(system) Binder:2089_1C expire 10 lines
08-11 03:36:12.702  2089  2662 I chatty  : uid=1000(system) ConnectivitySer expire 4 lines
08-11 03:36:14.646  2089  2128 I chatty  : uid=1000(system) android.display expire 17 lines
08-11 03:36:14.649  2089  2089 I chatty  : uid=1000 system_server expire 17 lines
08-11 03:36:28.553  2089  3107 I chatty  : uid=1000(system) Binder:2089_B expire 4 lines
08-11 03:36:42.018  2089  2129 I chatty  : uid=1000(system) android.anim expire 24 lines
08-11 03:36:56.117  2089  2464 I chatty  : uid=1000(system) UEventObserver expire 4 lines
08-11 03:37:01.189  2089  4936 I chatty  : uid=1000(system) Binder:2089_1B expire 1 line
08-11 03:37:05.233  2089  2552 I chatty  : uid=1000(system) HwBinder:2089_3 expire 1 line
08-11 03:37:05.621  2089  4326 I chatty  : uid=1000(system) Binder:2089_15 expire 3 lines
08-11 03:37:05.621  2089  4321 I chatty  : uid=1000(system) Binder:2089_12 expire 5 lines
08-11 03:37:05.621  2089  4403 I chatty  : uid=1000(system) Binder:2089_18 expire 1 line
08-11 03:37:05.624  2089  2785 I chatty  : uid=1000(system) Binder:2089_5 expire 4 lines
08-11 03:37:08.119  2089  4296 I chatty  : uid=1000(system) Binder:2089_D expire 3 lines
08-11 03:37:09.655  2089  4297 I chatty  : uid=1000(system) Binder:2089_E expire 9 lines
08-11 03:37:53.725  2089  4317 I chatty  : uid=1000(system) Binder:2089_10 expire 1 line
08-11 03:38:07.064  2089  7117 I chatty  : uid=1000(system) Binder:2089_1E expire 1 line
08-11 03:38:41.353  2089  4326 I chatty  : uid=1000(system) Binder:2089_15 expire 2 lines
08-11 03:38:42.359  2089  2208 I chatty  : uid=1000(system) ActivityManager expire 5 lines
08-11 03:38:42.362  2089  2210 I chatty  : uid=1000(system) ActivityManager expire 19 lines
08-11 03:38:46.284  2089  4317 I chatty  : uid=1000(system) Binder:2089_10 expire 6 lines
08-11 03:38:46.357  2089  2128 I chatty  : uid=1000(system) android.display expire 9 lines
08-11 03:38:48.499  2089  2109 I chatty  : uid=1000(system) Binder:2089_1 expire 1 line
08-11 03:39:01.320  2089  2464 I chatty  : uid=1000(system) UEventObserver expire 8 lines
08-11 03:39:31.740  2089  2275 I chatty  : uid=1000(system) PowerManagerSer expire 10 lines
08-11 03:39:59.501  2089  4975 I chatty  : uid=1000(system) Binder:2089_1C expire 4 lines
08-11 03:39:59.540  2089  4297 I chatty  : uid=1000(system) Binder:2089_E expire 5 lines
08-11 03:39:59.564  2089  2129 I chatty  : uid=1000(system) android.anim expire 11 lines
08-11 03:40:02.721  2089  2796 I chatty  : uid=1000(system) Binder:2089_7 expire 1 line
08-11 03:40:02.786  2089  3107 I chatty  : uid=1000(system) Binder:2089_B expire 7 lines
08-11 03:40:02.801  2089  4936 I chatty  : uid=1000(system) Binder:2089_1B expire 1 line
08-11 03:40:41.216  2089  2459 I chatty  : uid=1000(system) Binder:2089_3 expire 1 line
08-11 03:40:41.889  2089  4321 I chatty  : uid=1000(system) Binder:2089_12 expire 3 lines
08-11 03:40:44.380  2089  4325 I chatty  : uid=1000(system) Binder:2089_14 expire 3 lines
08-11 03:40:48.193  2089  2110 I chatty  : uid=1000(system) Binder:2089_2 expire 2 lines
08-11 03:40:48.348  2089  4295 I chatty  : uid=1000(system) Binder:2089_C expire 1 line
08-11 03:41:53.305  2089  4403 I chatty  : uid=1000(system) Binder:2089_18 expire 1 line
08-11 03:41:53.308  2089  7147 I chatty  : uid=1000(system) Binder:2089_20 expire 2 lines
08-11 03:41:53.308  2089  4402 I chatty  : uid=1000(system) Binder:2089_17 expire 2 lines
08-11 03:41:53.311  2089  2662 I chatty  : uid=1000(system) ConnectivitySer expire 8 lines
08-11 03:41:53.359  2089  2247 I chatty  : uid=1000(system) batterystats-wo expire 28 lines
08-11 03:41:59.363  2089  2515 I chatty  : uid=1000(system) AlarmManager expire 4 lines
08-11 03:41:59.467  2089  2089 I chatty  : uid=1000 system_server expire 6 lines
08-11 03:41:59.833  2089  3106 I chatty  : uid=1000(system) Binder:2089_A expire 2 lines
08-11 03:42:00.410  2089  2795 I chatty  : uid=1000(system) Binder:2089_6 expire 2 lines
08-11 03:42:35.381  2089  4327 I chatty  : uid=1000(system) Binder:2089_16 expire 1 line
08-11 03:42:35.381  2089  5430 I chatty  : uid=1000(system) Binder:2089_1D expire 1 line
08-11 03:42:35.381  2089  4413 I chatty  : uid=1000(system) Binder:2089_1A expire 1 line
08-11 03:42:37.638  2089  2275 I chatty  : uid=1000(system) PowerManagerSer expire 9 lines
08-11 03:42:37.649  2089  2247 I chatty  : uid=1000(system) batterystats-wo expire 54 lines
08-11 03:42:37.703  2089  2128 I chatty  : uid=1000(system) android.display expire 8 lines
08-11 03:42:37.718  2089  2089 I chatty  : uid=1000 system_server expire 11 lines
08-11 03:42:37.796  2089  2662 I chatty  : uid=1000(system) ConnectivitySer expire 3 lines
08-11 03:42:37.943  2089  2124 I chatty  : uid=1000(system) android.fg expire 7 lines
08-11 03:42:38.072  2089  2129 I chatty  : uid=1000(system) android.anim expire 6 lines
08-11 03:42:38.125  2089  5430 I chatty  : uid=1000(system) Binder:2089_1D expire 5 lines
08-11 03:42:38.233  2089  2796 I chatty  : uid=1000(system) Binder:2089_7 expire 1 line
08-11 03:42:38.452  2089  2459 I chatty  : uid=1000(system) Binder:2089_3 expire 3 lines
08-11 03:42:38.531  2089  4296 I chatty  : uid=1000(system) Binder:2089_D expire 2 lines
08-11 03:42:40.565  2089  2460 I chatty  : uid=1000(system) Binder:2089_4 expire 1 line
08-11 03:42:52.833  2746  3207 V FingerprintManager: onAuthenticationSucceeded
08-11 03:42:52.836  2746  2746 V FingerprintManager: handleMessage:successed
08-11 03:42:52.851  2089  2966 I chatty  : uid=1000(system) Binder:2089_8 expire 2 lines
08-11 03:42:52.916  2089  2247 I chatty  : uid=1000(system) batterystats-wo expire 27 lines
08-11 03:42:53.029  2089  2126 I chatty  : uid=1000(system) android.ui expire 2 lines
08-11 03:42:53.067  2089  4321 I chatty  : uid=1000(system) Binder:2089_12 expire 2 lines
08-11 03:42:53.145  2089  2208 I chatty  : uid=1000(system) ActivityManager expire 7 lines
08-11 03:42:53.178  2089  2464 I chatty  : uid=1000(system) UEventObserver expire 1 line
08-11 03:42:53.179  2746  2746 V MotoFingerprintManager: showFodIndicator show:false by (com.android.systemui)
08-11 03:42:53.316  2089  2089 I chatty  : uid=1000 system_server expire 2 lines
08-11 03:42:53.317  2089  4320 I chatty  : uid=1000(system) Binder:2089_11 expire 1 line
08-11 03:42:53.318  2089  2124 I chatty  : uid=1000(system) android.fg expire 3 lines
08-11 03:42:53.355  2089  2128 I chatty  : uid=1000(system) android.display expire 10 lines
08-11 03:42:53.360  2089  2089 I chatty  : uid=1000 system_server expire 10 lines
08-11 03:42:53.403  2089  5430 I chatty  : uid=1000(system) Binder:2089_1D expire 1 line
08-11 03:42:53.520  2089  2662 I chatty  : uid=1000(system) ConnectivitySer expire 6 lines
08-11 03:42:55.601  2089  2247 I chatty  : uid=1000(system) batterystats-wo expire 54 lines
08-11 03:42:56.847  2089  4321 I chatty  : uid=1000(system) Binder:2089_12 expire 1 line
08-11 03:42:56.900  2089  4936 I chatty  : uid=1000(system) Binder:2089_1B expire 1 line
08-11 03:42:56.920  2089  2208 I chatty  : uid=1000(system) ActivityManager expire 2 lines
08-11 03:42:56.940  2089  2796 I chatty  : uid=1000(system) Binder:2089_7 expire 5 lines
08-11 03:42:56.969  2089  2129 I chatty  : uid=1000(system) android.anim expire 12 lines
08-11 03:42:57.717  2089  4295 I chatty  : uid=1000(system) Binder:2089_C expire 2 lines
08-11 03:42:58.156  2089  2785 I chatty  : uid=1000(system) Binder:2089_5 expire 1 line
08-11 03:42:59.239  2089  4296 I chatty  : uid=1000(system) Binder:2089_D expire 5 lines
08-11 03:42:59.279  2089  2210 I chatty  : uid=1000(system) ActivityManager expire 4 lines
08-11 03:42:59.820  2089  2966 I chatty  : uid=1000(system) Binder:2089_8 expire 3 lines
08-11 03:43:11.744  2089  2464 I chatty  : uid=1000(system) UEventObserver expire 3 lines
08-11 03:43:39.979  2089  4297 I chatty  : uid=1000(system) Binder:2089_E expire 6 lines
08-11 03:44:33.618  2089  2275 I chatty  : uid=1000(system) PowerManagerSer expire 12 lines
08-11 03:44:41.659  2089  7118 I chatty  : uid=1000(system) Binder:2089_1F expire 2 lines
08-11 03:44:42.799  2089  4936 I chatty  : uid=1000(system) Binder:2089_1B expire 3 lines
08-11 03:44:44.157  2089  2247 I chatty  : uid=1000(system) batterystats-wo expire 81 lines
08-11 03:44:45.678  2089  2124 I chatty  : uid=1000(system) android.fg expire 8 lines
08-11 03:44:46.162  2089  2128 I chatty  : uid=1000(system) android.display expire 4 lines
08-11 03:44:59.234  2089  2464 I chatty  : uid=1000(system) UEventObserver expire 4 lines
08-11 03:45:05.633  2089  4297 I chatty  : uid=1000(system) Binder:2089_E expire 1 line
08-11 03:45:05.663  2089  2275 I chatty  : uid=1000(system) PowerManagerSer expire 7 lines
08-11 03:45:05.668  2089  2785 I chatty  : uid=1000(system) Binder:2089_5 expire 2 lines
08-11 03:45:05.668  2089  2126 I chatty  : uid=1000(system) android.ui expire 2 lines
08-11 03:45:05.732  2089  2089 I chatty  : uid=1000 system_server expire 10 lines
08-11 03:45:05.851  2089  2662 I chatty  : uid=1000(system) ConnectivitySer expire 3 lines
08-11 03:45:08.756  2746  2924 V FingerprintManager: onAuthenticationSucceeded
08-11 03:45:08.756  2746  2746 V FingerprintManager: handleMessage:successed
08-11 03:45:08.880  2089  2966 I chatty  : uid=1000(system) Binder:2089_8 expire 1 line
08-11 03:45:08.927  2089  2208 I chatty  : uid=1000(system) ActivityManager expire 7 lines
08-11 03:45:08.966  2746  2746 V MotoFingerprintManager: showFodIndicator show:false by (com.android.systemui)
08-11 03:45:08.986  2089  2129 I chatty  : uid=1000(system) android.anim expire 3 lines
08-11 03:45:09.086  2089  4307 I chatty  : uid=1000(system) Binder:2089_F expire 1 line
08-11 03:45:09.248  2089  4296 I chatty  : uid=1000(system) Binder:2089_D expire 1 line
08-11 03:45:09.265  2089  4403 I chatty  : uid=1000(system) Binder:2089_18 expire 1 line
08-11 03:45:11.541  2089  2247 I chatty  : uid=1000(system) batterystats-wo expire 27 lines
08-11 03:45:53.032  2089  2288 I chatty  : uid=1000(system) PackageManager expire 5 lines
08-11 03:45:54.155  2089  2208 I chatty  : uid=1000(system) ActivityManager expire 25 lines
08-11 03:45:54.394  2089  2089 I chatty  : uid=1000 system_server expire 15 lines
08-11 03:45:54.445  2089  2210 I chatty  : uid=1000(system) ActivityManager expire 14 lines
08-11 03:45:54.556  2089  2460 I chatty  : uid=1000(system) Binder:2089_4 expire 5 lines
08-11 03:45:54.601  2089  2124 I chatty  : uid=1000(system) android.fg expire 4 lines
08-11 03:45:54.769  2089  2128 I chatty  : uid=1000(system) android.display expire 6 lines
08-11 03:45:55.556  2089  4413 I chatty  : uid=1000(system) Binder:2089_1A expire 3 lines
08-11 03:45:55.605  2089  2129 I chatty  : uid=1000(system) android.anim expire 5 lines
08-11 03:45:55.746  2089  7118 I chatty  : uid=1000(system) Binder:2089_1F expire 3 lines
08-11 03:45:55.920  2089  2785 I chatty  : uid=1000(system) Binder:2089_5 expire 3 lines
08-11 03:45:56.135 22964 22964 D ActivityThread: Loading provider contacts;com.android.contacts: com.android.providers.contacts.ContactsProvider2
08-11 03:46:01.785  2089  2275 I chatty  : uid=1000(system) PowerManagerSer expire 2 lines
08-11 03:46:06.547  2089  2464 I chatty  : uid=1000(system) UEventObserver expire 3 lines
08-11 03:46:07.714  2089  2247 I chatty  : uid=1000(system) batterystats-wo expire 27 lines
08-11 03:46:10.944  2089  4936 I chatty  : uid=1000(system) Binder:2089_1B expire 1 line
08-11 03:46:15.323  2089  4317 I chatty  : uid=1000(system) Binder:2089_10 expire 2 lines
08-11 03:46:15.324  2089  2662 I chatty  : uid=1000(system) ConnectivitySer expire 9 lines
08-11 03:46:15.848  2089  2207 I chatty  : uid=1000(system) android.bg expire 2 lines
08-11 03:46:17.259  2089  4975 I chatty  : uid=1000(system) Binder:2089_1C expire 2 lines
08-11 03:46:17.510  2089  4936 I chatty  : uid=1000(system) Binder:2089_1B expire 5 lines
08-11 03:46:17.685  2089  2089 I chatty  : uid=1000 system_server expire 31 lines
08-11 03:46:17.797  2089  2129 I chatty  : uid=1000(system) android.anim expire 21 lines
08-11 03:46:17.936  2089  2128 I chatty  : uid=1000(system) android.display expire 12 lines
08-11 03:46:19.173  2089  4413 I chatty  : uid=1000(system) Binder:2089_1A expire 4 lines
08-11 03:46:20.194  2089  2552 I chatty  : uid=1000(system) HwBinder:2089_3 expire 3 lines
08-11 03:46:20.347  2089  2785 I chatty  : uid=1000(system) Binder:2089_5 expire 6 lines
08-11 03:46:20.348  2089  2210 I chatty  : uid=1000(system) ActivityManager expire 6 lines
08-11 03:46:26.292  2089  2662 I chatty  : uid=1000(system) ConnectivitySer expire 5 lines
08-11 03:46:28.406  2089  2460 I chatty  : uid=1000(system) Binder:2089_4 expire 5 lines
08-11 03:46:50.954  2089  2247 I chatty  : uid=1000(system) batterystats-wo expire 27 lines
08-11 03:47:03.470  2089  4321 I chatty  : uid=1000(system) Binder:2089_12 expire 2 lines
08-11 03:47:07.994  2089  2464 I chatty  : uid=1000(system) UEventObserver expire 9 lines
08-11 03:47:25.051  2089  8830 I chatty  : uid=1000(system) AdbDebuggingMan expire 1 line
08-11 03:47:43.788  2089  2796 I chatty  : uid=1000(system) Binder:2089_7 expire 2 lines
08-11 03:48:01.084  2089  7118 I chatty  : uid=1000(system) Binder:2089_1F expire 1 line
08-11 03:49:01.044  2089  4402 I chatty  : uid=1000(system) Binder:2089_17 expire 3 lines
08-11 03:49:01.784  2089  4320 I chatty  : uid=1000(system) Binder:2089_11 expire 4 lines
08-11 03:49:04.539  2089  4403 I chatty  : uid=1000(system) Binder:2089_18 expire 1 line
08-11 03:49:06.033  2089  4412 I chatty  : uid=1000(system) Binder:2089_19 expire 4 lines
08-11 03:50:20.515  2089  4600 I chatty  : uid=1000(system) HwBinder:2089_5 expire 1 line
08-11 03:50:41.351  2089  2109 I chatty  : uid=1000(system) Binder:2089_1 expire 6 lines
08-11 03:50:41.862  2089  2459 I chatty  : uid=1000(system) Binder:2089_3 expire 1 line
08-11 03:50:46.169  2089  4307 I chatty  : uid=1000(system) Binder:2089_F expire 1 line
08-11 03:51:20.683  2089  2464 I chatty  : uid=1000(system) UEventObserver expire 1 line
08-11 03:51:28.929  2089  2128 I chatty  : uid=1000(system) android.display expire 8 lines
08-11 03:51:28.932  2089  2089 I chatty  : uid=1000 system_server expire 16 lines
08-11 03:51:31.676  2089  2109 I chatty  : uid=1000(system) Binder:2089_1 expire 3 lines
08-11 03:51:31.676  2089  2460 I chatty  : uid=1000(system) Binder:2089_4 expire 3 lines
08-11 03:51:31.677  2089  2662 I chatty  : uid=1000(system) ConnectivitySer expire 5 lines
08-11 03:51:31.678  2089  5430 I chatty  : uid=1000(system) Binder:2089_1D expire 3 lines
08-11 03:51:41.028  2089  2795 I chatty  : uid=1000(system) Binder:2089_6 expire 6 lines
08-11 03:51:41.030  2089  2210 I chatty  : uid=1000(system) ActivityManager expire 4 lines
08-11 03:51:42.991  2089  2275 I chatty  : uid=1000(system) PowerManagerSer expire 12 lines
08-11 03:51:50.572  2089  2247 I chatty  : uid=1000(system) batterystats-wo expire 84 lines
08-11 03:51:50.862  2089  2124 I chatty  : uid=1000(system) android.fg expire 4 lines
08-11 03:51:50.977  2089  2129 I chatty  : uid=1000(system) android.anim expire 3 lines
08-11 03:51:51.078  2089  4322 I chatty  : uid=1000(system) Binder:2089_13 expire 2 lines
08-11 03:51:51.098  2089  2110 I chatty  : uid=1000(system) Binder:2089_2 expire 1 line
08-11 03:51:51.347  2089  4320 I chatty  : uid=1000(system) Binder:2089_11 expire 1 line
08-11 03:51:59.090  2746 11130 V FingerprintManager: onAuthenticationSucceeded
08-11 03:51:59.090  2746  2746 V FingerprintManager: handleMessage:successed
08-11 03:51:59.147  2089  2275 I chatty  : uid=1000(system) PowerManagerSer expire 2 lines
08-11 03:51:59.192  2089  2089 I chatty  : uid=1000 system_server expire 2 lines
08-11 03:51:59.350  2089  2126 I chatty  : uid=1000(system) android.ui expire 1 line
08-11 03:51:59.380  2089  4413 I chatty  : uid=1000(system) Binder:2089_1A expire 2 lines
08-11 03:51:59.411  2089  2208 I chatty  : uid=1000(system) ActivityManager expire 7 lines
08-11 03:51:59.436  2089  2967 I chatty  : uid=1000(system) Binder:2089_9 expire 1 line
08-11 03:51:59.442  2089  4412 I chatty  : uid=1000(system) Binder:2089_19 expire 7 lines
08-11 03:51:59.446  2089  2210 I chatty  : uid=1000(system) ActivityManager expire 8 lines
08-11 03:51:59.462  2746  2746 V MotoFingerprintManager: showFodIndicator show:false by (com.android.systemui)
08-11 03:51:59.477  2089  2124 I chatty  : uid=1000(system) android.fg expire 5 lines
08-11 03:51:59.487  2089  4403 I chatty  : uid=1000(system) Binder:2089_18 expire 13 lines
08-11 03:51:59.504  2089  2129 I chatty  : uid=1000(system) android.anim expire 12 lines
08-11 03:51:59.531  2089  2662 I chatty  : uid=1000(system) ConnectivitySer expire 32 lines
08-11 03:51:59.581  2089  2089 I chatty  : uid=1000 system_server expire 8 lines
08-11 03:51:59.624  2089  2128 I chatty  : uid=1000(system) android.display expire 4 lines
08-11 03:51:59.625  2089  2126 I chatty  : uid=1000(system) android.ui expire 1 line
08-11 03:51:59.639  2089  2275 I chatty  : uid=1000(system) PowerManagerSer expire 2 lines
08-11 03:51:59.641  2089  4325 I chatty  : uid=1000(system) Binder:2089_14 expire 6 lines
08-11 03:52:01.949  2089  2247 I chatty  : uid=1000(system) batterystats-wo expire 28 lines
08-11 03:52:09.599  2089  2460 I chatty  : uid=1000(system) Binder:2089_4 expire 2 lines
08-11 03:52:15.185  2089  2464 I chatty  : uid=1000(system) UEventObserver expire 11 lines
08-11 03:52:26.825  2089  7117 I chatty  : uid=1000(system) Binder:2089_1E expire 2 lines
08-11 03:52:28.473  2089  4320 I chatty  : uid=1000(system) Binder:2089_11 expire 4 lines
08-11 03:53:06.663  2089  2110 I chatty  : uid=1000(system) Binder:2089_2 expire 5 lines
08-11 03:54:26.620  2089  2208 I chatty  : uid=1000(system) ActivityManager expire 2 lines
08-11 03:54:26.825  2089  2459 I chatty  : uid=1000(system) Binder:2089_3 expire 2 lines
08-11 03:54:29.332  2089  4321 I chatty  : uid=1000(system) Binder:2089_12 expire 1 line
08-11 03:54:40.481  8548  8548 I ActivityThread: Removing dead content provider:android.content.ContentProviderProxy@ab73eb5
08-11 03:54:46.182  2089  2662 I chatty  : uid=1000(system) ConnectivitySer expire 23 lines
08-11 03:55:32.837  2089  2129 I chatty  : uid=1000(system) android.anim expire 1 line
08-11 03:56:33.746  2089  2247 I chatty  : uid=1000(system) batterystats-wo expire 76 lines
08-11 03:56:35.153  2089  2662 I chatty  : uid=1000(system) ConnectivitySer expire 97 lines
08-11 03:56:44.750  2089  2129 I chatty  : uid=1000(system) android.anim expire 2 lines
08-11 03:57:22.384  2089  2464 I chatty  : uid=1000(system) UEventObserver expire 15 lines
08-11 03:57:54.322  2089  2089 I chatty  : uid=1000 system_server expire 10 lines
08-11 03:57:54.323  2089  2210 I chatty  : uid=1000(system) ActivityManager expire 4 lines
08-11 03:58:45.049  2089  4321 I chatty  : uid=1000(system) Binder:2089_12 expire 2 lines
08-11 03:58:45.121  2089  7147 I chatty  : uid=1000(system) Binder:2089_20 expire 1 line
08-11 03:58:45.121  2089  4403 I chatty  : uid=1000(system) Binder:2089_18 expire 1 line
08-11 03:58:59.211  2089  2128 I chatty  : uid=1000(system) android.display expire 7 lines
08-11 04:02:00.814  2089  4320 I chatty  : uid=1000(system) Binder:2089_11 expire 1 line
08-11 04:02:36.939  2089  4322 I chatty  : uid=1000(system) Binder:2089_13 expire 1 line
08-11 04:02:54.456  2089  2110 I chatty  : uid=1000(system) Binder:2089_2 expire 2 lines
08-11 04:02:54.469  2089  2208 I chatty  : uid=1000(system) ActivityManager expire 4 lines
08-11 04:03:51.960  2089  2247 I chatty  : uid=1000(system) batterystats-wo expire 64 lines
08-11 04:03:59.822  2089  2460 I chatty  : uid=1000(system) Binder:2089_4 expire 2 lines
08-11 04:03:59.831  2089  5430 I chatty  : uid=1000(system) Binder:2089_1D expire 1 line
08-11 04:04:03.519  2089  2662 I chatty  : uid=1000(system) ConnectivitySer expire 51 lines
08-11 04:04:08.942  2089  2129 I chatty  : uid=1000(system) android.anim expire 7 lines
08-11 04:04:32.463  2089  2464 I chatty  : uid=1000(system) UEventObserver expire 6 lines
08-11 04:05:21.928  2089  4321 I chatty  : uid=1000(system) Binder:2089_12 expire 6 lines
08-11 04:07:28.429  2089  4325 I chatty  : uid=1000(system) Binder:2089_14 expire 1 line
08-11 04:07:29.475  2089  2126 I chatty  : uid=1000(system) android.ui expire 3 lines
08-11 04:07:29.480  2089  2089 I chatty  : uid=1000 system_server expire 25 lines
08-11 04:07:29.944  2089  2275 I chatty  : uid=1000(system) PowerManagerSer expire 8 lines
08-11 04:07:30.007  2089  2128 I chatty  : uid=1000(system) android.display expire 5 lines
08-11 04:07:30.251  2089  2124 I chatty  : uid=1000(system) android.fg expire 4 lines
08-11 04:07:30.597  2089  4320 I chatty  : uid=1000(system) Binder:2089_11 expire 3 lines
08-11 04:07:30.600  2089  2210 I chatty  : uid=1000(system) ActivityManager expire 26 lines
08-11 04:07:30.707  2089  7117 I chatty  : uid=1000(system) Binder:2089_1E expire 3 lines
08-11 04:07:30.898  2089  4326 I chatty  : uid=1000(system) Binder:2089_15 expire 2 lines
08-11 04:07:31.167  2089  7147 I chatty  : uid=1000(system) Binder:2089_20 expire 5 lines
08-11 04:07:34.404  2089  2210 I chatty  : uid=1000(system) ActivityManager expire 41 lines
08-11 04:07:34.655  2089  7117 I chatty  : uid=1000(system) Binder:2089_1E expire 10 lines
08-11 04:07:34.859  2089  2089 I chatty  : uid=1000 system_server expire 20 lines
08-11 04:07:34.968  2089  4326 I chatty  : uid=1000(system) Binder:2089_15 expire 1 line
08-11 04:07:34.982  2089  2128 I chatty  : uid=1000(system) android.display expire 1 line
08-11 04:07:35.935  2089  4320 I chatty  : uid=1000(system) Binder:2089_11 expire 1 line
08-11 04:07:35.938  2089  2662 I chatty  : uid=1000(system) ConnectivitySer expire 10 lines
08-11 04:07:36.228  2089  4321 I chatty  : uid=1000(system) Binder:2089_12 expire 4 lines
08-11 04:07:36.749  2089  3107 I chatty  : uid=1000(system) Binder:2089_B expire 2 lines
08-11 04:07:36.786  2089  2464 I chatty  : uid=1000(system) UEventObserver expire 3 lines
08-11 04:07:37.010  2089  2288 I chatty  : uid=1000(system) PackageManager expire 1 line
08-11 04:07:37.084  2089  4975 I chatty  : uid=1000(system) Binder:2089_1C expire 1 line
08-11 04:07:37.255  2089  2124 I chatty  : uid=1000(system) android.fg expire 2 lines
08-11 04:07:37.412  2089  4297 I chatty  : uid=1000(system) Binder:2089_E expire 2 lines
08-11 04:07:37.868  2089  2247 I chatty  : uid=1000(system) batterystats-wo expire 80 lines
08-11 04:07:38.029  2089  4402 I chatty  : uid=1000(system) Binder:2089_17 expire 2 lines
08-11 04:07:40.332  2089  2208 I chatty  : uid=1000(system) ActivityManager expire 2 lines
08-11 04:07:40.999  2089  4327 I chatty  : uid=1000(system) Binder:2089_16 expire 5 lines
08-11 04:07:47.056  2089  2207 I chatty  : uid=1000(system) android.bg expire 1 line
08-11 04:07:53.394  2089  2247 I chatty  : uid=1000(system) batterystats-wo expire 116 lines
08-11 04:07:57.868  2089  4297 I chatty  : uid=1000(system) Binder:2089_E expire 2 lines
08-11 04:07:59.010  2089  4321 I chatty  : uid=1000(system) Binder:2089_12 expire 3 lines
08-11 04:08:01.188  2089  4327 I chatty  : uid=1000(system) Binder:2089_16 expire 3 lines
08-11 04:08:02.424  2089  4295 I chatty  : uid=1000(system) Binder:2089_C expire 3 lines
08-11 04:08:02.426  2089  2662 I chatty  : uid=1000(system) ConnectivitySer expire 8 lines
08-11 04:08:02.427  2089  4322 I chatty  : uid=1000(system) Binder:2089_13 expire 1 line
08-11 04:08:02.908  2089  2464 I chatty  : uid=1000(system) UEventObserver expire 7 lines
08-11 04:08:23.785  2089  4936 I chatty  : uid=1000(system) Binder:2089_1B expire 3 lines
08-11 04:09:46.184  2089  4412 I chatty  : uid=1000(system) Binder:2089_19 expire 1 line
08-11 04:09:46.221  2089  2275 I chatty  : uid=1000(system) PowerManagerSer expire 11 lines
08-11 04:09:46.233  2089  2126 I chatty  : uid=1000(system) android.ui expire 4 lines
08-11 04:09:46.295  2089  2128 I chatty  : uid=1000(system) android.display expire 5 lines
08-11 04:09:46.302  2089  2089 I chatty  : uid=1000 system_server expire 3 lines
08-11 04:09:46.468  2089  2785 I chatty  : uid=1000(system) Binder:2089_5 expire 3 lines
08-11 04:09:46.470  2089  2210 I chatty  : uid=1000(system) ActivityManager expire 9 lines
08-11 04:09:46.745  2089  2208 I chatty  : uid=1000(system) ActivityManager expire 2 lines
08-11 04:09:46.872  2089  2129 I chatty  : uid=1000(system) android.anim expire 1 line
08-11 04:10:04.105  2089  2275 I chatty  : uid=1000(system) PowerManagerSer expire 13 lines
08-11 04:10:04.119  2089  2785 I chatty  : uid=1000(system) Binder:2089_5 expire 1 line
08-11 04:10:04.139  2089  2128 I chatty  : uid=1000(system) android.display expire 4 lines
08-11 04:10:04.143  2089  2089 I chatty  : uid=1000 system_server expire 7 lines
08-11 04:10:04.165  2089  2247 I chatty  : uid=1000(system) batterystats-wo expire 124 lines
08-11 04:10:04.241  2089  2109 I chatty  : uid=1000(system) Binder:2089_1 expire 2 lines
08-11 04:10:04.247  2089  2795 I chatty  : uid=1000(system) Binder:2089_6 expire 3 lines
08-11 04:10:04.252  2089  4327 I chatty  : uid=1000(system) Binder:2089_16 expire 1 line
08-11 04:10:04.271  2089  2662 I chatty  : uid=1000(system) ConnectivitySer expire 10 lines
08-11 04:10:15.261  2089  2464 I chatty  : uid=1000(system) UEventObserver expire 3 lines
08-11 04:10:25.069  2089  2208 I chatty  : uid=1000(system) ActivityManager expire 2 lines
08-11 04:10:25.071  2089  2210 I chatty  : uid=1000(system) ActivityManager expire 6 lines
